[09:29:12][RunControl][INFO] 等待反馈稳定 2s...
[09:29:16][RunControl][INFO] 已将当前末端姿态锁定为夹爪向下姿态: rx=-177.93, ry=0.48, rz=-149.46
[09:29:16][MPC][INFO] MPC初始化: horizon=8, dt=0.03s, dim=3
[09:29:16][RunControl][INFO] 在线PINN后台更新: 关闭
[09:29:16][RunControl][INFO] control参考轨迹来源: 真实CSV path=bone_return_3.csv, mode=point, point=RWrist, joints=('RShoulder', 'RElbow', 'RWrist'), points=1500
[09:29:16][RunControl][INFO] control参考轨迹重复次数: 1
[09:29:16][RunControl][INFO] === 控制循环启动 ===
[09:29:16][RunControl][INFO] [Step    0] pos=(112.1,-669.9,191.1)mm  mpc_target=(112.1,-669.9,191.2)mm  err=0.1mm  ref_lag=1.6mm  repeat=1/1  ref_idx=0  v_cmd=2.5mm/s  |u|=165.9mm/s²  F=0.4N  comfort_raw=1.000  comfort_ctrl=1.000  motion=1.000  step_lim=2.0mm  pinn_ready=False pinn_busy=False
[09:29:17][RunControl][INFO] [Step   50] pos=(112.1,-669.9,191.1)mm  mpc_target=(112.5,-670.1,193.1)mm  err=2.0mm  ref_lag=60.8mm  repeat=1/1  ref_idx=11  v_cmd=66.7mm/s  |u|=709.3mm/s²  F=0.2N  comfort_raw=1.000  comfort_ctrl=1.000  motion=1.000  step_lim=2.0mm  pinn_ready=False pinn_busy=False
[09:29:19][RunControl][INFO] [Step  100] pos=(114.8,-670.4,219.2)mm  mpc_target=(115.1,-670.1,221.2)mm  err=2.0mm  ref_lag=56.5mm  repeat=1/1  ref_idx=14  v_cmd=66.7mm/s  |u|=708.7mm/s²  F=0.3N  comfort_raw=1.000  comfort_ctrl=1.000  motion=1.000  step_lim=2.0mm  pinn_ready=False pinn_busy=False
[09:29:20][RunControl][INFO] [Step  150] pos=(116.2,-668.4,228.1)mm  mpc_target=(116.4,-668.0,230.0)mm  err=2.0mm  ref_lag=63.2mm  repeat=1/1  ref_idx=16  v_cmd=66.7mm/s  |u|=711.1mm/s²  F=0.2N  comfort_raw=1.000  comfort_ctrl=1.000  motion=1.000  step_lim=2.0mm  pinn_ready=False pinn_busy=False
[09:29:22][RunControl][INFO] [Step  200] pos=(117.1,-665.6,241.6)mm  mpc_target=(117.3,-665.0,243.5)mm  err=2.0mm  ref_lag=57.3mm  repeat=1/1  ref_idx=17  v_cmd=66.7mm/s  |u|=715.2mm/s²  F=0.3N  comfort_raw=1.000  comfort_ctrl=1.000  motion=1.000  step_lim=2.0mm  pinn_ready=False pinn_busy=False
[09:29:23][RunControl][INFO] [Step  250] pos=(117.8,-661.9,254.8)mm  mpc_target=(117.9,-661.2,256.6)mm  err=2.0mm  ref_lag=58.4mm  repeat=1/1  ref_idx=19  v_cmd=66.7mm/s  |u|=721.3mm/s²  F=0.1N  comfort_raw=1.000  comfort_ctrl=1.000  motion=1.000  step_lim=2.0mm  pinn_ready=False pinn_busy=False
[09:29:25][RunControl][INFO] [Step  300] pos=(118.1,-657.5,267.9)mm  mpc_target=(118.2,-656.7,269.7)mm  err=2.0mm  ref_lag=59.2mm  repeat=1/1  ref_idx=21  v_cmd=66.7mm/s  |u|=734.1mm/s²  F=0.1N  comfort_raw=1.000  comfort_ctrl=1.000  motion=1.000  step_lim=2.0mm  pinn_ready=False pinn_busy=False
[09:29:26][RunControl][INFO] [Step  350] pos=(118.2,-652.4,280.6)mm  mpc_target=(118.2,-651.5,282.4)mm  err=2.0mm  ref_lag=59.0mm  repeat=1/1  ref_idx=23  v_cmd=66.7mm/s  |u|=749.7mm/s²  F=0.1N  comfort_raw=1.000  comfort_ctrl=1.000  motion=1.000  step_lim=2.0mm  pinn_ready=False pinn_busy=False
[09:29:28][RunControl][INFO] [Step  400] pos=(118.1,-646.6,293.1)mm  mpc_target=(118.0,-645.6,294.8)mm  err=2.0mm  ref_lag=58.0mm  repeat=1/1  ref_idx=25  v_cmd=66.7mm/s  |u|=769.6mm/s²  F=0.3N  comfort_raw=1.000  comfort_ctrl=1.000  motion=1.000  step_lim=2.0mm  pinn_ready=False pinn_busy=False
[09:29:29][RunControl][INFO] [Step  450] pos=(117.8,-639.5,305.1)mm  mpc_target=(117.6,-638.3,306.8)mm  err=2.0mm  ref_lag=56.8mm  repeat=1/1  ref_idx=27  v_cmd=66.7mm/s  |u|=788.4mm/s²  F=0.7N  comfort_raw=1.000  comfort_ctrl=1.000  motion=1.000  step_lim=2.0mm  pinn_ready=False pinn_busy=False
[09:29:31][RunControl][INFO] [Step  500] pos=(117.1,-630.6,316.6)mm  mpc_target=(116.8,-629.2,318.1)mm  err=2.0mm  ref_lag=60.6mm  repeat=1/1  ref_idx=30  v_cmd=66.7mm/s  |u|=802.6mm/s²  F=0.1N  comfort_raw=1.000  comfort_ctrl=1.000  motion=1.000  step_lim=2.0mm  pinn_ready=False pinn_busy=False
[09:29:32][RunControl][INFO] [Step  550] pos=(115.7,-620.2,326.9)mm  mpc_target=(115.3,-618.8,328.2)mm  err=2.0mm  ref_lag=57.5mm  repeat=1/1  ref_idx=32  v_cmd=66.7mm/s  |u|=726.7mm/s²  F=0.4N  comfort_raw=1.000  comfort_ctrl=1.000  motion=1.000  step_lim=2.0mm  pinn_ready=False pinn_busy=False
[09:29:34][RunControl][INFO] [Step  600] pos=(114.0,-609.0,335.4)mm  mpc_target=(113.6,-607.3,336.4)mm  err=2.0mm  ref_lag=59.9mm  repeat=1/1  ref_idx=35  v_cmd=66.7mm/s  |u|=625.7mm/s²  F=0.6N  comfort_raw=1.000  comfort_ctrl=1.000  motion=1.000  step_lim=2.0mm  pinn_ready=False pinn_busy=False
[09:29:35][RunControl][INFO] [Step  650] pos=(111.9,-597.1,341.7)mm  mpc_target=(111.4,-595.3,342.6)mm  err=2.0mm  ref_lag=56.6mm  repeat=1/1  ref_idx=37  v_cmd=66.7mm/s  |u|=596.6mm/s²  F=0.3N  comfort_raw=1.000  comfort_ctrl=1.000  motion=1.000  step_lim=2.0mm  pinn_ready=False pinn_busy=False
[09:29:37][RunControl][INFO] [Step  700] pos=(109.6,-584.6,346.5)mm  mpc_target=(109.1,-582.8,347.1)mm  err=2.0mm  ref_lag=58.1mm  repeat=1/1  ref_idx=40  v_cmd=66.7mm/s  |u|=654.9mm/s²  F=0.2N  comfort_raw=1.000  comfort_ctrl=1.000  motion=1.000  step_lim=2.0mm  pinn_ready=False pinn_busy=False
[09:29:38][RunControl][INFO] [Step  750] pos=(107.4,-571.6,349.6)mm  mpc_target=(106.9,-569.7,350.0)mm  err=2.0mm  ref_lag=59.1mm  repeat=1/1  ref_idx=43  v_cmd=66.7mm/s  |u|=756.7mm/s²  F=0.3N  comfort_raw=1.000  comfort_ctrl=1.000  motion=1.000  step_lim=2.0mm  pinn_ready=False pinn_busy=False
[09:29:40][RunControl][INFO] [Step  800] pos=(105.1,-558.3,351.3)mm  mpc_target=(104.6,-556.4,351.5)mm  err=2.0mm  ref_lag=55.4mm  repeat=1/1  ref_idx=45  v_cmd=66.7mm/s  |u|=739.9mm/s²  F=0.3N  comfort_raw=1.000  comfort_ctrl=1.000  motion=1.000  step_lim=2.0mm  pinn_ready=False pinn_busy=False
[09:29:41][RunControl][INFO] [Step  850] pos=(102.9,-544.8,351.5)mm  mpc_target=(102.4,-542.9,351.3)mm  err=2.0mm  ref_lag=56.3mm  repeat=1/1  ref_idx=48  v_cmd=66.7mm/s  |u|=715.7mm/s²  F=0.4N  comfort_raw=1.000  comfort_ctrl=1.000  motion=1.000  step_lim=2.0mm  pinn_ready=False pinn_busy=False
[09:29:43][RunControl][INFO] [Step  900] pos=(100.6,-532.2,348.6)mm  mpc_target=(100.2,-530.7,347.4)mm  err=2.0mm  ref_lag=54.9mm  repeat=1/1  ref_idx=56  v_cmd=66.7mm/s  |u|=617.6mm/s²  F=0.2N  comfort_raw=1.000  comfort_ctrl=1.000  motion=1.000  step_lim=2.0mm  pinn_ready=False pinn_busy=False
[09:29:44][RunControl][INFO] [Step  950] pos=(99.1,-522.4,338.7)mm  mpc_target=(98.9,-521.2,337.1)mm  err=2.0mm  ref_lag=56.1mm  repeat=1/1  ref_idx=62  v_cmd=66.7mm/s  |u|=593.0mm/s²  F=0.3N  comfort_raw=1.000  comfort_ctrl=1.000  motion=1.000  step_lim=2.0mm  pinn_ready=False pinn_busy=False
[09:29:46][RunControl][INFO] [Step 1000] pos=(98.7,-515.8,327.0)mm  mpc_target=(98.8,-514.9,325.2)mm  err=2.0mm  ref_lag=55.1mm  repeat=1/1  ref_idx=68  v_cmd=66.7mm/s  |u|=542.5mm/s²  F=0.5N  comfort_raw=1.000  comfort_ctrl=1.000  motion=1.000  step_lim=2.0mm  pinn_ready=False pinn_busy=False
[09:29:48][RunControl][INFO] [Step 1050] pos=(99.1,-510.3,314.8)mm  mpc_target=(99.0,-509.2,313.1)mm  err=2.0mm  ref_lag=35.4mm  repeat=1/1  ref_idx=80  v_cmd=66.7mm/s  |u|=554.7mm/s²  F=0.3N  comfort_raw=1.000  comfort_ctrl=1.000  motion=1.000  step_lim=2.0mm  pinn_ready=False pinn_busy=False
[09:29:49][RunControl][INFO] [Step 1100] pos=(98.9,-511.9,321.0)mm  mpc_target=(99.1,-513.3,322.4)mm  err=2.0mm  ref_lag=57.2mm  repeat=1/1  ref_idx=97  v_cmd=66.7mm/s  |u|=573.2mm/s²  F=0.1N  comfort_raw=1.000  comfort_ctrl=1.000  motion=1.000  step_lim=2.0mm  pinn_ready=False pinn_busy=False
[09:29:51][RunControl][INFO] [Step 1150] pos=(100.2,-522.5,329.9)mm  mpc_target=(100.5,-524.1,331.0)mm  err=2.0mm  ref_lag=57.2mm  repeat=1/1  ref_idx=100  v_cmd=66.7mm/s  |u|=656.0mm/s²  F=0.4N  comfort_raw=1.000  comfort_ctrl=1.000  motion=1.000  step_lim=2.0mm  pinn_ready=False pinn_busy=False
[09:29:52][RunControl][INFO] [Step 1200] pos=(101.8,-534.4,335.5)mm  mpc_target=(102.1,-536.3,336.3)mm  err=2.0mm  ref_lag=57.0mm  repeat=1/1  ref_idx=103  v_cmd=66.7mm/s  |u|=742.4mm/s²  F=0.1N  comfort_raw=1.000  comfort_ctrl=1.000  motion=1.000  step_lim=2.0mm  pinn_ready=False pinn_busy=False
[09:29:54][RunControl][INFO] [Step 1250] pos=(103.7,-547.7,338.4)mm  mpc_target=(104.0,-549.7,338.7)mm  err=2.0mm  ref_lag=57.7mm  repeat=1/1  ref_idx=106  v_cmd=66.7mm/s  |u|=736.0mm/s²  F=0.1N  comfort_raw=1.000  comfort_ctrl=1.000  motion=1.000  step_lim=2.0mm  pinn_ready=False pinn_busy=False
[09:29:55][RunControl][INFO] [Step 1300] pos=(105.5,-561.4,339.1)mm  mpc_target=(105.8,-563.4,339.0)mm  err=2.0mm  ref_lag=55.8mm  repeat=1/1  ref_idx=108  v_cmd=66.7mm/s  |u|=735.1mm/s²  F=1.0N  comfort_raw=1.000  comfort_ctrl=1.000  motion=1.000  step_lim=2.0mm  pinn_ready=False pinn_busy=False
[09:29:57][RunControl][INFO] [Step 1350] pos=(107.1,-575.1,338.0)mm  mpc_target=(107.4,-577.0,337.4)mm  err=2.0mm  ref_lag=61.9mm  repeat=1/1  ref_idx=111  v_cmd=66.7mm/s  |u|=735.1mm/s²  F=0.2N  comfort_raw=1.000  comfort_ctrl=1.000  motion=1.000  step_lim=2.0mm  pinn_ready=False pinn_busy=False
[09:29:58][RunControl][INFO] [Step 1400] pos=(108.7,-588.3,335.0)mm  mpc_target=(108.9,-590.1,334.2)mm  err=2.0mm  ref_lag=61.4mm  repeat=1/1  ref_idx=113  v_cmd=66.7mm/s  |u|=735.1mm/s²  F=0.7N  comfort_raw=1.000  comfort_ctrl=1.000  motion=1.000  step_lim=2.0mm  pinn_ready=False pinn_busy=False
[09:30:00][RunControl][INFO] [Step 1450] pos=(110.1,-600.6,330.0)mm  mpc_target=(110.3,-602.2,328.9)mm  err=2.0mm  ref_lag=62.9mm  repeat=1/1  ref_idx=115  v_cmd=66.7mm/s  |u|=734.5mm/s²  F=0.6N  comfort_raw=1.000  comfort_ctrl=1.000  motion=1.000  step_lim=2.0mm  pinn_ready=False pinn_busy=False
[09:30:01][RunControl][INFO] [Step 1500] pos=(111.5,-611.9,322.7)mm  mpc_target=(111.7,-613.5,321.5)mm  err=2.0mm  ref_lag=57.3mm  repeat=1/1  ref_idx=116  v_cmd=66.7mm/s  |u|=729.2mm/s²  F=0.3N  comfort_raw=1.000  comfort_ctrl=1.000  motion=1.000  step_lim=2.0mm  pinn_ready=False pinn_busy=False
[09:30:03][RunControl][INFO] [Step 1550] pos=(112.8,-622.6,313.8)mm  mpc_target=(113.0,-624.0,312.4)mm  err=2.0mm  ref_lag=59.2mm  repeat=1/1  ref_idx=118  v_cmd=66.7mm/s  |u|=722.1mm/s²  F=0.3N  comfort_raw=1.000  comfort_ctrl=1.000  motion=1.000  step_lim=2.0mm  pinn_ready=False pinn_busy=False
[09:30:04][RunControl][INFO] [Step 1600] pos=(114.1,-632.1,303.8)mm  mpc_target=(114.3,-633.5,302.4)mm  err=2.0mm  ref_lag=61.3mm  repeat=1/1  ref_idx=120  v_cmd=66.7mm/s  |u|=715.6mm/s²  F=0.5N  comfort_raw=1.000  comfort_ctrl=1.000  motion=1.000  step_lim=2.0mm  pinn_ready=False pinn_busy=False
[09:30:06][RunControl][INFO] [Step 1650] pos=(115.4,-640.9,293.2)mm  mpc_target=(115.6,-642.2,291.7)mm  err=2.0mm  ref_lag=55.4mm  repeat=1/1  ref_idx=121  v_cmd=66.7mm/s  |u|=712.1mm/s²  F=0.6N  comfort_raw=1.000  comfort_ctrl=1.000  motion=1.000  step_lim=2.0mm  pinn_ready=False pinn_busy=False
[09:30:07][RunControl][INFO] [Step 1700] pos=(116.5,-649.0,282.2)mm  mpc_target=(116.7,-650.3,280.6)mm  err=2.0mm  ref_lag=57.8mm  repeat=1/1  ref_idx=123  v_cmd=66.7mm/s  |u|=642.1mm/s²  F=0.1N  comfort_raw=1.000  comfort_ctrl=1.000  motion=1.000  step_lim=2.0mm  pinn_ready=False pinn_busy=False
[09:30:09][RunControl][INFO] [Step 1750] pos=(117.5,-656.6,270.8)mm  mpc_target=(117.6,-657.7,269.1)mm  err=2.0mm  ref_lag=58.1mm  repeat=1/1  ref_idx=125  v_cmd=66.7mm/s  |u|=515.0mm/s²  F=0.3N  comfort_raw=1.000  comfort_ctrl=1.000  motion=1.000  step_lim=2.0mm  pinn_ready=False pinn_busy=False
[09:30:10][RunControl][INFO] [Step 1800] pos=(118.3,-662.9,258.7)mm  mpc_target=(118.4,-663.9,256.9)mm  err=2.0mm  ref_lag=57.8mm  repeat=1/1  ref_idx=128  v_cmd=66.7mm/s  |u|=508.6mm/s²  F=0.3N  comfort_raw=1.000  comfort_ctrl=1.000  motion=1.000  step_lim=2.0mm  pinn_ready=False pinn_busy=False
[09:30:12][RunControl][INFO] [Step 1850] pos=(118.9,-667.2,245.9)mm  mpc_target=(119.0,-667.9,244.0)mm  err=2.0mm  ref_lag=55.8mm  repeat=1/1  ref_idx=132  v_cmd=66.7mm/s  |u|=512.5mm/s²  F=0.2N  comfort_raw=1.000  comfort_ctrl=1.000  motion=1.000  step_lim=2.0mm  pinn_ready=False pinn_busy=False
[09:30:13][RunControl][INFO] [Step 1900] pos=(119.2,-669.3,232.6)mm  mpc_target=(119.2,-669.6,230.6)mm  err=2.0mm  ref_lag=49.1mm  repeat=1/1  ref_idx=140  v_cmd=66.7mm/s  |u|=329.8mm/s²  F=0.3N  comfort_raw=1.000  comfort_ctrl=1.000  motion=1.000  step_lim=2.0mm  pinn_ready=False pinn_busy=False
[09:30:15][RunControl][INFO] [Step 1950] pos=(119.9,-671.3,232.4)mm  mpc_target=(120.0,-670.9,234.3)mm  err=2.0mm  ref_lag=55.7mm  repeat=1/1  ref_idx=160  v_cmd=66.7mm/s  |u|=747.3mm/s²  F=0.1N  comfort_raw=1.000  comfort_ctrl=1.000  motion=1.000  step_lim=2.0mm  pinn_ready=False pinn_busy=False
[09:30:16][RunControl][INFO] [Step 2000] pos=(120.1,-668.3,245.8)mm  mpc_target=(120.0,-667.6,247.7)mm  err=2.0mm  ref_lag=59.1mm  repeat=1/1  ref_idx=162  v_cmd=66.7mm/s  |u|=770.9mm/s²  F=0.3N  comfort_raw=1.000  comfort_ctrl=1.000  motion=1.000  step_lim=2.0mm  pinn_ready=False pinn_busy=False
[09:30:18][RunControl][INFO] [Step 2050] pos=(120.1,-664.0,258.9)mm  mpc_target=(120.0,-663.1,260.7)mm  err=2.0mm  ref_lag=64.3mm  repeat=1/1  ref_idx=164  v_cmd=66.7mm/s  |u|=787.6mm/s²  F=0.1N  comfort_raw=1.000  comfort_ctrl=1.000  motion=1.000  step_lim=2.0mm  pinn_ready=False pinn_busy=False
[09:30:19][RunControl][INFO] [Step 2100] pos=(119.8,-658.3,271.6)mm  mpc_target=(119.7,-657.2,273.3)mm  err=2.0mm  ref_lag=60.0mm  repeat=1/1  ref_idx=165  v_cmd=66.7mm/s  |u|=799.5mm/s²  F=0.4N  comfort_raw=1.000  comfort_ctrl=1.000  motion=1.000  step_lim=2.0mm  pinn_ready=False pinn_busy=False
[09:30:21][RunControl][INFO] [Step 2150] pos=(119.5,-651.5,283.8)mm  mpc_target=(119.3,-650.4,285.5)mm  err=2.0mm  ref_lag=55.3mm  repeat=1/1  ref_idx=166  v_cmd=66.7mm/s  |u|=805.1mm/s²  F=0.2N  comfort_raw=1.000  comfort_ctrl=1.000  motion=1.000  step_lim=2.0mm  pinn_ready=False pinn_busy=False
[09:30:22][RunControl][INFO] [Step 2200] pos=(118.6,-643.3,295.6)mm  mpc_target=(118.4,-642.1,297.2)mm  err=2.0mm  ref_lag=59.6mm  repeat=1/1  ref_idx=168  v_cmd=66.7mm/s  |u|=810.0mm/s²  F=0.2N  comfort_raw=1.000  comfort_ctrl=1.000  motion=1.000  step_lim=2.0mm  pinn_ready=False pinn_busy=False
[09:30:24][RunControl][INFO] [Step 2250] pos=(117.4,-634.0,307.0)mm  mpc_target=(117.1,-632.7,308.4)mm  err=2.0mm  ref_lag=61.8mm  repeat=1/1  ref_idx=170  v_cmd=66.7mm/s  |u|=811.9mm/s²  F=0.1N  comfort_raw=1.000  comfort_ctrl=1.000  motion=1.000  step_lim=2.0mm  pinn_ready=False pinn_busy=False
[09:30:25][RunControl][INFO] [Step 2300] pos=(115.8,-624.0,317.8)mm  mpc_target=(115.5,-622.6,319.2)mm  err=2.0mm  ref_lag=61.0mm  repeat=1/1  ref_idx=172  v_cmd=66.7mm/s  |u|=802.5mm/s²  F=0.8N  comfort_raw=1.000  comfort_ctrl=1.000  motion=1.000  step_lim=2.0mm  pinn_ready=False pinn_busy=False
[09:30:27][RunControl][INFO] [Step 2350] pos=(114.0,-613.4,327.7)mm  mpc_target=(113.5,-611.9,329.0)mm  err=2.0mm  ref_lag=58.7mm  repeat=1/1  ref_idx=174  v_cmd=66.7mm/s  |u|=664.4mm/s²  F=0.3N  comfort_raw=1.000  comfort_ctrl=1.000  motion=1.000  step_lim=2.0mm  pinn_ready=False pinn_busy=False
[09:30:28][RunControl][INFO] [Step 2400] pos=(111.8,-602.1,335.9)mm  mpc_target=(111.3,-600.5,337.0)mm  err=2.0mm  ref_lag=56.7mm  repeat=1/1  ref_idx=176  v_cmd=66.7mm/s  |u|=596.2mm/s²  F=0.1N  comfort_raw=1.000  comfort_ctrl=1.000  motion=1.000  step_lim=2.0mm  pinn_ready=False pinn_busy=False
[09:30:30][RunControl][INFO] [Step 2450] pos=(109.5,-590.2,342.2)mm  mpc_target=(109.0,-588.5,343.0)mm  err=2.0mm  ref_lag=59.3mm  repeat=1/1  ref_idx=179  v_cmd=66.7mm/s  |u|=622.0mm/s²  F=0.5N  comfort_raw=1.000  comfort_ctrl=1.000  motion=1.000  step_lim=2.0mm  pinn_ready=False pinn_busy=False
[09:30:31][RunControl][INFO] [Step 2500] pos=(107.3,-577.8,346.4)mm  mpc_target=(106.8,-575.9,347.0)mm  err=2.0mm  ref_lag=55.9mm  repeat=1/1  ref_idx=181  v_cmd=66.7mm/s  |u|=737.4mm/s²  F=0.2N  comfort_raw=1.000  comfort_ctrl=1.000  motion=1.000  step_lim=2.0mm  pinn_ready=False pinn_busy=False
[09:30:33][RunControl][INFO] [Step 2550] pos=(105.1,-564.7,349.1)mm  mpc_target=(104.6,-562.8,349.5)mm  err=2.0mm  ref_lag=58.0mm  repeat=1/1  ref_idx=184  v_cmd=66.7mm/s  |u|=746.4mm/s²  F=0.4N  comfort_raw=1.000  comfort_ctrl=1.000  motion=1.000  step_lim=2.0mm  pinn_ready=False pinn_busy=False
[09:30:34][RunControl][INFO] [Step 2600] pos=(103.0,-551.2,350.2)mm  mpc_target=(102.5,-549.3,350.3)mm  err=2.0mm  ref_lag=55.3mm  repeat=1/1  ref_idx=186  v_cmd=66.7mm/s  |u|=727.5mm/s²  F=0.4N  comfort_raw=1.000  comfort_ctrl=1.000  motion=1.000  step_lim=2.0mm  pinn_ready=False pinn_busy=False
[09:30:36][RunControl][INFO] [Step 2650] pos=(100.9,-537.9,349.5)mm  mpc_target=(100.4,-536.1,348.9)mm  err=2.0mm  ref_lag=52.6mm  repeat=1/1  ref_idx=191  v_cmd=66.7mm/s  |u|=644.6mm/s²  F=0.2N  comfort_raw=1.000  comfort_ctrl=1.000  motion=1.000  step_lim=2.0mm  pinn_ready=False pinn_busy=False
[09:30:38][RunControl][INFO] [Step 2700] pos=(99.1,-526.7,342.1)mm  mpc_target=(98.9,-525.4,340.6)mm  err=2.0mm  ref_lag=57.3mm  repeat=1/1  ref_idx=198  v_cmd=66.7mm/s  |u|=643.1mm/s²  F=0.8N  comfort_raw=1.000  comfort_ctrl=1.000  motion=1.000  step_lim=2.0mm  pinn_ready=False pinn_busy=False
[09:30:39][RunControl][INFO] [Step 2750] pos=(98.8,-518.9,330.8)mm  mpc_target=(98.8,-517.9,329.1)mm  err=2.0mm  ref_lag=55.6mm  repeat=1/1  ref_idx=202  v_cmd=66.7mm/s  |u|=603.7mm/s²  F=0.3N  comfort_raw=1.000  comfort_ctrl=1.000  motion=1.000  step_lim=2.0mm  pinn_ready=False pinn_busy=False
[09:30:41][RunControl][INFO] [Step 2800] pos=(99.5,-513.1,318.5)mm  mpc_target=(99.7,-512.2,316.7)mm  err=2.0mm  ref_lag=52.3mm  repeat=1/1  ref_idx=209  v_cmd=66.7mm/s  |u|=484.8mm/s²  F=0.2N  comfort_raw=1.000  comfort_ctrl=1.000  motion=1.000  step_lim=2.0mm  pinn_ready=False pinn_busy=False
[09:30:42][RunControl][INFO] [Step 2850] pos=(100.5,-507.1,306.9)mm  mpc_target=(99.9,-506.1,308.5)mm  err=2.0mm  ref_lag=33.3mm  repeat=1/1  ref_idx=230  v_cmd=66.7mm/s  |u|=676.2mm/s²  F=0.5N  comfort_raw=1.000  comfort_ctrl=1.000  motion=1.000  step_lim=2.0mm  pinn_ready=False pinn_busy=False
[09:30:44][RunControl][INFO] [Step 2900] pos=(99.6,-510.5,318.4)mm  mpc_target=(99.6,-511.8,320.0)mm  err=2.0mm  ref_lag=58.1mm  repeat=1/1  ref_idx=239  v_cmd=66.7mm/s  |u|=559.3mm/s²  F=0.8N  comfort_raw=1.000  comfort_ctrl=1.000  motion=1.000  step_lim=2.0mm  pinn_ready=False pinn_busy=False
[09:30:45][RunControl][INFO] [Step 2950] pos=(99.6,-520.5,328.3)mm  mpc_target=(99.6,-522.1,329.5)mm  err=2.0mm  ref_lag=57.7mm  repeat=1/1  ref_idx=242  v_cmd=66.7mm/s  |u|=583.7mm/s²  F=0.9N  comfort_raw=1.000  comfort_ctrl=1.000  motion=1.000  step_lim=2.0mm  pinn_ready=False pinn_busy=False
[09:30:47][RunControl][INFO] [Step 3000] pos=(100.1,-532.2,334.8)mm  mpc_target=(100.2,-534.0,335.6)mm  err=2.0mm  ref_lag=57.4mm  repeat=1/1  ref_idx=245  v_cmd=66.7mm/s  |u|=733.1mm/s²  F=0.2N  comfort_raw=1.000  comfort_ctrl=1.000  motion=1.000  step_lim=2.0mm  pinn_ready=False pinn_busy=False
[09:30:48][RunControl][INFO] [Step 3050] pos=(101.0,-545.3,338.2)mm  mpc_target=(101.2,-547.2,338.6)mm  err=2.0mm  ref_lag=55.6mm  repeat=1/1  ref_idx=248  v_cmd=66.7mm/s  |u|=732.4mm/s²  F=0.4N  comfort_raw=1.000  comfort_ctrl=1.000  motion=1.000  step_lim=2.0mm  pinn_ready=False pinn_busy=False
[09:30:50][RunControl][INFO] [Step 3100] pos=(102.3,-559.1,339.1)mm  mpc_target=(102.5,-561.1,339.1)mm  err=2.0mm  ref_lag=56.3mm  repeat=1/1  ref_idx=251  v_cmd=66.7mm/s  |u|=727.9mm/s²  F=0.1N  comfort_raw=1.000  comfort_ctrl=1.000  motion=1.000  step_lim=2.0mm  pinn_ready=False pinn_busy=False
[09:30:51][RunControl][INFO] [Step 3150] pos=(103.5,-572.8,338.2)mm  mpc_target=(103.7,-574.7,337.7)mm  err=2.0mm  ref_lag=59.8mm  repeat=1/1  ref_idx=254  v_cmd=66.7mm/s  |u|=722.1mm/s²  F=0.1N  comfort_raw=1.000  comfort_ctrl=1.000  motion=1.000  step_lim=2.0mm  pinn_ready=False pinn_busy=False
[09:30:53][RunControl][INFO] [Step 3200] pos=(104.8,-586.0,334.9)mm  mpc_target=(105.0,-587.8,334.1)mm  err=2.0mm  ref_lag=58.9mm  repeat=1/1  ref_idx=256  v_cmd=66.7mm/s  |u|=712.3mm/s²  F=0.1N  comfort_raw=1.000  comfort_ctrl=1.000  motion=1.000  step_lim=2.0mm  pinn_ready=False pinn_busy=False
[09:30:54][RunControl][INFO] [Step 3250] pos=(105.9,-598.2,329.5)mm  mpc_target=(106.1,-599.8,328.3)mm  err=2.0mm  ref_lag=61.4mm  repeat=1/1  ref_idx=258  v_cmd=66.7mm/s  |u|=707.8mm/s²  F=1.0N  comfort_raw=1.000  comfort_ctrl=1.000  motion=1.000  step_lim=2.0mm  pinn_ready=False pinn_busy=False
[09:30:56][RunControl][INFO] [Step 3300] pos=(107.1,-609.4,321.9)mm  mpc_target=(107.3,-610.9,320.6)mm  err=2.0mm  ref_lag=57.0mm  repeat=1/1  ref_idx=259  v_cmd=66.7mm/s  |u|=707.2mm/s²  F=0.4N  comfort_raw=1.000  comfort_ctrl=1.000  motion=1.000  step_lim=2.0mm  pinn_ready=False pinn_busy=False
[09:30:57][RunControl][INFO] [Step 3350] pos=(108.0,-619.6,312.9)mm  mpc_target=(108.2,-621.0,311.5)mm  err=2.0mm  ref_lag=61.9mm  repeat=1/1  ref_idx=261  v_cmd=66.7mm/s  |u|=710.9mm/s²  F=0.3N  comfort_raw=1.000  comfort_ctrl=1.000  motion=1.000  step_lim=2.0mm  pinn_ready=False pinn_busy=False
[09:30:59][RunControl][INFO] [Step 3400] pos=(108.8,-628.5,302.8)mm  mpc_target=(109.0,-629.8,301.3)mm  err=2.0mm  ref_lag=57.2mm  repeat=1/1  ref_idx=262  v_cmd=66.7mm/s  |u|=717.9mm/s²  F=0.4N  comfort_raw=1.000  comfort_ctrl=1.000  motion=1.000  step_lim=2.0mm  pinn_ready=False pinn_busy=False
[09:31:00][RunControl][INFO] [Step 3450] pos=(109.4,-636.2,291.8)mm  mpc_target=(109.5,-637.4,290.2)mm  err=2.0mm  ref_lag=60.6mm  repeat=1/1  ref_idx=264  v_cmd=66.7mm/s  |u|=666.2mm/s²  F=0.2N  comfort_raw=1.000  comfort_ctrl=1.000  motion=1.000  step_lim=2.0mm  pinn_ready=False pinn_busy=False
[09:31:02][RunControl][INFO] [Step 3500] pos=(109.8,-643.0,279.9)mm  mpc_target=(109.8,-644.1,278.2)mm  err=2.0mm  ref_lag=62.8mm  repeat=1/1  ref_idx=266  v_cmd=66.7mm/s  |u|=598.0mm/s²  F=0.5N  comfort_raw=1.000  comfort_ctrl=1.000  motion=1.000  step_lim=2.0mm  pinn_ready=False pinn_busy=False
[09:31:03][RunControl][INFO] 用户中止控制
[09:31:03][RunControl][INFO] === 控制系统已停止 ===
