[08:45:17][RunControl][INFO] 等待反馈稳定 2s...
[08:45:21][RunControl][INFO] 已将当前末端姿态锁定为夹爪向下姿态: rx=-177.69, ry=0.32, rz=-149.78
[08:45:21][ComfortNet][INFO] 舒适度模型已加载: models/comfort_net.pth  [mode=pinn_force, dim=12]
[08:45:21][MPC][INFO] MPC初始化: horizon=8, dt=0.03s, dim=3
[08:45:21][RunControl][INFO] 在线PINN后台更新: 开启
[08:45:21][RunControl][INFO] control参考轨迹重复次数: 2
[08:45:21][RunControl][INFO] 当前位置距控制轨迹起点 39.2mm，先移动到起点 (80.2,-666.6,262.5)
[08:45:21][RunControl][INFO] === 控制循环启动 ===
[08:45:22][RunControl][INFO] [Step    0] pos=(97.3,-666.6,227.2)mm  mpc_target=(93.7,-666.6,234.1)mm  err=7.8mm  repeat=1/2  ref_idx=0  v_cmd=259.0mm/s  |u|=195.8mm/s²  F=0.3N  comfort_raw=1.000  comfort_ctrl=1.000  motion=1.000  step_lim=50.0mm  pinn_ready=False pinn_busy=False
[08:45:23][RunControl][INFO] [Step   50] pos=(97.2,-666.7,227.2)mm  mpc_target=(59.1,-666.7,259.6)mm  err=50.0mm  repeat=1/2  ref_idx=50  v_cmd=1666.7mm/s  |u|=707.1mm/s²  F=0.5N  comfort_raw=1.000  comfort_ctrl=1.000  motion=1.000  step_lim=50.0mm  pinn_ready=False pinn_busy=False
[08:45:25][RunControl][INFO] [Step 100] PINN后台更新已启动 (101帧, epochs=300)
[08:45:25][RunControl][INFO] [Step  100] pos=(40.1,-666.6,287.6)mm  mpc_target=(40.1,-666.6,288.5)mm  err=0.9mm  repeat=1/2  ref_idx=99  v_cmd=28.7mm/s  |u|=707.0mm/s²  F=1.7N  comfort_raw=1.000  comfort_ctrl=1.000  motion=1.000  step_lim=50.0mm  pinn_ready=False pinn_busy=True
[08:45:26][RunControl][INFO] [Step  150] pos=(80.5,-666.6,248.4)mm  mpc_target=(110.6,-666.6,208.5)mm  err=50.0mm  repeat=1/2  ref_idx=149  v_cmd=1666.7mm/s  |u|=688.0mm/s²  F=1.1N  comfort_raw=1.000  comfort_ctrl=1.000  motion=1.000  step_lim=50.0mm  pinn_ready=False pinn_busy=True
[08:45:28][RunControl][INFO] [Step  200] pos=(121.8,-666.6,185.3)mm  mpc_target=(121.6,-666.6,185.6)mm  err=0.4mm  repeat=1/2  ref_idx=199  v_cmd=13.6mm/s  |u|=553.3mm/s²  F=1.6N  comfort_raw=1.000  comfort_ctrl=1.000  motion=1.000  step_lim=50.0mm  pinn_ready=False pinn_busy=True
[08:45:29][PINN][INFO] PINN辨识完成 | M=(0.000825,0.000982,0.001235) | B=(0.000573,0.000593,0.000447) | K=(0.011811,0.008921,0.008438)
[08:45:29][RunControl][INFO] [Step 241] PINN后台更新完成 | M=(0.000825,0.000982,0.001235) B=(0.000573,0.000593,0.000447) K=(0.011811,0.008921,0.008438)
[08:45:29][RunControl][INFO] [Step  250] pos=(96.8,-666.6,228.2)mm  mpc_target=(61.4,-666.6,263.4)mm  err=50.0mm  repeat=1/2  ref_idx=249  v_cmd=1666.7mm/s  |u|=707.1mm/s²  F=0.4N  comfort_raw=1.000  comfort_ctrl=1.000  motion=1.000  step_lim=50.0mm  pinn_ready=True pinn_busy=False
[08:45:31][RunControl][INFO] [Step 300] PINN后台更新已启动 (200帧, epochs=300)
[08:45:31][RunControl][INFO] [Step  300] pos=(22.0,-666.6,291.9)mm  mpc_target=(17.0,-666.6,297.5)mm  err=7.5mm  repeat=1/2  ref_idx=299  v_cmd=248.6mm/s  |u|=362.0mm/s²  F=2.7N  comfort_raw=1.000  comfort_ctrl=1.000  motion=1.000  step_lim=50.0mm  pinn_ready=True pinn_busy=True
[08:45:32][RunControl][INFO] [Step  350] pos=(29.3,-666.6,292.4)mm  mpc_target=(67.1,-666.6,259.6)mm  err=50.0mm  repeat=1/2  ref_idx=349  v_cmd=1666.7mm/s  |u|=707.1mm/s²  F=1.9N  comfort_raw=1.000  comfort_ctrl=1.000  motion=1.000  step_lim=50.0mm  pinn_ready=True pinn_busy=True
[08:45:34][RunControl][INFO] [Step  400] pos=(94.2,-666.6,218.9)mm  mpc_target=(123.7,-666.6,184.2)mm  err=45.5mm  repeat=1/2  ref_idx=399  v_cmd=1518.0mm/s  |u|=239.7mm/s²  F=0.6N  comfort_raw=1.000  comfort_ctrl=1.000  motion=1.000  step_lim=50.0mm  pinn_ready=True pinn_busy=True
[08:45:35][PINN][INFO] PINN辨识完成 | M=(0.000833,0.001104,0.001200) | B=(0.000622,0.000496,0.000408) | K=(0.011335,0.008563,0.008859)
[08:45:35][RunControl][INFO] [Step 426] PINN后台更新完成 | M=(0.000833,0.001104,0.001200) B=(0.000622,0.000496,0.000408) K=(0.011335,0.008563,0.008859)
[08:45:36][RunControl][INFO] [Step  450] pos=(117.9,-666.6,194.6)mm  mpc_target=(91.0,-666.6,236.7)mm  err=50.0mm  repeat=1/2  ref_idx=449  v_cmd=1666.7mm/s  |u|=707.1mm/s²  F=1.1N  comfort_raw=1.000  comfort_ctrl=1.000  motion=1.000  step_lim=50.0mm  pinn_ready=True pinn_busy=False
[08:45:37][RunControl][INFO] [Step 500] PINN后台更新已启动 (200帧, epochs=300)
[08:45:37][RunControl][INFO] [Step  500] pos=(57.8,-666.6,261.0)mm  mpc_target=(19.5,-666.6,293.2)mm  err=50.0mm  repeat=1/2  ref_idx=499  v_cmd=1666.7mm/s  |u|=629.8mm/s²  F=2.2N  comfort_raw=1.000  comfort_ctrl=1.000  motion=1.000  step_lim=50.0mm  pinn_ready=True pinn_busy=True
[08:45:39][RunControl][INFO] [Step  550] pos=(14.1,-666.6,302.5)mm  mpc_target=(34.1,-666.6,292.4)mm  err=22.5mm  repeat=1/2  ref_idx=549  v_cmd=748.4mm/s  |u|=707.1mm/s²  F=2.2N  comfort_raw=1.000  comfort_ctrl=1.000  motion=1.000  step_lim=50.0mm  pinn_ready=True pinn_busy=True
[08:45:40][RunControl][INFO] [Step  600] pos=(69.4,-666.6,254.3)mm  mpc_target=(100.5,-666.6,215.2)mm  err=50.0mm  repeat=1/2  ref_idx=599  v_cmd=1666.7mm/s  |u|=707.0mm/s²  F=1.1N  comfort_raw=1.000  comfort_ctrl=1.000  motion=1.000  step_lim=50.0mm  pinn_ready=True pinn_busy=True
[08:45:42][RunControl][INFO] [Step  650] pos=(120.1,-666.6,191.3)mm  mpc_target=(119.9,-666.6,191.6)mm  err=0.4mm  repeat=1/2  ref_idx=649  v_cmd=12.5mm/s  |u|=639.7mm/s²  F=1.1N  comfort_raw=1.000  comfort_ctrl=1.000  motion=1.000  step_lim=50.0mm  pinn_ready=True pinn_busy=True
[08:45:42][PINN][INFO] PINN辨识完成 | M=(0.000998,0.001147,0.001225) | B=(0.000404,0.000555,0.000538) | K=(0.010861,0.008449,0.008505)
[08:45:42][RunControl][INFO] [Step 654] PINN后台更新完成 | M=(0.000998,0.001147,0.001225) B=(0.000404,0.000555,0.000538) K=(0.010861,0.008449,0.008505)
[08:45:43][RunControl][INFO] [Step 700] PINN后台更新已启动 (200帧, epochs=300)
[08:45:43][RunControl][INFO] [Step  700] pos=(91.6,-666.6,234.5)mm  mpc_target=(54.8,-666.6,268.4)mm  err=50.0mm  repeat=2/2  ref_idx=32  v_cmd=1666.7mm/s  |u|=707.1mm/s²  F=1.1N  comfort_raw=1.000  comfort_ctrl=1.000  motion=1.000  step_lim=50.0mm  pinn_ready=True pinn_busy=True
[08:45:45][RunControl][INFO] [Step  750] pos=(12.8,-666.6,301.4)mm  mpc_target=(11.8,-666.6,302.5)mm  err=1.5mm  repeat=2/2  ref_idx=82  v_cmd=51.1mm/s  |u|=578.2mm/s²  F=3.1N  comfort_raw=1.000  comfort_ctrl=1.000  motion=1.000  step_lim=50.0mm  pinn_ready=True pinn_busy=True
[08:45:47][RunControl][INFO] [Step  800] pos=(37.3,-666.6,285.0)mm  mpc_target=(73.7,-666.6,250.8)mm  err=50.0mm  repeat=2/2  ref_idx=132  v_cmd=1666.7mm/s  |u|=707.1mm/s²  F=1.7N  comfort_raw=1.000  comfort_ctrl=1.000  motion=1.000  step_lim=50.0mm  pinn_ready=True pinn_busy=True
[08:45:47][PINN][INFO] PINN辨识完成 | M=(0.000839,0.001047,0.001215) | B=(0.000412,0.000541,0.000406) | K=(0.011706,0.008733,0.008522)
[08:45:47][RunControl][INFO] [Step 823] PINN后台更新完成 | M=(0.000839,0.001047,0.001215) B=(0.000412,0.000541,0.000406) K=(0.011706,0.008733,0.008522)
[08:45:48][RunControl][INFO] [Step  850] pos=(100.0,-666.6,212.4)mm  mpc_target=(120.1,-666.6,190.2)mm  err=30.0mm  repeat=2/2  ref_idx=182  v_cmd=999.0mm/s  |u|=126.0mm/s²  F=1.2N  comfort_raw=1.000  comfort_ctrl=1.000  motion=1.000  step_lim=50.0mm  pinn_ready=True pinn_busy=False
[08:45:50][RunControl][INFO] [Step 900] PINN后台更新已启动 (200帧, epochs=300)
[08:45:50][RunControl][INFO] [Step  900] pos=(113.5,-666.6,208.0)mm  mpc_target=(83.0,-666.6,247.6)mm  err=50.0mm  repeat=2/2  ref_idx=232  v_cmd=1666.7mm/s  |u|=707.1mm/s²  F=0.9N  comfort_raw=1.000  comfort_ctrl=1.000  motion=1.000  step_lim=50.0mm  pinn_ready=True pinn_busy=True
[08:45:51][RunControl][INFO] [Step  950] pos=(42.9,-666.6,276.2)mm  mpc_target=(4.0,-666.6,307.7)mm  err=50.0mm  repeat=2/2  ref_idx=282  v_cmd=1666.7mm/s  |u|=385.1mm/s²  F=2.3N  comfort_raw=1.000  comfort_ctrl=1.000  motion=1.000  step_lim=50.0mm  pinn_ready=True pinn_busy=True
[08:45:53][RunControl][INFO] [Step 1000] pos=(10.9,-666.6,303.7)mm  mpc_target=(49.2,-666.6,281.1)mm  err=44.4mm  repeat=2/2  ref_idx=332  v_cmd=1480.1mm/s  |u|=707.1mm/s²  F=2.3N  comfort_raw=1.000  comfort_ctrl=1.000  motion=1.000  step_lim=50.0mm  pinn_ready=True pinn_busy=True
[08:45:53][PINN][INFO] PINN辨识完成 | M=(0.000839,0.000970,0.001259) | B=(0.000439,0.000531,0.000442) | K=(0.011831,0.009042,0.008395)
[08:45:54][RunControl][INFO] [Step 1024] PINN后台更新完成 | M=(0.000839,0.000970,0.001259) B=(0.000439,0.000531,0.000442) K=(0.011831,0.009042,0.008395)
[08:45:54][RunControl][INFO] [Step 1050] pos=(73.7,-666.6,246.7)mm  mpc_target=(104.8,-666.6,207.6)mm  err=50.0mm  repeat=2/2  ref_idx=382  v_cmd=1666.7mm/s  |u|=690.7mm/s²  F=1.3N  comfort_raw=1.000  comfort_ctrl=1.000  motion=1.000  step_lim=50.0mm  pinn_ready=True pinn_busy=False
[08:45:56][RunControl][INFO] [Step 1100] PINN后台更新已启动 (200帧, epochs=300)
[08:45:56][RunControl][INFO] [Step 1100] pos=(117.8,-666.6,194.6)mm  mpc_target=(116.9,-666.6,197.0)mm  err=2.6mm  repeat=2/2  ref_idx=432  v_cmd=85.9mm/s  |u|=696.3mm/s²  F=0.7N  comfort_raw=1.000  comfort_ctrl=1.000  motion=1.000  step_lim=50.0mm  pinn_ready=True pinn_busy=True
[08:45:56][RunControl][WARNING] 控制循环超时 2 次/秒，最大=59.1ms > 30ms
[08:45:57][RunControl][INFO] [Step 1150] pos=(80.9,-666.6,244.1)mm  mpc_target=(43.3,-666.6,277.1)mm  err=50.0mm  repeat=2/2  ref_idx=482  v_cmd=1666.7mm/s  |u|=707.1mm/s²  F=0.9N  comfort_raw=1.000  comfort_ctrl=1.000  motion=1.000  step_lim=50.0mm  pinn_ready=True pinn_busy=True
[08:45:59][RunControl][WARNING] 控制循环超时 1 次/秒，最大=47.6ms > 30ms
[08:45:59][RunControl][INFO] [Step 1200] pos=(9.7,-666.6,305.0)mm  mpc_target=(9.7,-666.6,305.2)mm  err=0.3mm  repeat=2/2  ref_idx=532  v_cmd=8.4mm/s  |u|=618.3mm/s²  F=2.1N  comfort_raw=1.000  comfort_ctrl=1.000  motion=1.000  step_lim=50.0mm  pinn_ready=True pinn_busy=True
[08:46:00][PINN][INFO] PINN辨识完成 | M=(0.000839,0.000961,0.001253) | B=(0.000407,0.000516,0.000455) | K=(0.011932,0.010097,0.008082)
[08:46:00][RunControl][INFO] [Step 1224] PINN后台更新完成 | M=(0.000839,0.000961,0.001253) B=(0.000407,0.000516,0.000455) K=(0.011932,0.010097,0.008082)
[08:46:01][RunControl][INFO] [Step 1250] pos=(44.4,-666.6,281.8)mm  mpc_target=(78.8,-666.6,245.5)mm  err=50.0mm  repeat=2/2  ref_idx=582  v_cmd=1666.7mm/s  |u|=707.1mm/s²  F=1.7N  comfort_raw=1.000  comfort_ctrl=1.000  motion=1.000  step_lim=50.0mm  pinn_ready=True pinn_busy=False
[08:46:02][RunControl][INFO] [Step 1300] PINN后台更新已启动 (200帧, epochs=300)
[08:46:02][RunControl][INFO] [Step 1300] pos=(104.8,-666.6,206.7)mm  mpc_target=(114.0,-666.6,198.0)mm  err=12.6mm  repeat=2/2  ref_idx=632  v_cmd=421.3mm/s  |u|=308.5mm/s²  F=1.9N  comfort_raw=1.000  comfort_ctrl=1.000  motion=1.000  step_lim=50.0mm  pinn_ready=True pinn_busy=True
[08:46:02][RunControl][WARNING] 控制循环超时 1 次/秒，最大=47.2ms > 30ms
[08:46:03][RunControl][INFO] === 控制系统已停止 ===
