[06:11:39][TrainPINN][INFO] Episode 1/3: episode_0001.csv
[06:11:41][PINN][INFO] Epoch   200 | data=0.3300 phys=0.15534 | M=(0.000783,0.001133,0.001259) | B=(0.000402,0.000524,0.000661) | K=(0.012848,0.008435,0.007881)
[06:11:43][PINN][INFO] Epoch   400 | data=0.1966 phys=0.14899 | M=(0.000629,0.001078,0.001576) | B=(0.000556,0.000587,0.000707) | K=(0.016475,0.007227,0.006520)
[06:11:44][PINN][INFO] Epoch   600 | data=0.1411 phys=0.14509 | M=(0.000575,0.000842,0.001675) | B=(0.000703,0.000574,0.000792) | K=(0.019514,0.006637,0.005640)
[06:11:45][PINN][INFO] Epoch   800 | data=0.1249 phys=0.14264 | M=(0.000538,0.000672,0.001787) | B=(0.000855,0.000539,0.000883) | K=(0.021766,0.006188,0.005030)
[06:11:46][PINN][INFO] Epoch  1000 | data=0.1094 phys=0.14171 | M=(0.000513,0.000572,0.001917) | B=(0.001000,0.000511,0.000969) | K=(0.023219,0.005866,0.004613)
[06:11:48][PINN][INFO] Epoch  1200 | data=0.0932 phys=0.14282 | M=(0.000479,0.000517,0.001870) | B=(0.001121,0.000487,0.001034) | K=(0.024035,0.005639,0.004336)
[06:11:49][PINN][INFO] Epoch  1400 | data=0.0840 phys=0.14387 | M=(0.000445,0.000486,0.001696) | B=(0.001204,0.000470,0.001075) | K=(0.024429,0.005494,0.004162)
[06:11:50][PINN][INFO] Epoch  1600 | data=0.0791 phys=0.14396 | M=(0.000427,0.000471,0.001613) | B=(0.001250,0.000462,0.001098) | K=(0.024598,0.005414,0.004068)
[06:11:51][PINN][INFO] Epoch  1800 | data=0.0773 phys=0.14392 | M=(0.000421,0.000465,0.001588) | B=(0.001267,0.000458,0.001108) | K=(0.024656,0.005382,0.004032)
[06:11:53][PINN][INFO] Epoch  2000 | data=0.0770 phys=0.14391 | M=(0.000420,0.000464,0.001584) | B=(0.001269,0.000458,0.001109) | K=(0.024665,0.005378,0.004026)
[06:11:53][PINN][INFO] PINN辨识完成 | M=(0.000420,0.000464,0.001584) | B=(0.001269,0.000458,0.001109) | K=(0.024665,0.005378,0.004026)
[06:11:53][TrainPINN][INFO] Episode 2/3: episode_0002.csv
[06:11:54][PINN][INFO] Epoch   200 | data=0.3416 phys=0.09598 | M=(0.000794,0.001076,0.001365) | B=(0.000684,0.000543,0.000608) | K=(0.011374,0.008411,0.007431)
[06:11:55][PINN][INFO] Epoch   400 | data=0.2156 phys=0.09034 | M=(0.000629,0.001005,0.001720) | B=(0.000939,0.000635,0.000505) | K=(0.014842,0.007147,0.006066)
[06:11:56][PINN][INFO] Epoch   600 | data=0.1490 phys=0.08873 | M=(0.000530,0.001477,0.001903) | B=(0.001185,0.000638,0.000466) | K=(0.017357,0.006251,0.005270)
[06:11:58][PINN][INFO] Epoch   800 | data=0.1193 phys=0.08854 | M=(0.000467,0.001966,0.001945) | B=(0.001443,0.000632,0.000419) | K=(0.018868,0.005587,0.004711)
[06:11:59][PINN][INFO] Epoch  1000 | data=0.1019 phys=0.08835 | M=(0.000433,0.002456,0.001777) | B=(0.001678,0.000617,0.000392) | K=(0.019599,0.005120,0.004322)
[06:12:00][PINN][INFO] Epoch  1200 | data=0.0935 phys=0.08634 | M=(0.000412,0.002875,0.001755) | B=(0.001859,0.000597,0.000376) | K=(0.019886,0.004806,0.004057)
[06:12:01][PINN][INFO] Epoch  1400 | data=0.0867 phys=0.08601 | M=(0.000398,0.003156,0.001776) | B=(0.001978,0.000581,0.000365) | K=(0.019974,0.004612,0.003895)
[06:12:03][PINN][INFO] Epoch  1600 | data=0.0825 phys=0.08590 | M=(0.000390,0.003307,0.001779) | B=(0.002042,0.000572,0.000359) | K=(0.020004,0.004509,0.003808)
[06:12:04][PINN][INFO] Epoch  1800 | data=0.0809 phys=0.08585 | M=(0.000387,0.003361,0.001780) | B=(0.002066,0.000568,0.000357) | K=(0.020013,0.004469,0.003775)
[06:12:05][PINN][INFO] Epoch  2000 | data=0.0807 phys=0.08584 | M=(0.000386,0.003368,0.001780) | B=(0.002069,0.000568,0.000357) | K=(0.020014,0.004464,0.003770)
[06:12:05][PINN][INFO] PINN辨识完成 | M=(0.000386,0.003368,0.001780) | B=(0.002069,0.000568,0.000357) | K=(0.020014,0.004464,0.003770)
[06:12:05][TrainPINN][INFO] Episode 3/3: episode_0003.csv
[06:12:06][PINN][INFO] Epoch   200 | data=0.3631 phys=0.10766 | M=(0.000753,0.001071,0.001195) | B=(0.000631,0.000546,0.000368) | K=(0.013313,0.008177,0.012490)
[06:12:07][PINN][INFO] Epoch   400 | data=0.2456 phys=0.10279 | M=(0.000575,0.001165,0.001666) | B=(0.000926,0.000658,0.000306) | K=(0.017478,0.006933,0.014309)
[06:12:09][PINN][INFO] Epoch   600 | data=0.1605 phys=0.10133 | M=(0.000483,0.001376,0.002092) | B=(0.001202,0.000739,0.000264) | K=(0.019767,0.006081,0.016427)
[06:12:10][PINN][INFO] Epoch   800 | data=0.1305 phys=0.10007 | M=(0.000410,0.001063,0.002378) | B=(0.001464,0.000779,0.000234) | K=(0.020550,0.005511,0.018676)
[06:12:11][PINN][INFO] Epoch  1000 | data=0.1078 phys=0.09786 | M=(0.000362,0.000849,0.002725) | B=(0.001687,0.000788,0.000214) | K=(0.020673,0.005125,0.020634)
[06:12:13][PINN][INFO] Epoch  1200 | data=0.0957 phys=0.09796 | M=(0.000336,0.000728,0.002817) | B=(0.001850,0.000777,0.000201) | K=(0.020628,0.004872,0.022131)
[06:12:14][PINN][INFO] Epoch  1400 | data=0.0888 phys=0.09744 | M=(0.000320,0.000667,0.002785) | B=(0.001958,0.000763,0.000193) | K=(0.020564,0.004717,0.022979)
[06:12:15][PINN][INFO] Epoch  1600 | data=0.0847 phys=0.09702 | M=(0.000312,0.000640,0.002793) | B=(0.002017,0.000754,0.000189) | K=(0.020515,0.004635,0.023386)
[06:12:16][PINN][INFO] Epoch  1800 | data=0.0831 phys=0.09689 | M=(0.000309,0.000631,0.002805) | B=(0.002039,0.000750,0.000187) | K=(0.020493,0.004603,0.023539)
[06:12:18][PINN][INFO] Epoch  2000 | data=0.0828 phys=0.09688 | M=(0.000309,0.000630,0.002807) | B=(0.002042,0.000749,0.000187) | K=(0.020490,0.004598,0.023563)
[06:12:18][PINN][INFO] PINN辨识完成 | M=(0.000309,0.000630,0.002807) | B=(0.002042,0.000749,0.000187) | K=(0.020490,0.004598,0.023563)
[06:12:18][TrainPINN][INFO] PINN parameter summary:
[06:12:18][TrainPINN][INFO] Mx: mean=0.0003716 std=4.643e-05 cv=0.125
[06:12:18][TrainPINN][INFO] My: mean=0.001487 std=0.001332 cv=0.895
[06:12:18][TrainPINN][INFO] Mz: mean=0.002057 std=0.0005362 cv=0.261
[06:12:18][TrainPINN][INFO] Bx: mean=0.001794 std=0.000371 cv=0.207
[06:12:18][TrainPINN][INFO] By: mean=0.0005916 std=0.00012 cv=0.203
[06:12:18][TrainPINN][INFO] Bz: mean=0.0005508 std=0.0004008 cv=0.728
[06:12:18][TrainPINN][INFO] Kx: mean=0.02172 std=0.002089 cv=0.096
[06:12:18][TrainPINN][INFO] Ky: mean=0.004813 std=0.0004028 cv=0.084
[06:12:18][TrainPINN][INFO] Kz: mean=0.01045 std=0.009271 cv=0.887
