[10:12:29][RunControl][INFO] 等待反馈稳定 2s...
[10:12:33][RunControl][INFO] 已将当前末端姿态锁定为夹爪向下姿态: rx=176.13, ry=3.96, rz=-151.36
[10:12:33][ComfortNet][INFO] 舒适度模型已加载: models/comfort_net.pth  [mode=pinn_force, dim=12]
[10:12:33][MPC][INFO] MPC初始化: horizon=8, dt=0.03s, dim=3
[10:12:33][RunControl][INFO] 在线PINN后台更新: 关闭
[10:12:33][RunControl][INFO] control参考轨迹来源: 真实CSV path=bone_return_3.csv, mode=point, point=RWrist, joints=('RShoulder', 'RElbow', 'RWrist'), points=12492
[10:12:33][RunControl][INFO] 参考轨迹空间范围: x=[-70.0,195.2] y=[-785.3,-486.0] z=[215.9,440.0] mm
[10:12:33][RunControl][INFO] control参考轨迹重复次数: 1
[10:12:33][RunControl][INFO] 当前位置距控制轨迹起点 75.4mm，先移动到起点 (110.0,-666.0,260.0)
[10:12:35][RunControl][INFO] 已到达控制轨迹起点: pos=(110.0,-666.0,260.0)mm
[10:12:36][RunControl][INFO] === 控制循环启动 ===
[10:12:36][RunControl][INFO] [Step    0] pos=(110.0,-666.0,260.0)mm  mpc_target=(110.0,-666.0,260.0)mm  err=0.0mm  ref_lag=0.8mm  repeat=1/1  ref_idx=0  v_cmd=0.5mm/s  |u|=31.1mm/s²  F=0.1N  comfort_raw=1.000  comfort_ctrl=1.000  motion=1.000  step_lim=3.5mm  pinn_ready=False pinn_busy=False
[10:12:37][RunControl][INFO] [Step   50] pos=(111.9,-675.2,270.1)mm  mpc_target=(112.6,-677.4,272.8)mm  err=3.5mm  ref_lag=45.0mm  repeat=1/1  ref_idx=39  v_cmd=116.7mm/s  |u|=636.4mm/s²  F=0.6N  comfort_raw=1.000  comfort_ctrl=1.000  motion=1.000  step_lim=3.5mm  pinn_ready=False pinn_busy=False
[10:12:39][RunControl][INFO] [Step  100] pos=(115.6,-685.5,288.1)mm  mpc_target=(116.4,-687.2,291.0)mm  err=3.5mm  ref_lag=51.6mm  repeat=1/1  ref_idx=51  v_cmd=116.7mm/s  |u|=593.8mm/s²  F=0.8N  comfort_raw=1.000  comfort_ctrl=1.000  motion=1.000  step_lim=3.5mm  pinn_ready=False pinn_busy=False
[10:12:40][RunControl][INFO] [Step  150] pos=(119.2,-691.9,307.1)mm  mpc_target=(119.9,-693.2,310.3)mm  err=3.5mm  ref_lag=54.4mm  repeat=1/1  ref_idx=60  v_cmd=116.7mm/s  |u|=566.6mm/s²  F=0.9N  comfort_raw=1.000  comfort_ctrl=1.000  motion=1.000  step_lim=3.5mm  pinn_ready=False pinn_busy=False
[10:12:42][RunControl][INFO] [Step  200] pos=(122.6,-696.6,327.0)mm  mpc_target=(123.3,-697.5,330.3)mm  err=3.5mm  ref_lag=55.1mm  repeat=1/1  ref_idx=67  v_cmd=116.7mm/s  |u|=559.4mm/s²  F=0.7N  comfort_raw=1.000  comfort_ctrl=1.000  motion=1.000  step_lim=3.5mm  pinn_ready=False pinn_busy=False
[10:12:43][RunControl][INFO] [Step  250] pos=(125.9,-699.9,347.2)mm  mpc_target=(126.7,-700.6,350.5)mm  err=3.5mm  ref_lag=55.4mm  repeat=1/1  ref_idx=73  v_cmd=116.7mm/s  |u|=553.5mm/s²  F=0.6N  comfort_raw=1.000  comfort_ctrl=1.000  motion=1.000  step_lim=3.5mm  pinn_ready=False pinn_busy=False
[10:12:45][RunControl][INFO] [Step  300] pos=(129.3,-702.1,367.6)mm  mpc_target=(130.1,-702.6,371.0)mm  err=3.5mm  ref_lag=56.4mm  repeat=1/1  ref_idx=79  v_cmd=116.7mm/s  |u|=549.7mm/s²  F=0.4N  comfort_raw=1.000  comfort_ctrl=1.000  motion=1.000  step_lim=3.5mm  pinn_ready=False pinn_busy=False
[10:12:46][RunControl][INFO] [Step  350] pos=(132.9,-703.3,388.3)mm  mpc_target=(133.7,-703.5,391.7)mm  err=3.5mm  ref_lag=53.3mm  repeat=1/1  ref_idx=85  v_cmd=116.7mm/s  |u|=494.1mm/s²  F=0.3N  comfort_raw=1.000  comfort_ctrl=1.000  motion=1.000  step_lim=3.5mm  pinn_ready=False pinn_busy=False
[10:12:48][RunControl][INFO] [Step  400] pos=(138.0,-702.0,408.1)mm  mpc_target=(139.3,-700.4,410.9)mm  err=3.5mm  ref_lag=39.8mm  repeat=1/1  ref_idx=104  v_cmd=116.7mm/s  |u|=574.5mm/s²  F=0.3N  comfort_raw=1.000  comfort_ctrl=1.000  motion=1.000  step_lim=3.5mm  pinn_ready=False pinn_busy=False
[10:12:49][RunControl][INFO] [Step  450] pos=(143.6,-686.5,420.5)mm  mpc_target=(144.4,-683.4,421.9)mm  err=3.5mm  ref_lag=50.6mm  repeat=1/1  ref_idx=123  v_cmd=116.7mm/s  |u|=533.2mm/s²  F=1.2N  comfort_raw=1.000  comfort_ctrl=1.000  motion=1.000  step_lim=3.5mm  pinn_ready=False pinn_busy=False
[10:12:51][RunControl][INFO] [Step  500] pos=(146.5,-666.6,426.2)mm  mpc_target=(147.0,-663.3,427.1)mm  err=3.5mm  ref_lag=51.3mm  repeat=1/1  ref_idx=133  v_cmd=116.7mm/s  |u|=515.3mm/s²  F=1.1N  comfort_raw=1.000  comfort_ctrl=1.000  motion=1.000  step_lim=3.5mm  pinn_ready=False pinn_busy=False
[10:12:52][RunControl][INFO] [Step  550] pos=(148.0,-646.1,429.9)mm  mpc_target=(148.1,-642.7,430.6)mm  err=3.5mm  ref_lag=51.9mm  repeat=1/1  ref_idx=143  v_cmd=116.7mm/s  |u|=509.8mm/s²  F=1.2N  comfort_raw=1.000  comfort_ctrl=1.000  motion=1.000  step_lim=3.5mm  pinn_ready=False pinn_busy=False
[10:12:54][RunControl][INFO] [Step  600] pos=(148.3,-625.3,432.5)mm  mpc_target=(148.3,-621.8,433.0)mm  err=3.5mm  ref_lag=51.2mm  repeat=1/1  ref_idx=153  v_cmd=116.7mm/s  |u|=507.1mm/s²  F=0.5N  comfort_raw=1.000  comfort_ctrl=1.000  motion=1.000  step_lim=3.5mm  pinn_ready=False pinn_busy=False
[10:12:56][RunControl][INFO] [Step  650] pos=(148.1,-604.2,434.5)mm  mpc_target=(147.9,-600.8,434.9)mm  err=3.5mm  ref_lag=50.2mm  repeat=1/1  ref_idx=164  v_cmd=116.7mm/s  |u|=508.9mm/s²  F=0.6N  comfort_raw=1.000  comfort_ctrl=1.000  motion=1.000  step_lim=3.5mm  pinn_ready=False pinn_busy=False
[10:12:57][RunControl][INFO] [Step  700] pos=(147.2,-583.3,436.0)mm  mpc_target=(146.8,-579.8,436.2)mm  err=3.5mm  ref_lag=52.1mm  repeat=1/1  ref_idx=176  v_cmd=116.7mm/s  |u|=513.6mm/s²  F=0.2N  comfort_raw=1.000  comfort_ctrl=1.000  motion=1.000  step_lim=3.5mm  pinn_ready=False pinn_busy=False
[10:12:59][RunControl][INFO] [Step  750] pos=(145.6,-562.4,437.0)mm  mpc_target=(145.0,-559.0,437.2)mm  err=3.5mm  ref_lag=50.9mm  repeat=1/1  ref_idx=186  v_cmd=116.7mm/s  |u|=519.7mm/s²  F=0.8N  comfort_raw=1.000  comfort_ctrl=1.000  motion=1.000  step_lim=3.5mm  pinn_ready=False pinn_busy=False
[10:13:00][RunControl][INFO] [Step  800] pos=(143.4,-541.7,437.8)mm  mpc_target=(142.6,-538.3,437.9)mm  err=3.5mm  ref_lag=50.9mm  repeat=1/1  ref_idx=197  v_cmd=116.7mm/s  |u|=527.7mm/s²  F=0.6N  comfort_raw=1.000  comfort_ctrl=1.000  motion=1.000  step_lim=3.5mm  pinn_ready=False pinn_busy=False
[10:13:02][RunControl][INFO] [Step  850] pos=(139.8,-521.3,438.4)mm  mpc_target=(138.5,-518.1,438.6)mm  err=3.5mm  ref_lag=38.2mm  repeat=1/1  ref_idx=214  v_cmd=116.7mm/s  |u|=346.9mm/s²  F=0.4N  comfort_raw=1.000  comfort_ctrl=1.000  motion=1.000  step_lim=3.5mm  pinn_ready=False pinn_busy=False
[10:13:03][RunControl][INFO] [Step  900] pos=(128.9,-503.5,439.0)mm  mpc_target=(126.1,-501.4,439.2)mm  err=3.5mm  ref_lag=29.2mm  repeat=1/1  ref_idx=248  v_cmd=116.7mm/s  |u|=303.2mm/s²  F=0.4N  comfort_raw=1.000  comfort_ctrl=1.000  motion=1.000  step_lim=3.5mm  pinn_ready=False pinn_busy=False
[10:13:05][RunControl][INFO] [Step  950] pos=(109.9,-495.6,439.4)mm  mpc_target=(106.6,-494.6,439.5)mm  err=3.5mm  ref_lag=33.2mm  repeat=1/1  ref_idx=285  v_cmd=116.7mm/s  |u|=353.3mm/s²  F=0.6N  comfort_raw=1.000  comfort_ctrl=1.000  motion=1.000  step_lim=3.5mm  pinn_ready=False pinn_busy=False
[10:13:06][RunControl][INFO] [Step 1000] pos=(89.3,-492.0,439.6)mm  mpc_target=(85.8,-491.4,439.7)mm  err=3.5mm  ref_lag=34.2mm  repeat=1/1  ref_idx=317  v_cmd=116.7mm/s  |u|=357.3mm/s²  F=0.8N  comfort_raw=1.000  comfort_ctrl=1.000  motion=1.000  step_lim=3.5mm  pinn_ready=False pinn_busy=False
[10:13:08][RunControl][INFO] [Step 1050] pos=(68.4,-489.6,439.8)mm  mpc_target=(65.0,-489.2,439.8)mm  err=3.5mm  ref_lag=30.1mm  repeat=1/1  ref_idx=352  v_cmd=116.7mm/s  |u|=301.7mm/s²  F=0.7N  comfort_raw=1.000  comfort_ctrl=1.000  motion=1.000  step_lim=3.5mm  pinn_ready=False pinn_busy=False
[10:13:09][RunControl][INFO] [Step 1100] pos=(47.5,-488.0,439.8)mm  mpc_target=(44.0,-487.7,439.9)mm  err=3.5mm  ref_lag=25.4mm  repeat=1/1  ref_idx=392  v_cmd=116.7mm/s  |u|=250.0mm/s²  F=0.7N  comfort_raw=1.000  comfort_ctrl=1.000  motion=1.000  step_lim=3.5mm  pinn_ready=False pinn_busy=False
[10:13:11][RunControl][INFO] [Step 1150] pos=(26.6,-486.9,439.9)mm  mpc_target=(23.5,-486.7,439.9)mm  err=3.1mm  ref_lag=13.1mm  repeat=1/1  ref_idx=440  v_cmd=104.6mm/s  |u|=62.0mm/s²  F=0.5N  comfort_raw=1.000  comfort_ctrl=1.000  motion=1.000  step_lim=3.5mm  pinn_ready=False pinn_busy=False
[10:13:12][RunControl][INFO] [Step 1200] pos=(23.5,-486.8,439.9)mm  mpc_target=(23.5,-486.7,439.9)mm  err=0.0mm  ref_lag=1.9mm  repeat=1/1  ref_idx=490  v_cmd=0.6mm/s  |u|=38.9mm/s²  F=1.3N  comfort_raw=1.000  comfort_ctrl=1.000  motion=1.000  step_lim=3.5mm  pinn_ready=False pinn_busy=False
[10:13:14][RunControl][INFO] [Step 1250] pos=(29.6,-486.5,439.9)mm  mpc_target=(33.1,-486.4,440.0)mm  err=3.5mm  ref_lag=14.5mm  repeat=1/1  ref_idx=540  v_cmd=116.7mm/s  |u|=162.6mm/s²  F=1.0N  comfort_raw=1.000  comfort_ctrl=1.000  motion=1.000  step_lim=3.5mm  pinn_ready=False pinn_busy=False
[10:13:15][RunControl][INFO] [Step 1300] pos=(50.6,-486.2,440.0)mm  mpc_target=(52.7,-486.1,440.0)mm  err=2.1mm  ref_lag=12.1mm  repeat=1/1  ref_idx=590  v_cmd=70.9mm/s  |u|=108.5mm/s²  F=1.2N  comfort_raw=1.000  comfort_ctrl=1.000  motion=1.000  step_lim=3.5mm  pinn_ready=False pinn_busy=False
[10:13:17][RunControl][INFO] [Step 1350] pos=(56.3,-486.1,440.0)mm  mpc_target=(56.4,-486.1,440.0)mm  err=0.0mm  ref_lag=7.3mm  repeat=1/1  ref_idx=640  v_cmd=1.1mm/s  |u|=42.1mm/s²  F=1.0N  comfort_raw=1.000  comfort_ctrl=1.000  motion=1.000  step_lim=3.5mm  pinn_ready=False pinn_busy=False
[10:13:18][RunControl][INFO] [Step 1400] pos=(55.8,-486.1,440.0)mm  mpc_target=(53.0,-486.1,440.0)mm  err=2.8mm  ref_lag=12.8mm  repeat=1/1  ref_idx=690  v_cmd=92.7mm/s  |u|=170.2mm/s²  F=1.3N  comfort_raw=1.000  comfort_ctrl=1.000  motion=1.000  step_lim=3.5mm  pinn_ready=False pinn_busy=False
[10:13:20][RunControl][INFO] [Step 1450] pos=(41.3,-486.1,440.0)mm  mpc_target=(41.3,-486.1,440.0)mm  err=0.0mm  ref_lag=8.4mm  repeat=1/1  ref_idx=740  v_cmd=1.4mm/s  |u|=36.9mm/s²  F=0.5N  comfort_raw=1.000  comfort_ctrl=1.000  motion=1.000  step_lim=3.5mm  pinn_ready=False pinn_busy=False
[10:13:21][RunControl][INFO] [Step 1500] pos=(43.0,-486.0,440.0)mm  mpc_target=(46.5,-486.0,440.0)mm  err=3.5mm  ref_lag=16.0mm  repeat=1/1  ref_idx=790  v_cmd=116.7mm/s  |u|=235.4mm/s²  F=0.7N  comfort_raw=1.000  comfort_ctrl=1.000  motion=1.000  step_lim=3.5mm  pinn_ready=False pinn_busy=False
[10:13:23][RunControl][INFO] [Step 1550] pos=(63.8,-486.0,440.0)mm  mpc_target=(67.3,-486.0,440.0)mm  err=3.5mm  ref_lag=26.2mm  repeat=1/1  ref_idx=836  v_cmd=116.7mm/s  |u|=260.9mm/s²  F=1.2N  comfort_raw=1.000  comfort_ctrl=1.000  motion=1.000  step_lim=3.5mm  pinn_ready=False pinn_busy=False
[10:13:24][RunControl][INFO] [Step 1600] pos=(84.8,-486.0,440.0)mm  mpc_target=(88.3,-486.0,440.0)mm  err=3.5mm  ref_lag=25.2mm  repeat=1/1  ref_idx=878  v_cmd=116.7mm/s  |u|=242.9mm/s²  F=0.8N  comfort_raw=1.000  comfort_ctrl=1.000  motion=1.000  step_lim=3.5mm  pinn_ready=False pinn_busy=False
[10:13:26][RunControl][INFO] [Step 1650] pos=(105.7,-486.1,440.0)mm  mpc_target=(108.2,-488.5,440.0)mm  err=3.5mm  ref_lag=24.2mm  repeat=1/1  ref_idx=925  v_cmd=116.7mm/s  |u|=516.7mm/s²  F=1.2N  comfort_raw=1.000  comfort_ctrl=1.000  motion=1.000  step_lim=3.5mm  pinn_ready=False pinn_busy=False
[10:13:27][RunControl][INFO] [Step 1700] pos=(112.6,-504.4,440.0)mm  mpc_target=(113.6,-507.7,440.0)mm  err=3.5mm  ref_lag=50.0mm  repeat=1/1  ref_idx=946  v_cmd=116.7mm/s  |u|=521.2mm/s²  F=1.8N  comfort_raw=1.000  comfort_ctrl=1.000  motion=1.000  step_lim=3.5mm  pinn_ready=False pinn_busy=False
[10:13:29][RunControl][INFO] [Step 1750] pos=(117.0,-524.9,440.0)mm  mpc_target=(117.9,-528.3,440.0)mm  err=3.5mm  ref_lag=51.6mm  repeat=1/1  ref_idx=957  v_cmd=116.7mm/s  |u|=521.6mm/s²  F=0.9N  comfort_raw=1.000  comfort_ctrl=1.000  motion=1.000  step_lim=3.5mm  pinn_ready=False pinn_busy=False
[10:13:30][RunControl][INFO] [Step 1800] pos=(120.7,-545.5,440.0)mm  mpc_target=(121.5,-548.9,440.0)mm  err=3.5mm  ref_lag=53.2mm  repeat=1/1  ref_idx=967  v_cmd=116.7mm/s  |u|=521.8mm/s²  F=1.5N  comfort_raw=1.000  comfort_ctrl=1.000  motion=1.000  step_lim=3.5mm  pinn_ready=False pinn_busy=False
[10:13:32][RunControl][INFO] [Step 1850] pos=(124.2,-566.1,440.0)mm  mpc_target=(125.0,-569.5,440.0)mm  err=3.5mm  ref_lag=52.1mm  repeat=1/1  ref_idx=976  v_cmd=116.7mm/s  |u|=521.8mm/s²  F=0.7N  comfort_raw=1.000  comfort_ctrl=1.000  motion=1.000  step_lim=3.5mm  pinn_ready=False pinn_busy=False
[10:13:33][RunControl][INFO] [Step 1900] pos=(127.5,-586.7,440.0)mm  mpc_target=(128.3,-590.1,440.0)mm  err=3.5mm  ref_lag=51.4mm  repeat=1/1  ref_idx=986  v_cmd=116.7mm/s  |u|=521.7mm/s²  F=1.3N  comfort_raw=1.000  comfort_ctrl=1.000  motion=1.000  step_lim=3.5mm  pinn_ready=False pinn_busy=False
[10:13:35][RunControl][INFO] [Step 1950] pos=(130.8,-607.1,440.0)mm  mpc_target=(131.5,-610.5,440.0)mm  err=3.5mm  ref_lag=51.7mm  repeat=1/1  ref_idx=997  v_cmd=116.7mm/s  |u|=521.5mm/s²  F=0.5N  comfort_raw=1.000  comfort_ctrl=1.000  motion=1.000  step_lim=3.5mm  pinn_ready=False pinn_busy=False
[10:13:36][RunControl][INFO] [Step 2000] pos=(134.0,-627.7,440.0)mm  mpc_target=(134.6,-631.2,440.0)mm  err=3.5mm  ref_lag=52.2mm  repeat=1/1  ref_idx=1008  v_cmd=116.7mm/s  |u|=519.9mm/s²  F=0.9N  comfort_raw=1.000  comfort_ctrl=1.000  motion=1.000  step_lim=3.5mm  pinn_ready=False pinn_busy=False
[10:13:38][RunControl][INFO] [Step 2050] pos=(137.0,-648.6,440.0)mm  mpc_target=(137.6,-652.0,440.0)mm  err=3.5mm  ref_lag=52.0mm  repeat=1/1  ref_idx=1019  v_cmd=116.7mm/s  |u|=518.3mm/s²  F=0.7N  comfort_raw=1.000  comfort_ctrl=1.000  motion=1.000  step_lim=3.5mm  pinn_ready=False pinn_busy=False
[10:13:39][RunControl][INFO] [Step 2100] pos=(139.9,-669.2,440.0)mm  mpc_target=(140.4,-672.7,440.0)mm  err=3.5mm  ref_lag=51.8mm  repeat=1/1  ref_idx=1030  v_cmd=116.7mm/s  |u|=594.4mm/s²  F=0.6N  comfort_raw=1.000  comfort_ctrl=1.000  motion=1.000  step_lim=3.5mm  pinn_ready=False pinn_busy=False
[10:13:41][RunControl][INFO] [Step 2150] pos=(142.4,-689.4,438.2)mm  mpc_target=(142.9,-692.6,436.8)mm  err=3.5mm  ref_lag=52.9mm  repeat=1/1  ref_idx=1040  v_cmd=116.7mm/s  |u|=711.7mm/s²  F=0.9N  comfort_raw=1.000  comfort_ctrl=1.000  motion=1.000  step_lim=3.5mm  pinn_ready=False pinn_busy=False
[10:13:42][RunControl][INFO] [Step 2200] pos=(144.4,-706.5,428.4)mm  mpc_target=(144.8,-709.0,426.0)mm  err=3.5mm  ref_lag=53.4mm  repeat=1/1  ref_idx=1048  v_cmd=116.7mm/s  |u|=647.7mm/s²  F=0.2N  comfort_raw=1.000  comfort_ctrl=1.000  motion=1.000  step_lim=3.5mm  pinn_ready=False pinn_busy=False
[10:13:44][RunControl][INFO] [Step 2250] pos=(146.0,-719.3,412.1)mm  mpc_target=(146.3,-721.1,409.2)mm  err=3.5mm  ref_lag=54.0mm  repeat=1/1  ref_idx=1057  v_cmd=116.7mm/s  |u|=563.4mm/s²  F=1.0N  comfort_raw=1.000  comfort_ctrl=1.000  motion=1.000  step_lim=3.5mm  pinn_ready=False pinn_busy=False
[10:13:46][RunControl][INFO] [Step 2300] pos=(147.1,-726.9,393.3)mm  mpc_target=(147.3,-728.3,390.1)mm  err=3.5mm  ref_lag=53.2mm  repeat=1/1  ref_idx=1066  v_cmd=116.7mm/s  |u|=531.3mm/s²  F=1.4N  comfort_raw=1.000  comfort_ctrl=1.000  motion=1.000  step_lim=3.5mm  pinn_ready=False pinn_busy=False
[10:13:47][RunControl][INFO] [Step 2350] pos=(147.8,-731.7,373.3)mm  mpc_target=(147.9,-732.7,369.9)mm  err=3.5mm  ref_lag=52.8mm  repeat=1/1  ref_idx=1076  v_cmd=116.7mm/s  |u|=512.8mm/s²  F=1.4N  comfort_raw=1.000  comfort_ctrl=1.000  motion=1.000  step_lim=3.5mm  pinn_ready=False pinn_busy=False
[10:13:49][RunControl][INFO] [Step 2400] pos=(148.2,-735.0,352.8)mm  mpc_target=(148.3,-735.6,349.3)mm  err=3.5mm  ref_lag=50.6mm  repeat=1/1  ref_idx=1086  v_cmd=116.7mm/s  |u|=500.6mm/s²  F=0.9N  comfort_raw=1.000  comfort_ctrl=1.000  motion=1.000  step_lim=3.5mm  pinn_ready=False pinn_busy=False
[10:13:50][RunControl][INFO] [Step 2450] pos=(148.4,-736.6,332.0)mm  mpc_target=(148.3,-736.7,328.5)mm  err=3.5mm  ref_lag=49.6mm  repeat=1/1  ref_idx=1098  v_cmd=116.7mm/s  |u|=530.1mm/s²  F=0.4N  comfort_raw=1.000  comfort_ctrl=1.000  motion=1.000  step_lim=3.5mm  pinn_ready=False pinn_busy=False
[10:13:52][RunControl][INFO] [Step 2500] pos=(148.2,-735.1,310.9)mm  mpc_target=(148.1,-734.3,307.5)mm  err=3.5mm  ref_lag=48.2mm  repeat=1/1  ref_idx=1111  v_cmd=116.7mm/s  |u|=593.6mm/s²  F=1.1N  comfort_raw=1.000  comfort_ctrl=1.000  motion=1.000  step_lim=3.5mm  pinn_ready=False pinn_busy=False
[10:13:53][RunControl][INFO] [Step 2550] pos=(147.7,-729.3,290.8)mm  mpc_target=(147.4,-727.7,287.7)mm  err=3.5mm  ref_lag=46.6mm  repeat=1/1  ref_idx=1126  v_cmd=116.7mm/s  |u|=589.4mm/s²  F=0.7N  comfort_raw=1.000  comfort_ctrl=1.000  motion=1.000  step_lim=3.5mm  pinn_ready=False pinn_busy=False
[10:13:55][RunControl][INFO] [Step 2600] pos=(146.3,-720.0,271.9)mm  mpc_target=(145.9,-718.2,269.0)mm  err=3.5mm  ref_lag=42.7mm  repeat=1/1  ref_idx=1144  v_cmd=116.7mm/s  |u|=447.1mm/s²  F=0.9N  comfort_raw=1.000  comfort_ctrl=1.000  motion=1.000  step_lim=3.5mm  pinn_ready=False pinn_busy=False
[10:13:56][RunControl][INFO] [Step 2650] pos=(144.9,-708.6,253.9)mm  mpc_target=(144.3,-706.5,251.1)mm  err=3.5mm  ref_lag=29.1mm  repeat=1/1  ref_idx=1173  v_cmd=116.7mm/s  |u|=209.3mm/s²  F=0.8N  comfort_raw=1.000  comfort_ctrl=1.000  motion=1.000  step_lim=3.5mm  pinn_ready=False pinn_busy=False
[10:13:58][RunControl][INFO] [Step 2700] pos=(143.9,-703.1,247.0)mm  mpc_target=(144.2,-704.9,250.0)mm  err=3.5mm  ref_lag=32.1mm  repeat=1/1  ref_idx=1220  v_cmd=116.7mm/s  |u|=572.3mm/s²  F=1.2N  comfort_raw=1.000  comfort_ctrl=1.000  motion=1.000  step_lim=3.5mm  pinn_ready=False pinn_busy=False
[10:13:59][RunControl][INFO] [Step 2750] pos=(146.0,-709.6,266.2)mm  mpc_target=(146.4,-710.9,269.4)mm  err=3.5mm  ref_lag=52.2mm  repeat=1/1  ref_idx=1238  v_cmd=116.7mm/s  |u|=561.2mm/s²  F=0.5N  comfort_raw=1.000  comfort_ctrl=1.000  motion=1.000  step_lim=3.5mm  pinn_ready=False pinn_busy=False
[10:14:01][RunControl][INFO] [Step 2800] pos=(148.0,-714.3,286.2)mm  mpc_target=(148.4,-715.4,289.5)mm  err=3.5mm  ref_lag=52.7mm  repeat=1/1  ref_idx=1246  v_cmd=116.7mm/s  |u|=547.5mm/s²  F=1.3N  comfort_raw=1.000  comfort_ctrl=1.000  motion=1.000  step_lim=3.5mm  pinn_ready=False pinn_busy=False
[10:14:02][RunControl][INFO] [Step 2850] pos=(149.9,-718.3,306.5)mm  mpc_target=(150.3,-719.2,309.8)mm  err=3.5mm  ref_lag=54.4mm  repeat=1/1  ref_idx=1254  v_cmd=116.7mm/s  |u|=533.4mm/s²  F=1.4N  comfort_raw=1.000  comfort_ctrl=1.000  motion=1.000  step_lim=3.5mm  pinn_ready=False pinn_busy=False
[10:14:04][RunControl][INFO] [Step 2900] pos=(151.6,-721.4,326.8)mm  mpc_target=(152.0,-722.1,330.2)mm  err=3.5mm  ref_lag=54.0mm  repeat=1/1  ref_idx=1261  v_cmd=116.7mm/s  |u|=517.4mm/s²  F=1.2N  comfort_raw=1.000  comfort_ctrl=1.000  motion=1.000  step_lim=3.5mm  pinn_ready=False pinn_busy=False
[10:14:05][RunControl][INFO] [Step 2950] pos=(153.3,-723.7,347.6)mm  mpc_target=(153.7,-724.2,351.0)mm  err=3.5mm  ref_lag=54.1mm  repeat=1/1  ref_idx=1268  v_cmd=116.7mm/s  |u|=508.6mm/s²  F=1.1N  comfort_raw=1.000  comfort_ctrl=1.000  motion=1.000  step_lim=3.5mm  pinn_ready=False pinn_busy=False
[10:14:07][RunControl][INFO] [Step 3000] pos=(154.9,-725.2,368.5)mm  mpc_target=(155.2,-725.5,372.0)mm  err=3.5mm  ref_lag=55.0mm  repeat=1/1  ref_idx=1275  v_cmd=116.7mm/s  |u|=507.4mm/s²  F=1.4N  comfort_raw=1.000  comfort_ctrl=1.000  motion=1.000  step_lim=3.5mm  pinn_ready=False pinn_busy=False
[10:14:08][RunControl][INFO] [Step 3050] pos=(156.4,-725.6,389.4)mm  mpc_target=(156.7,-725.7,392.9)mm  err=3.5mm  ref_lag=50.8mm  repeat=1/1  ref_idx=1282  v_cmd=116.7mm/s  |u|=449.0mm/s²  F=1.5N  comfort_raw=1.000  comfort_ctrl=1.000  motion=1.000  step_lim=3.5mm  pinn_ready=False pinn_busy=False
[10:14:10][RunControl][INFO] [Step 3100] pos=(157.9,-722.3,409.7)mm  mpc_target=(158.1,-720.2,412.5)mm  err=3.5mm  ref_lag=37.7mm  repeat=1/1  ref_idx=1304  v_cmd=116.7mm/s  |u|=529.3mm/s²  F=0.2N  comfort_raw=1.000  comfort_ctrl=1.000  motion=1.000  step_lim=3.5mm  pinn_ready=False pinn_busy=False
[10:14:11][RunControl][INFO] [Step 3150] pos=(157.6,-705.1,421.5)mm  mpc_target=(157.4,-701.8,422.9)mm  err=3.5mm  ref_lag=48.0mm  repeat=1/1  ref_idx=1326  v_cmd=116.7mm/s  |u|=530.5mm/s²  F=0.8N  comfort_raw=1.000  comfort_ctrl=1.000  motion=1.000  step_lim=3.5mm  pinn_ready=False pinn_busy=False
[10:14:13][RunControl][INFO] [Step 3200] pos=(156.6,-684.9,426.8)mm  mpc_target=(156.1,-681.5,427.6)mm  err=3.5mm  ref_lag=53.3mm  repeat=1/1  ref_idx=1338  v_cmd=116.7mm/s  |u|=529.0mm/s²  F=0.7N  comfort_raw=1.000  comfort_ctrl=1.000  motion=1.000  step_lim=3.5mm  pinn_ready=False pinn_busy=False
[10:14:14][RunControl][INFO] [Step 3250] pos=(154.9,-664.1,430.2)mm  mpc_target=(154.3,-660.7,430.9)mm  err=3.5mm  ref_lag=53.0mm  repeat=1/1  ref_idx=1346  v_cmd=116.7mm/s  |u|=530.9mm/s²  F=1.2N  comfort_raw=1.000  comfort_ctrl=1.000  motion=1.000  step_lim=3.5mm  pinn_ready=False pinn_busy=False
[10:14:16][RunControl][INFO] [Step 3300] pos=(152.7,-643.4,432.7)mm  mpc_target=(152.0,-640.0,433.2)mm  err=3.5mm  ref_lag=54.6mm  repeat=1/1  ref_idx=1354  v_cmd=116.7mm/s  |u|=536.7mm/s²  F=1.7N  comfort_raw=1.000  comfort_ctrl=1.000  motion=1.000  step_lim=3.5mm  pinn_ready=False pinn_busy=False
[10:14:17][RunControl][INFO] [Step 3350] pos=(150.2,-622.6,434.5)mm  mpc_target=(149.5,-619.2,434.9)mm  err=3.5mm  ref_lag=55.1mm  repeat=1/1  ref_idx=1361  v_cmd=116.7mm/s  |u|=542.9mm/s²  F=1.1N  comfort_raw=1.000  comfort_ctrl=1.000  motion=1.000  step_lim=3.5mm  pinn_ready=False pinn_busy=False
[10:14:19][RunControl][INFO] [Step 3400] pos=(147.5,-601.8,435.9)mm  mpc_target=(146.7,-598.4,436.2)mm  err=3.5mm  ref_lag=53.8mm  repeat=1/1  ref_idx=1367  v_cmd=116.7mm/s  |u|=546.0mm/s²  F=1.2N  comfort_raw=1.000  comfort_ctrl=1.000  motion=1.000  step_lim=3.5mm  pinn_ready=False pinn_busy=False
[10:14:20][RunControl][INFO] [Step 3450] pos=(144.3,-581.0,437.0)mm  mpc_target=(143.5,-577.6,437.1)mm  err=3.5mm  ref_lag=56.7mm  repeat=1/1  ref_idx=1374  v_cmd=116.7mm/s  |u|=548.7mm/s²  F=1.7N  comfort_raw=1.000  comfort_ctrl=1.000  motion=1.000  step_lim=3.5mm  pinn_ready=False pinn_busy=False
[10:14:22][RunControl][INFO] [Step 3500] pos=(141.2,-560.2,437.7)mm  mpc_target=(140.3,-556.9,437.8)mm  err=3.5mm  ref_lag=55.8mm  repeat=1/1  ref_idx=1380  v_cmd=116.7mm/s  |u|=553.6mm/s²  F=1.5N  comfort_raw=1.000  comfort_ctrl=1.000  motion=1.000  step_lim=3.5mm  pinn_ready=False pinn_busy=False
[10:14:23][RunControl][INFO] [Step 3550] pos=(137.9,-539.7,438.3)mm  mpc_target=(137.0,-536.3,438.4)mm  err=3.5mm  ref_lag=55.0mm  repeat=1/1  ref_idx=1386  v_cmd=116.7mm/s  |u|=530.3mm/s²  F=1.7N  comfort_raw=1.000  comfort_ctrl=1.000  motion=1.000  step_lim=3.5mm  pinn_ready=False pinn_busy=False
[10:14:25][RunControl][INFO] [Step 3600] pos=(132.9,-519.7,438.8)mm  mpc_target=(131.0,-516.7,438.9)mm  err=3.5mm  ref_lag=39.8mm  repeat=1/1  ref_idx=1402  v_cmd=116.7mm/s  |u|=419.7mm/s²  F=1.3N  comfort_raw=1.000  comfort_ctrl=1.000  motion=1.000  step_lim=3.5mm  pinn_ready=False pinn_busy=False
[10:14:26][RunControl][INFO] [Step 3650] pos=(117.9,-504.0,439.2)mm  mpc_target=(114.9,-502.2,439.3)mm  err=3.5mm  ref_lag=35.1mm  repeat=1/1  ref_idx=1431  v_cmd=116.7mm/s  |u|=388.7mm/s²  F=1.6N  comfort_raw=1.000  comfort_ctrl=1.000  motion=1.000  step_lim=3.5mm  pinn_ready=False pinn_busy=False
[10:14:28][RunControl][INFO] [Step 3700] pos=(98.4,-497.0,439.5)mm  mpc_target=(95.1,-495.9,439.5)mm  err=3.5mm  ref_lag=35.9mm  repeat=1/1  ref_idx=1462  v_cmd=116.7mm/s  |u|=387.8mm/s²  F=1.3N  comfort_raw=1.000  comfort_ctrl=1.000  motion=1.000  step_lim=3.5mm  pinn_ready=False pinn_busy=False
[10:14:29][RunControl][INFO] [Step 3750] pos=(77.9,-492.9,439.7)mm  mpc_target=(74.5,-492.2,439.7)mm  err=3.5mm  ref_lag=33.1mm  repeat=1/1  ref_idx=1493  v_cmd=116.7mm/s  |u|=335.0mm/s²  F=1.1N  comfort_raw=1.000  comfort_ctrl=1.000  motion=1.000  step_lim=3.5mm  pinn_ready=False pinn_busy=False
[10:14:31][RunControl][INFO] [Step 3800] pos=(57.1,-490.1,439.8)mm  mpc_target=(53.6,-489.6,439.8)mm  err=3.5mm  ref_lag=27.3mm  repeat=1/1  ref_idx=1530  v_cmd=116.7mm/s  |u|=273.8mm/s²  F=1.5N  comfort_raw=1.000  comfort_ctrl=1.000  motion=1.000  step_lim=3.5mm  pinn_ready=False pinn_busy=False
[10:14:33][RunControl][INFO] [Step 3850] pos=(36.1,-488.1,439.9)mm  mpc_target=(32.6,-487.8,439.9)mm  err=3.5mm  ref_lag=20.9mm  repeat=1/1  ref_idx=1574  v_cmd=116.7mm/s  |u|=180.1mm/s²  F=1.2N  comfort_raw=1.000  comfort_ctrl=1.000  motion=1.000  step_lim=3.5mm  pinn_ready=False pinn_busy=False
[10:14:34][RunControl][INFO] [Step 3900] pos=(21.2,-487.1,439.9)mm  mpc_target=(21.2,-487.1,439.9)mm  err=0.0mm  ref_lag=6.4mm  repeat=1/1  ref_idx=1624  v_cmd=0.4mm/s  |u|=8.5mm/s²  F=1.4N  comfort_raw=1.000  comfort_ctrl=1.000  motion=1.000  step_lim=3.5mm  pinn_ready=False pinn_busy=False
[10:14:36][RunControl][INFO] [Step 3950] pos=(26.7,-486.8,439.9)mm  mpc_target=(30.2,-486.6,439.9)mm  err=3.5mm  ref_lag=19.3mm  repeat=1/1  ref_idx=1674  v_cmd=116.7mm/s  |u|=241.5mm/s²  F=1.7N  comfort_raw=1.000  comfort_ctrl=1.000  motion=1.000  step_lim=3.5mm  pinn_ready=False pinn_busy=False
[10:14:37][RunControl][INFO] [Step 4000] pos=(47.9,-486.4,440.0)mm  mpc_target=(51.4,-486.3,440.0)mm  err=3.5mm  ref_lag=28.2mm  repeat=1/1  ref_idx=1718  v_cmd=116.7mm/s  |u|=278.0mm/s²  F=1.7N  comfort_raw=1.000  comfort_ctrl=1.000  motion=1.000  step_lim=3.5mm  pinn_ready=False pinn_busy=False
[10:14:39][RunControl][INFO] [Step 4050] pos=(68.9,-486.2,440.0)mm  mpc_target=(72.4,-486.2,440.0)mm  err=3.5mm  ref_lag=20.3mm  repeat=1/1  ref_idx=1761  v_cmd=116.7mm/s  |u|=172.1mm/s²  F=1.6N  comfort_raw=1.000  comfort_ctrl=1.000  motion=1.000  step_lim=3.5mm  pinn_ready=False pinn_busy=False
[10:14:40][RunControl][INFO] [Step 4100] pos=(82.6,-486.1,440.0)mm  mpc_target=(82.7,-486.1,440.0)mm  err=0.0mm  ref_lag=7.3mm  repeat=1/1  ref_idx=1811  v_cmd=0.7mm/s  |u|=31.0mm/s²  F=1.7N  comfort_raw=1.000  comfort_ctrl=1.000  motion=1.000  step_lim=3.5mm  pinn_ready=False pinn_busy=False
[10:14:42][RunControl][INFO] [Step 4150] pos=(78.9,-486.1,440.0)mm  mpc_target=(75.4,-486.1,440.0)mm  err=3.5mm  ref_lag=19.4mm  repeat=1/1  ref_idx=1861  v_cmd=116.7mm/s  |u|=265.8mm/s²  F=1.3N  comfort_raw=1.000  comfort_ctrl=1.000  motion=1.000  step_lim=3.5mm  pinn_ready=False pinn_busy=False
[10:14:43][RunControl][INFO] [Step 4200] pos=(57.8,-486.1,440.0)mm  mpc_target=(54.3,-486.0,440.0)mm  err=3.5mm  ref_lag=29.6mm  repeat=1/1  ref_idx=1903  v_cmd=116.7mm/s  |u|=296.1mm/s²  F=1.3N  comfort_raw=1.000  comfort_ctrl=1.000  motion=1.000  step_lim=3.5mm  pinn_ready=False pinn_busy=False
[10:14:45][RunControl][INFO] [Step 4250] pos=(36.8,-486.0,440.0)mm  mpc_target=(36.3,-486.0,440.0)mm  err=0.4mm  ref_lag=10.4mm  repeat=1/1  ref_idx=1948  v_cmd=13.7mm/s  |u|=19.5mm/s²  F=1.4N  comfort_raw=1.000  comfort_ctrl=1.000  motion=1.000  step_lim=3.5mm  pinn_ready=False pinn_busy=False
[10:14:46][RunControl][INFO] [Step 4300] pos=(36.7,-486.0,440.0)mm  mpc_target=(40.2,-486.0,440.0)mm  err=3.5mm  ref_lag=14.0mm  repeat=1/1  ref_idx=1998  v_cmd=116.7mm/s  |u|=183.4mm/s²  F=1.4N  comfort_raw=1.000  comfort_ctrl=1.000  motion=1.000  step_lim=3.5mm  pinn_ready=False pinn_busy=False
[10:14:48][RunControl][INFO] [Step 4350] pos=(57.4,-485.9,440.0)mm  mpc_target=(60.9,-485.9,440.0)mm  err=3.5mm  ref_lag=20.0mm  repeat=1/1  ref_idx=2048  v_cmd=116.7mm/s  |u|=183.4mm/s²  F=1.4N  comfort_raw=1.000  comfort_ctrl=1.000  motion=1.000  step_lim=3.5mm  pinn_ready=False pinn_busy=False
[10:14:49][RunControl][INFO] [Step 4400] pos=(78.7,-485.9,440.0)mm  mpc_target=(82.2,-485.9,440.0)mm  err=3.5mm  ref_lag=17.4mm  repeat=1/1  ref_idx=2097  v_cmd=116.7mm/s  |u|=164.5mm/s²  F=1.6N  comfort_raw=1.000  comfort_ctrl=1.000  motion=1.000  step_lim=3.5mm  pinn_ready=False pinn_busy=False
[10:14:51][RunControl][INFO] [Step 4450] pos=(92.7,-495.1,440.0)mm  mpc_target=(93.8,-498.4,440.0)mm  err=3.5mm  ref_lag=42.6mm  repeat=1/1  ref_idx=2138  v_cmd=116.7mm/s  |u|=513.7mm/s²  F=1.7N  comfort_raw=1.000  comfort_ctrl=1.000  motion=1.000  step_lim=3.5mm  pinn_ready=False pinn_busy=False
[10:14:52][RunControl][INFO] [Step 4500] pos=(96.8,-515.6,440.0)mm  mpc_target=(97.6,-519.1,440.0)mm  err=3.5mm  ref_lag=52.9mm  repeat=1/1  ref_idx=2152  v_cmd=116.7mm/s  |u|=515.4mm/s²  F=1.9N  comfort_raw=1.000  comfort_ctrl=1.000  motion=1.000  step_lim=3.5mm  pinn_ready=False pinn_busy=False
[10:14:54][RunControl][INFO] [Step 4550] pos=(100.1,-536.4,440.0)mm  mpc_target=(100.8,-539.8,440.0)mm  err=3.5mm  ref_lag=53.2mm  repeat=1/1  ref_idx=2161  v_cmd=116.7mm/s  |u|=515.4mm/s²  F=1.8N  comfort_raw=1.000  comfort_ctrl=1.000  motion=1.000  step_lim=3.5mm  pinn_ready=False pinn_busy=False
[10:14:55][RunControl][INFO] [Step 4600] pos=(102.9,-557.3,440.0)mm  mpc_target=(103.5,-560.7,440.0)mm  err=3.5mm  ref_lag=53.9mm  repeat=1/1  ref_idx=2170  v_cmd=116.7mm/s  |u|=511.2mm/s²  F=1.8N  comfort_raw=1.000  comfort_ctrl=1.000  motion=1.000  step_lim=3.5mm  pinn_ready=False pinn_busy=False
[10:14:57][RunControl][INFO] [Step 4650] pos=(105.3,-578.2,440.0)mm  mpc_target=(105.7,-581.7,440.0)mm  err=3.5mm  ref_lag=52.1mm  repeat=1/1  ref_idx=2179  v_cmd=116.7mm/s  |u|=506.2mm/s²  F=1.6N  comfort_raw=1.000  comfort_ctrl=1.000  motion=1.000  step_lim=3.5mm  pinn_ready=False pinn_busy=False
[10:14:58][RunControl][INFO] [Step 4700] pos=(107.2,-599.2,440.0)mm  mpc_target=(107.5,-602.7,440.0)mm  err=3.5mm  ref_lag=49.7mm  repeat=1/1  ref_idx=2190  v_cmd=116.7mm/s  |u|=501.1mm/s²  F=3.0N  comfort_raw=0.998  comfort_ctrl=1.000  motion=1.000  step_lim=3.5mm  pinn_ready=False pinn_busy=False
[10:15:00][RunControl][INFO] [Step 4750] pos=(108.2,-620.2,440.0)mm  mpc_target=(108.3,-623.7,440.0)mm  err=3.5mm  ref_lag=47.8mm  repeat=1/1  ref_idx=2205  v_cmd=116.7mm/s  |u|=500.3mm/s²  F=1.7N  comfort_raw=1.000  comfort_ctrl=1.000  motion=1.000  step_lim=3.5mm  pinn_ready=False pinn_busy=False
[10:15:01][RunControl][INFO] [Step 4800] pos=(108.0,-640.9,438.8)mm  mpc_target=(107.8,-644.0,437.2)mm  err=3.5mm  ref_lag=50.5mm  repeat=1/1  ref_idx=2220  v_cmd=116.7mm/s  |u|=711.3mm/s²  F=1.7N  comfort_raw=1.000  comfort_ctrl=1.000  motion=1.000  step_lim=3.5mm  pinn_ready=False pinn_busy=False
[10:15:03][RunControl][INFO] [Step 4850] pos=(107.4,-657.1,426.9)mm  mpc_target=(107.1,-659.4,424.3)mm  err=3.5mm  ref_lag=53.8mm  repeat=1/1  ref_idx=2228  v_cmd=116.7mm/s  |u|=658.0mm/s²  F=1.6N  comfort_raw=1.000  comfort_ctrl=1.000  motion=1.000  step_lim=3.5mm  pinn_ready=False pinn_busy=False
[10:15:04][RunControl][INFO] [Step 4900] pos=(106.1,-668.6,409.5)mm  mpc_target=(105.7,-670.4,406.6)mm  err=3.5mm  ref_lag=54.1mm  repeat=1/1  ref_idx=2235  v_cmd=116.7mm/s  |u|=597.7mm/s²  F=2.1N  comfort_raw=1.000  comfort_ctrl=1.000  motion=1.000  step_lim=3.5mm  pinn_ready=False pinn_busy=False
[10:15:06][RunControl][INFO] [Step 4950] pos=(104.6,-676.0,390.6)mm  mpc_target=(104.1,-677.5,387.5)mm  err=3.5mm  ref_lag=54.1mm  repeat=1/1  ref_idx=2242  v_cmd=116.7mm/s  |u|=564.5mm/s²  F=1.9N  comfort_raw=1.000  comfort_ctrl=1.000  motion=1.000  step_lim=3.5mm  pinn_ready=False pinn_busy=False
[10:15:07][RunControl][INFO] [Step 5000] pos=(102.3,-681.0,370.9)mm  mpc_target=(101.6,-682.0,367.6)mm  err=3.5mm  ref_lag=54.9mm  repeat=1/1  ref_idx=2250  v_cmd=116.7mm/s  |u|=551.7mm/s²  F=1.1N  comfort_raw=1.000  comfort_ctrl=1.000  motion=1.000  step_lim=3.5mm  pinn_ready=False pinn_busy=False
[10:15:09][RunControl][INFO] [Step 5050] pos=(99.4,-684.1,350.8)mm  mpc_target=(98.5,-684.7,347.5)mm  err=3.5mm  ref_lag=53.9mm  repeat=1/1  ref_idx=2258  v_cmd=116.7mm/s  |u|=543.1mm/s²  F=1.3N  comfort_raw=1.000  comfort_ctrl=1.000  motion=1.000  step_lim=3.5mm  pinn_ready=False pinn_busy=False
[10:15:10][RunControl][INFO] [Step 5100] pos=(96.0,-685.7,330.3)mm  mpc_target=(95.1,-685.9,326.9)mm  err=3.5mm  ref_lag=52.0mm  repeat=1/1  ref_idx=2267  v_cmd=116.7mm/s  |u|=541.6mm/s²  F=1.7N  comfort_raw=1.000  comfort_ctrl=1.000  motion=1.000  step_lim=3.5mm  pinn_ready=False pinn_busy=False
[10:15:12][RunControl][INFO] [Step 5150] pos=(92.2,-685.8,309.8)mm  mpc_target=(91.2,-685.7,306.4)mm  err=3.5mm  ref_lag=50.9mm  repeat=1/1  ref_idx=2278  v_cmd=116.7mm/s  |u|=544.7mm/s²  F=2.1N  comfort_raw=1.000  comfort_ctrl=1.000  motion=1.000  step_lim=3.5mm  pinn_ready=False pinn_busy=False
[10:15:13][RunControl][INFO] [Step 5200] pos=(88.2,-684.7,289.4)mm  mpc_target=(87.2,-684.2,286.1)mm  err=3.5mm  ref_lag=48.7mm  repeat=1/1  ref_idx=2291  v_cmd=116.7mm/s  |u|=544.6mm/s²  F=1.7N  comfort_raw=1.000  comfort_ctrl=1.000  motion=1.000  step_lim=3.5mm  pinn_ready=False pinn_busy=False
[10:15:15][RunControl][INFO] [Step 5250] pos=(84.1,-681.8,269.3)mm  mpc_target=(83.1,-680.9,266.1)mm  err=3.5mm  ref_lag=45.2mm  repeat=1/1  ref_idx=2307  v_cmd=116.7mm/s  |u|=519.2mm/s²  F=1.8N  comfort_raw=1.000  comfort_ctrl=1.000  motion=1.000  step_lim=3.5mm  pinn_ready=False pinn_busy=False
[10:15:16][RunControl][INFO] [Step 5300] pos=(80.2,-677.0,249.6)mm  mpc_target=(79.3,-675.9,246.4)mm  err=3.5mm  ref_lag=36.1mm  repeat=1/1  ref_idx=2330  v_cmd=116.7mm/s  |u|=306.1mm/s²  F=1.8N  comfort_raw=1.000  comfort_ctrl=1.000  motion=1.000  step_lim=3.5mm  pinn_ready=False pinn_busy=False
[10:15:18][RunControl][INFO] [Step 5350] pos=(77.6,-671.8,231.7)mm  mpc_target=(77.6,-671.9,231.6)mm  err=0.1mm  ref_lag=4.4mm  repeat=1/1  ref_idx=2373  v_cmd=4.6mm/s  |u|=273.4mm/s²  F=1.5N  comfort_raw=1.000  comfort_ctrl=1.000  motion=1.000  step_lim=3.5mm  pinn_ready=False pinn_busy=False
[10:15:20][RunControl][INFO] [Step 5400] pos=(82.5,-680.6,243.6)mm  mpc_target=(83.5,-682.3,246.5)mm  err=3.5mm  ref_lag=47.9mm  repeat=1/1  ref_idx=2406  v_cmd=116.7mm/s  |u|=605.5mm/s²  F=1.5N  comfort_raw=1.000  comfort_ctrl=1.000  motion=1.000  step_lim=3.5mm  pinn_ready=False pinn_busy=False
[10:15:21][RunControl][INFO] [Step 5450] pos=(87.2,-687.4,262.3)mm  mpc_target=(88.1,-688.7,265.4)mm  err=3.5mm  ref_lag=54.3mm  repeat=1/1  ref_idx=2417  v_cmd=116.7mm/s  |u|=604.2mm/s²  F=1.9N  comfort_raw=1.000  comfort_ctrl=1.000  motion=1.000  step_lim=3.5mm  pinn_ready=False pinn_busy=False
[10:15:23][RunControl][INFO] [Step 5500] pos=(91.4,-692.4,281.7)mm  mpc_target=(92.3,-693.7,284.8)mm  err=3.5mm  ref_lag=53.8mm  repeat=1/1  ref_idx=2424  v_cmd=116.7mm/s  |u|=597.1mm/s²  F=2.0N  comfort_raw=1.000  comfort_ctrl=1.000  motion=1.000  step_lim=3.5mm  pinn_ready=False pinn_busy=False
[10:15:24][RunControl][INFO] [Step 5550] pos=(95.4,-697.0,301.3)mm  mpc_target=(96.3,-698.0,304.5)mm  err=3.5mm  ref_lag=54.7mm  repeat=1/1  ref_idx=2431  v_cmd=116.7mm/s  |u|=586.5mm/s²  F=2.0N  comfort_raw=1.000  comfort_ctrl=1.000  motion=1.000  step_lim=3.5mm  pinn_ready=False pinn_busy=False
[10:15:26][RunControl][INFO] [Step 5600] pos=(99.3,-700.8,321.2)mm  mpc_target=(100.1,-701.7,324.4)mm  err=3.5mm  ref_lag=54.0mm  repeat=1/1  ref_idx=2437  v_cmd=116.7mm/s  |u|=573.6mm/s²  F=1.6N  comfort_raw=1.000  comfort_ctrl=1.000  motion=1.000  step_lim=3.5mm  pinn_ready=False pinn_busy=False
[10:15:27][RunControl][INFO] [Step 5650] pos=(103.2,-703.9,341.3)mm  mpc_target=(104.0,-704.6,344.6)mm  err=3.5mm  ref_lag=53.9mm  repeat=1/1  ref_idx=2443  v_cmd=116.7mm/s  |u|=548.0mm/s²  F=1.9N  comfort_raw=1.000  comfort_ctrl=1.000  motion=1.000  step_lim=3.5mm  pinn_ready=False pinn_busy=False
[10:15:29][RunControl][INFO] [Step 5700] pos=(106.6,-706.4,361.6)mm  mpc_target=(107.3,-707.0,365.0)mm  err=3.5mm  ref_lag=53.9mm  repeat=1/1  ref_idx=2449  v_cmd=116.7mm/s  |u|=526.3mm/s²  F=1.3N  comfort_raw=1.000  comfort_ctrl=1.000  motion=1.000  step_lim=3.5mm  pinn_ready=False pinn_busy=False
[10:15:30][RunControl][INFO] [Step 5750] pos=(109.6,-708.1,382.1)mm  mpc_target=(110.2,-708.5,385.6)mm  err=3.5mm  ref_lag=55.1mm  repeat=1/1  ref_idx=2455  v_cmd=116.7mm/s  |u|=517.7mm/s²  F=2.1N  comfort_raw=1.000  comfort_ctrl=1.000  motion=1.000  step_lim=3.5mm  pinn_ready=False pinn_busy=False
[10:15:32][RunControl][INFO] [Step 5800] pos=(112.7,-708.8,402.6)mm  mpc_target=(113.5,-708.6,406.0)mm  err=3.5mm  ref_lag=38.6mm  repeat=1/1  ref_idx=2469  v_cmd=116.7mm/s  |u|=355.7mm/s²  F=2.0N  comfort_raw=1.000  comfort_ctrl=1.000  motion=1.000  step_lim=3.5mm  pinn_ready=False pinn_busy=False
[10:15:33][RunControl][INFO] [Step 5850] pos=(116.1,-699.8,420.6)mm  mpc_target=(116.5,-696.8,422.5)mm  err=3.5mm  ref_lag=35.9mm  repeat=1/1  ref_idx=2501  v_cmd=116.7mm/s  |u|=492.0mm/s²  F=1.6N  comfort_raw=1.000  comfort_ctrl=1.000  motion=1.000  step_lim=3.5mm  pinn_ready=False pinn_busy=False
[10:15:35][RunControl][INFO] [Step 5900] pos=(117.1,-680.2,427.2)mm  mpc_target=(117.2,-676.8,428.1)mm  err=3.5mm  ref_lag=49.3mm  repeat=1/1  ref_idx=2523  v_cmd=116.7mm/s  |u|=512.3mm/s²  F=2.4N  comfort_raw=1.000  comfort_ctrl=1.000  motion=1.000  step_lim=3.5mm  pinn_ready=False pinn_busy=False
[10:15:36][RunControl][INFO] [Step 5950] pos=(117.4,-659.5,430.7)mm  mpc_target=(117.4,-656.1,431.3)mm  err=3.5mm  ref_lag=52.2mm  repeat=1/1  ref_idx=2534  v_cmd=116.7mm/s  |u|=508.1mm/s²  F=2.2N  comfort_raw=0.999  comfort_ctrl=1.000  motion=1.000  step_lim=3.5mm  pinn_ready=False pinn_busy=False
[10:15:38][RunControl][INFO] [Step 6000] pos=(117.4,-638.6,433.1)mm  mpc_target=(117.3,-635.1,433.6)mm  err=3.5mm  ref_lag=54.4mm  repeat=1/1  ref_idx=2543  v_cmd=116.7mm/s  |u|=505.5mm/s²  F=1.7N  comfort_raw=1.000  comfort_ctrl=1.000  motion=1.000  step_lim=3.5mm  pinn_ready=False pinn_busy=False
[10:15:39][RunControl][INFO] [Step 6050] pos=(117.3,-617.7,434.8)mm  mpc_target=(117.2,-614.2,435.2)mm  err=3.5mm  ref_lag=52.6mm  repeat=1/1  ref_idx=2550  v_cmd=116.7mm/s  |u|=504.0mm/s²  F=2.1N  comfort_raw=1.000  comfort_ctrl=1.000  motion=1.000  step_lim=3.5mm  pinn_ready=False pinn_busy=False
[10:15:41][RunControl][INFO] [Step 6100] pos=(117.3,-596.7,436.1)mm  mpc_target=(117.1,-593.2,436.4)mm  err=3.5mm  ref_lag=55.0mm  repeat=1/1  ref_idx=2558  v_cmd=116.7mm/s  |u|=503.4mm/s²  F=1.9N  comfort_raw=1.000  comfort_ctrl=1.000  motion=1.000  step_lim=3.5mm  pinn_ready=False pinn_busy=False
[10:15:42][RunControl][INFO] [Step 6150] pos=(116.9,-575.8,437.1)mm  mpc_target=(116.8,-572.3,437.3)mm  err=3.5mm  ref_lag=54.9mm  repeat=1/1  ref_idx=2564  v_cmd=116.7mm/s  |u|=503.5mm/s²  F=2.2N  comfort_raw=1.000  comfort_ctrl=1.000  motion=1.000  step_lim=3.5mm  pinn_ready=False pinn_busy=False
[10:15:44][RunControl][INFO] [Step 6200] pos=(116.7,-554.9,437.8)mm  mpc_target=(116.5,-551.4,438.0)mm  err=3.5mm  ref_lag=55.3mm  repeat=1/1  ref_idx=2570  v_cmd=116.7mm/s  |u|=504.6mm/s²  F=2.4N  comfort_raw=1.000  comfort_ctrl=1.000  motion=1.000  step_lim=3.5mm  pinn_ready=False pinn_busy=False
[10:15:45][RunControl][INFO] [Step 6250] pos=(116.3,-534.1,438.4)mm  mpc_target=(116.0,-530.6,438.5)mm  err=3.5mm  ref_lag=48.4mm  repeat=1/1  ref_idx=2577  v_cmd=116.7mm/s  |u|=399.9mm/s²  F=1.4N  comfort_raw=1.000  comfort_ctrl=1.000  motion=1.000  step_lim=3.5mm  pinn_ready=False pinn_busy=False
[10:15:47][RunControl][INFO] [Step 6300] pos=(114.1,-513.5,438.9)mm  mpc_target=(112.7,-510.3,439.0)mm  err=3.5mm  ref_lag=29.8mm  repeat=1/1  ref_idx=2604  v_cmd=116.7mm/s  |u|=259.2mm/s²  F=1.8N  comfort_raw=1.000  comfort_ctrl=1.000  motion=1.000  step_lim=3.5mm  pinn_ready=False pinn_busy=False
[10:15:48][RunControl][INFO] [Step 6350] pos=(100.9,-497.6,439.4)mm  mpc_target=(97.8,-496.0,439.5)mm  err=3.5mm  ref_lag=25.6mm  repeat=1/1  ref_idx=2646  v_cmd=116.7mm/s  |u|=256.6mm/s²  F=1.8N  comfort_raw=1.000  comfort_ctrl=1.000  motion=1.000  step_lim=3.5mm  pinn_ready=False pinn_busy=False
[10:15:50][RunControl][INFO] [Step 6400] pos=(80.9,-492.1,439.7)mm  mpc_target=(77.5,-491.3,439.7)mm  err=3.5mm  ref_lag=27.3mm  repeat=1/1  ref_idx=2687  v_cmd=116.7mm/s  |u|=268.7mm/s²  F=2.2N  comfort_raw=0.999  comfort_ctrl=1.000  motion=1.000  step_lim=3.5mm  pinn_ready=False pinn_busy=False
[10:15:51][RunControl][INFO] [Step 6450] pos=(60.1,-489.3,439.8)mm  mpc_target=(56.6,-488.9,439.8)mm  err=3.5mm  ref_lag=28.0mm  repeat=1/1  ref_idx=2728  v_cmd=116.7mm/s  |u|=276.3mm/s²  F=1.9N  comfort_raw=1.000  comfort_ctrl=1.000  motion=1.000  step_lim=3.5mm  pinn_ready=False pinn_busy=False
[10:15:53][RunControl][INFO] [Step 6500] pos=(39.1,-487.8,439.9)mm  mpc_target=(35.6,-487.6,439.9)mm  err=3.5mm  ref_lag=26.0mm  repeat=1/1  ref_idx=2768  v_cmd=116.7mm/s  |u|=256.2mm/s²  F=1.6N  comfort_raw=1.000  comfort_ctrl=1.000  motion=1.000  step_lim=3.5mm  pinn_ready=False pinn_busy=False
[10:15:54][RunControl][INFO] [Step 6550] pos=(18.3,-486.9,439.9)mm  mpc_target=(18.0,-486.8,439.9)mm  err=0.4mm  ref_lag=8.1mm  repeat=1/1  ref_idx=2815  v_cmd=11.8mm/s  |u|=54.6mm/s²  F=1.4N  comfort_raw=1.000  comfort_ctrl=1.000  motion=1.000  step_lim=3.5mm  pinn_ready=False pinn_busy=False
[10:15:56][RunControl][INFO] [Step 6600] pos=(20.3,-486.7,440.0)mm  mpc_target=(21.4,-486.6,440.0)mm  err=1.1mm  ref_lag=11.1mm  repeat=1/1  ref_idx=2865  v_cmd=36.5mm/s  |u|=132.7mm/s²  F=2.1N  comfort_raw=1.000  comfort_ctrl=1.000  motion=1.000  step_lim=3.5mm  pinn_ready=False pinn_busy=False
[10:15:57][RunControl][INFO] [Step 6650] pos=(35.9,-486.3,440.0)mm  mpc_target=(37.3,-486.2,440.0)mm  err=1.4mm  ref_lag=11.4mm  repeat=1/1  ref_idx=2915  v_cmd=45.7mm/s  |u|=99.6mm/s²  F=1.5N  comfort_raw=1.000  comfort_ctrl=1.000  motion=1.000  step_lim=3.5mm  pinn_ready=False pinn_busy=False
[10:15:59][RunControl][INFO] [Step 6700] pos=(46.5,-486.1,440.0)mm  mpc_target=(47.5,-486.1,440.0)mm  err=0.9mm  ref_lag=10.9mm  repeat=1/1  ref_idx=2965  v_cmd=31.3mm/s  |u|=47.8mm/s²  F=1.7N  comfort_raw=1.000  comfort_ctrl=1.000  motion=1.000  step_lim=3.5mm  pinn_ready=False pinn_busy=False
[10:16:00][RunControl][INFO] [Step 6750] pos=(47.1,-486.1,440.0)mm  mpc_target=(45.2,-486.1,440.0)mm  err=1.9mm  ref_lag=11.9mm  repeat=1/1  ref_idx=3015  v_cmd=64.0mm/s  |u|=192.7mm/s²  F=2.1N  comfort_raw=1.000  comfort_ctrl=1.000  motion=1.000  step_lim=3.5mm  pinn_ready=False pinn_busy=False
[10:16:02][RunControl][INFO] [Step 6800] pos=(34.1,-486.1,440.1)mm  mpc_target=(34.1,-486.1,440.0)mm  err=0.0mm  ref_lag=5.8mm  repeat=1/1  ref_idx=3065  v_cmd=0.3mm/s  |u|=3.5mm/s²  F=2.3N  comfort_raw=1.000  comfort_ctrl=1.000  motion=1.000  step_lim=3.5mm  pinn_ready=False pinn_busy=False
[10:16:03][RunControl][INFO] [Step 6850] pos=(38.5,-486.0,440.0)mm  mpc_target=(42.0,-486.0,440.0)mm  err=3.5mm  ref_lag=19.7mm  repeat=1/1  ref_idx=3115  v_cmd=116.7mm/s  |u|=260.1mm/s²  F=2.2N  comfort_raw=1.000  comfort_ctrl=1.000  motion=1.000  step_lim=3.5mm  pinn_ready=False pinn_busy=False
[10:16:05][RunControl][INFO] [Step 6900] pos=(59.6,-486.0,440.0)mm  mpc_target=(63.1,-486.0,440.0)mm  err=3.5mm  ref_lag=24.2mm  repeat=1/1  ref_idx=3161  v_cmd=116.7mm/s  |u|=243.6mm/s²  F=2.2N  comfort_raw=1.000  comfort_ctrl=1.000  motion=1.000  step_lim=3.5mm  pinn_ready=False pinn_busy=False
[10:16:06][RunControl][INFO] [Step 6950] pos=(80.9,-486.0,440.0)mm  mpc_target=(84.4,-486.0,440.0)mm  err=3.5mm  ref_lag=18.9mm  repeat=1/1  ref_idx=3209  v_cmd=116.7mm/s  |u|=176.3mm/s²  F=1.9N  comfort_raw=1.000  comfort_ctrl=1.000  motion=1.000  step_lim=3.5mm  pinn_ready=False pinn_busy=False
[10:16:08][RunControl][INFO] [Step 7000] pos=(95.5,-494.3,440.0)mm  mpc_target=(96.8,-497.6,440.0)mm  err=3.5mm  ref_lag=46.8mm  repeat=1/1  ref_idx=3248  v_cmd=116.7mm/s  |u|=530.7mm/s²  F=2.2N  comfort_raw=1.000  comfort_ctrl=1.000  motion=1.000  step_lim=3.5mm  pinn_ready=False pinn_busy=False
[10:16:10][RunControl][INFO] [Step 7050] pos=(100.9,-514.5,440.0)mm  mpc_target=(102.0,-517.8,440.0)mm  err=3.5mm  ref_lag=52.0mm  repeat=1/1  ref_idx=3261  v_cmd=116.7mm/s  |u|=535.6mm/s²  F=2.5N  comfort_raw=0.998  comfort_ctrl=1.000  motion=1.000  step_lim=3.5mm  pinn_ready=False pinn_busy=False
[10:16:11][RunControl][INFO] [Step 7100] pos=(105.9,-534.7,440.0)mm  mpc_target=(106.9,-538.1,440.0)mm  err=3.5mm  ref_lag=51.5mm  repeat=1/1  ref_idx=3271  v_cmd=116.7mm/s  |u|=537.7mm/s²  F=2.2N  comfort_raw=0.998  comfort_ctrl=1.000  motion=1.000  step_lim=3.5mm  pinn_ready=False pinn_busy=False
[10:16:13][RunControl][INFO] [Step 7150] pos=(110.8,-555.3,440.0)mm  mpc_target=(111.8,-558.6,440.0)mm  err=3.5mm  ref_lag=51.7mm  repeat=1/1  ref_idx=3281  v_cmd=116.7mm/s  |u|=538.4mm/s²  F=2.6N  comfort_raw=0.999  comfort_ctrl=1.000  motion=1.000  step_lim=3.5mm  pinn_ready=False pinn_busy=False
[10:16:14][RunControl][INFO] [Step 7200] pos=(115.5,-575.7,440.0)mm  mpc_target=(116.5,-579.1,440.0)mm  err=3.5mm  ref_lag=51.2mm  repeat=1/1  ref_idx=3291  v_cmd=116.7mm/s  |u|=538.9mm/s²  F=2.4N  comfort_raw=0.999  comfort_ctrl=1.000  motion=1.000  step_lim=3.5mm  pinn_ready=False pinn_busy=False
[10:16:16][RunControl][INFO] [Step 7250] pos=(120.0,-596.2,440.0)mm  mpc_target=(120.9,-599.6,440.0)mm  err=3.5mm  ref_lag=53.0mm  repeat=1/1  ref_idx=3301  v_cmd=116.7mm/s  |u|=538.6mm/s²  F=3.0N  comfort_raw=0.998  comfort_ctrl=1.000  motion=1.000  step_lim=3.5mm  pinn_ready=False pinn_busy=False
[10:16:17][RunControl][INFO] [Step 7300] pos=(124.3,-616.7,440.1)mm  mpc_target=(125.3,-620.0,440.1)mm  err=3.5mm  ref_lag=51.6mm  repeat=1/1  ref_idx=3311  v_cmd=116.7mm/s  |u|=534.4mm/s²  F=2.3N  comfort_raw=0.999  comfort_ctrl=1.000  motion=1.000  step_lim=3.5mm  pinn_ready=False pinn_busy=False
[10:16:19][RunControl][INFO] [Step 7350] pos=(128.5,-637.0,440.1)mm  mpc_target=(129.4,-640.3,440.1)mm  err=3.5mm  ref_lag=49.6mm  repeat=1/1  ref_idx=3322  v_cmd=116.7mm/s  |u|=527.6mm/s²  F=2.4N  comfort_raw=1.000  comfort_ctrl=1.000  motion=1.000  step_lim=3.5mm  pinn_ready=False pinn_busy=False
[10:16:20][RunControl][INFO] [Step 7400] pos=(132.4,-657.6,440.1)mm  mpc_target=(133.2,-661.1,440.1)mm  err=3.5mm  ref_lag=50.1mm  repeat=1/1  ref_idx=3334  v_cmd=116.7mm/s  |u|=529.6mm/s²  F=2.5N  comfort_raw=0.999  comfort_ctrl=1.000  motion=1.000  step_lim=3.5mm  pinn_ready=False pinn_busy=False
[10:16:22][RunControl][INFO] [Step 7450] pos=(135.7,-678.0,438.9)mm  mpc_target=(136.3,-681.2,437.7)mm  err=3.5mm  ref_lag=53.4mm  repeat=1/1  ref_idx=3346  v_cmd=116.7mm/s  |u|=714.5mm/s²  F=2.9N  comfort_raw=0.999  comfort_ctrl=1.000  motion=1.000  step_lim=3.5mm  pinn_ready=False pinn_busy=False
[10:16:23][RunControl][INFO] [Step 7500] pos=(138.3,-696.3,430.5)mm  mpc_target=(138.7,-699.0,428.3)mm  err=3.5mm  ref_lag=54.3mm  repeat=1/1  ref_idx=3353  v_cmd=116.7mm/s  |u|=711.1mm/s²  F=1.5N  comfort_raw=1.000  comfort_ctrl=1.000  motion=1.000  step_lim=3.5mm  pinn_ready=False pinn_busy=False
[10:16:25][RunControl][INFO] [Step 7550] pos=(140.3,-711.6,416.5)mm  mpc_target=(140.6,-713.9,413.9)mm  err=3.5mm  ref_lag=55.2mm  repeat=1/1  ref_idx=3360  v_cmd=116.7mm/s  |u|=697.2mm/s²  F=2.2N  comfort_raw=1.000  comfort_ctrl=1.000  motion=1.000  step_lim=3.5mm  pinn_ready=False pinn_busy=False
[10:16:26][RunControl][INFO] [Step 7600] pos=(141.7,-723.8,399.4)mm  mpc_target=(141.9,-725.8,396.5)mm  err=3.5mm  ref_lag=53.3mm  repeat=1/1  ref_idx=3367  v_cmd=116.7mm/s  |u|=615.5mm/s²  F=1.7N  comfort_raw=1.000  comfort_ctrl=1.000  motion=1.000  step_lim=3.5mm  pinn_ready=False pinn_busy=False
[10:16:28][RunControl][INFO] [Step 7650] pos=(142.5,-732.7,380.7)mm  mpc_target=(142.6,-734.3,377.6)mm  err=3.5mm  ref_lag=53.6mm  repeat=1/1  ref_idx=3376  v_cmd=116.7mm/s  |u|=580.1mm/s²  F=2.1N  comfort_raw=1.000  comfort_ctrl=1.000  motion=1.000  step_lim=3.5mm  pinn_ready=False pinn_busy=False
[10:16:29][RunControl][INFO] [Step 7700] pos=(142.8,-739.2,361.0)mm  mpc_target=(142.8,-740.6,357.8)mm  err=3.5mm  ref_lag=52.3mm  repeat=1/1  ref_idx=3385  v_cmd=116.7mm/s  |u|=545.4mm/s²  F=2.4N  comfort_raw=0.999  comfort_ctrl=1.000  motion=1.000  step_lim=3.5mm  pinn_ready=False pinn_busy=False
[10:16:31][RunControl][INFO] [Step 7750] pos=(142.7,-744.2,341.1)mm  mpc_target=(142.7,-745.3,337.8)mm  err=3.5mm  ref_lag=51.1mm  repeat=1/1  ref_idx=3395  v_cmd=116.7mm/s  |u|=536.6mm/s²  F=2.8N  comfort_raw=0.999  comfort_ctrl=1.000  motion=1.000  step_lim=3.5mm  pinn_ready=False pinn_busy=False
[10:16:32][RunControl][INFO] [Step 7800] pos=(142.6,-748.6,320.8)mm  mpc_target=(142.7,-749.6,317.5)mm  err=3.5mm  ref_lag=50.4mm  repeat=1/1  ref_idx=3406  v_cmd=116.7mm/s  |u|=523.3mm/s²  F=2.8N  comfort_raw=0.999  comfort_ctrl=1.000  motion=1.000  step_lim=3.5mm  pinn_ready=False pinn_busy=False
[10:16:34][RunControl][INFO] [Step 7850] pos=(143.1,-752.1,300.4)mm  mpc_target=(143.4,-752.8,296.9)mm  err=3.5mm  ref_lag=49.2mm  repeat=1/1  ref_idx=3419  v_cmd=116.7mm/s  |u|=504.2mm/s²  F=2.7N  comfort_raw=0.995  comfort_ctrl=1.000  motion=1.000  step_lim=3.5mm  pinn_ready=False pinn_busy=False
[10:16:35][RunControl][INFO] [Step 7900] pos=(144.4,-753.4,279.6)mm  mpc_target=(144.8,-753.2,276.1)mm  err=3.5mm  ref_lag=44.5mm  repeat=1/1  ref_idx=3435  v_cmd=116.7mm/s  |u|=523.9mm/s²  F=2.9N  comfort_raw=0.993  comfort_ctrl=1.000  motion=1.000  step_lim=3.5mm  pinn_ready=False pinn_busy=False
[10:16:37][RunControl][INFO] [Step 7950] pos=(146.2,-750.0,259.0)mm  mpc_target=(146.5,-748.5,255.9)mm  err=3.5mm  ref_lag=40.3mm  repeat=1/1  ref_idx=3457  v_cmd=116.7mm/s  |u|=404.9mm/s²  F=2.9N  comfort_raw=0.998  comfort_ctrl=1.000  motion=1.000  step_lim=3.5mm  pinn_ready=False pinn_busy=False
[10:16:38][RunControl][INFO] [Step 8000] pos=(147.4,-738.6,241.7)mm  mpc_target=(147.5,-735.7,239.8)mm  err=3.5mm  ref_lag=28.2mm  repeat=1/1  ref_idx=3488  v_cmd=116.7mm/s  |u|=263.2mm/s²  F=2.5N  comfort_raw=1.000  comfort_ctrl=1.000  motion=1.000  step_lim=3.5mm  pinn_ready=False pinn_busy=False
[10:16:40][RunControl][INFO] [Step 8050] pos=(145.9,-722.9,247.2)mm  mpc_target=(145.4,-721.8,250.5)mm  err=3.5mm  ref_lag=43.0mm  repeat=1/1  ref_idx=3526  v_cmd=116.7mm/s  |u|=510.6mm/s²  F=2.4N  comfort_raw=0.999  comfort_ctrl=1.000  motion=1.000  step_lim=3.5mm  pinn_ready=False pinn_busy=False
[10:16:41][RunControl][INFO] [Step 8100] pos=(144.7,-719.2,267.7)mm  mpc_target=(144.4,-718.6,271.1)mm  err=3.5mm  ref_lag=54.1mm  repeat=1/1  ref_idx=3537  v_cmd=116.7mm/s  |u|=506.6mm/s²  F=2.4N  comfort_raw=1.000  comfort_ctrl=1.000  motion=1.000  step_lim=3.5mm  pinn_ready=False pinn_busy=False
[10:16:43][RunControl][INFO] [Step 8150] pos=(143.8,-716.8,288.5)mm  mpc_target=(143.6,-716.4,292.0)mm  err=3.5mm  ref_lag=55.4mm  repeat=1/1  ref_idx=3544  v_cmd=116.7mm/s  |u|=502.1mm/s²  F=3.0N  comfort_raw=1.000  comfort_ctrl=1.000  motion=1.000  step_lim=3.5mm  pinn_ready=False pinn_busy=False
[10:16:44][RunControl][INFO] [Step 8200] pos=(143.6,-715.2,309.6)mm  mpc_target=(143.4,-715.0,313.1)mm  err=3.5mm  ref_lag=53.2mm  repeat=1/1  ref_idx=3550  v_cmd=116.7mm/s  |u|=500.8mm/s²  F=2.6N  comfort_raw=0.999  comfort_ctrl=1.000  motion=1.000  step_lim=3.5mm  pinn_ready=False pinn_busy=False
[10:16:46][RunControl][INFO] [Step 8250] pos=(143.5,-714.3,330.9)mm  mpc_target=(143.5,-714.1,334.3)mm  err=3.5mm  ref_lag=55.1mm  repeat=1/1  ref_idx=3557  v_cmd=116.7mm/s  |u|=501.5mm/s²  F=2.6N  comfort_raw=0.999  comfort_ctrl=1.000  motion=1.000  step_lim=3.5mm  pinn_ready=False pinn_busy=False
[10:16:47][RunControl][INFO] [Step 8300] pos=(143.5,-713.6,352.0)mm  mpc_target=(143.6,-713.4,355.5)mm  err=3.5mm  ref_lag=56.2mm  repeat=1/1  ref_idx=3563  v_cmd=116.7mm/s  |u|=502.1mm/s²  F=3.0N  comfort_raw=0.998  comfort_ctrl=1.000  motion=1.000  step_lim=3.5mm  pinn_ready=False pinn_busy=False
[10:16:49][RunControl][INFO] [Step 8350] pos=(143.7,-712.9,372.9)mm  mpc_target=(143.8,-712.7,376.4)mm  err=3.5mm  ref_lag=54.0mm  repeat=1/1  ref_idx=3568  v_cmd=116.7mm/s  |u|=504.5mm/s²  F=2.5N  comfort_raw=1.000  comfort_ctrl=1.000  motion=1.000  step_lim=3.5mm  pinn_ready=False pinn_busy=False
[10:16:50][RunControl][INFO] [Step 8400] pos=(144.2,-712.1,393.7)mm  mpc_target=(144.4,-711.8,397.2)mm  err=3.5mm  ref_lag=46.4mm  repeat=1/1  ref_idx=3576  v_cmd=116.7mm/s  |u|=392.8mm/s²  F=3.1N  comfort_raw=0.995  comfort_ctrl=1.000  motion=1.000  step_lim=3.5mm  pinn_ready=False pinn_busy=False
[10:16:52][RunControl][INFO] [Step 8450] pos=(145.6,-707.8,413.9)mm  mpc_target=(145.9,-705.6,416.6)mm  err=3.5mm  ref_lag=33.7mm  repeat=1/1  ref_idx=3604  v_cmd=116.7mm/s  |u|=428.2mm/s²  F=2.8N  comfort_raw=0.999  comfort_ctrl=1.000  motion=1.000  step_lim=3.5mm  pinn_ready=False pinn_busy=False
[10:16:54][RunControl][INFO] [Step 8500] pos=(146.4,-690.3,424.4)mm  mpc_target=(146.5,-687.0,425.6)mm  err=3.5mm  ref_lag=47.5mm  repeat=1/1  ref_idx=3629  v_cmd=116.7mm/s  |u|=516.2mm/s²  F=2.8N  comfort_raw=0.997  comfort_ctrl=1.000  motion=1.000  step_lim=3.5mm  pinn_ready=False pinn_busy=False
[10:16:55][RunControl][INFO] [Step 8550] pos=(146.6,-669.9,428.9)mm  mpc_target=(146.7,-666.5,429.6)mm  err=3.5mm  ref_lag=52.0mm  repeat=1/1  ref_idx=3641  v_cmd=116.7mm/s  |u|=510.7mm/s²  F=2.5N  comfort_raw=0.999  comfort_ctrl=1.000  motion=1.000  step_lim=3.5mm  pinn_ready=False pinn_busy=False
[10:16:57][RunControl][INFO] [Step 8600] pos=(146.6,-649.2,431.7)mm  mpc_target=(146.6,-645.7,432.3)mm  err=3.5mm  ref_lag=52.3mm  repeat=1/1  ref_idx=3650  v_cmd=116.7mm/s  |u|=507.3mm/s²  F=2.8N  comfort_raw=1.000  comfort_ctrl=1.000  motion=1.000  step_lim=3.5mm  pinn_ready=False pinn_busy=False
[10:16:58][RunControl][INFO] [Step 8650] pos=(146.6,-628.3,434.0)mm  mpc_target=(146.5,-624.8,434.4)mm  err=3.5mm  ref_lag=52.4mm  repeat=1/1  ref_idx=3659  v_cmd=116.7mm/s  |u|=505.0mm/s²  F=2.8N  comfort_raw=0.999  comfort_ctrl=1.000  motion=1.000  step_lim=3.5mm  pinn_ready=False pinn_busy=False
[10:17:00][RunControl][INFO] [Step 8700] pos=(146.3,-607.3,435.5)mm  mpc_target=(146.1,-603.8,435.8)mm  err=3.5mm  ref_lag=54.0mm  repeat=1/1  ref_idx=3668  v_cmd=116.7mm/s  |u|=504.1mm/s²  F=2.3N  comfort_raw=1.000  comfort_ctrl=1.000  motion=1.000  step_lim=3.5mm  pinn_ready=False pinn_busy=False
[10:17:01][RunControl][INFO] [Step 8750] pos=(145.8,-586.2,436.7)mm  mpc_target=(145.7,-582.7,436.9)mm  err=3.5mm  ref_lag=53.3mm  repeat=1/1  ref_idx=3676  v_cmd=116.7mm/s  |u|=503.5mm/s²  F=2.2N  comfort_raw=0.999  comfort_ctrl=1.000  motion=1.000  step_lim=3.5mm  pinn_ready=False pinn_busy=False
[10:17:03][RunControl][INFO] [Step 8800] pos=(145.3,-565.2,437.5)mm  mpc_target=(145.1,-561.7,437.7)mm  err=3.5mm  ref_lag=52.6mm  repeat=1/1  ref_idx=3684  v_cmd=116.7mm/s  |u|=503.3mm/s²  F=2.6N  comfort_raw=0.998  comfort_ctrl=1.000  motion=1.000  step_lim=3.5mm  pinn_ready=False pinn_busy=False
[10:17:04][RunControl][INFO] [Step 8850] pos=(145.1,-544.2,438.2)mm  mpc_target=(144.8,-540.7,438.3)mm  err=3.5mm  ref_lag=53.0mm  repeat=1/1  ref_idx=3692  v_cmd=116.7mm/s  |u|=505.3mm/s²  F=2.1N  comfort_raw=1.000  comfort_ctrl=1.000  motion=1.000  step_lim=3.5mm  pinn_ready=False pinn_busy=False
[10:17:06][RunControl][INFO] [Step 8900] pos=(144.0,-523.4,438.7)mm  mpc_target=(143.3,-519.9,438.8)mm  err=3.5mm  ref_lag=38.1mm  repeat=1/1  ref_idx=3708  v_cmd=116.7mm/s  |u|=314.3mm/s²  F=2.6N  comfort_raw=0.998  comfort_ctrl=1.000  motion=1.000  step_lim=3.5mm  pinn_ready=False pinn_busy=False
[10:17:07][RunControl][INFO] [Step 8950] pos=(137.5,-503.8,439.2)mm  mpc_target=(135.0,-501.3,439.3)mm  err=3.5mm  ref_lag=25.5mm  repeat=1/1  ref_idx=3745  v_cmd=116.7mm/s  |u|=252.9mm/s²  F=2.8N  comfort_raw=0.999  comfort_ctrl=1.000  motion=1.000  step_lim=3.5mm  pinn_ready=False pinn_busy=False
[10:17:09][RunControl][INFO] [Step 9000] pos=(119.0,-494.6,439.6)mm  mpc_target=(115.6,-493.6,439.6)mm  err=3.5mm  ref_lag=29.9mm  repeat=1/1  ref_idx=3786  v_cmd=116.7mm/s  |u|=307.3mm/s²  F=2.5N  comfort_raw=1.000  comfort_ctrl=1.000  motion=1.000  step_lim=3.5mm  pinn_ready=False pinn_busy=False
[10:17:10][RunControl][INFO] [Step 9050] pos=(98.3,-491.1,439.7)mm  mpc_target=(94.9,-490.5,439.8)mm  err=3.5mm  ref_lag=31.4mm  repeat=1/1  ref_idx=3822  v_cmd=116.7mm/s  |u|=322.2mm/s²  F=2.1N  comfort_raw=1.000  comfort_ctrl=1.000  motion=1.000  step_lim=3.5mm  pinn_ready=False pinn_busy=False
[10:17:12][RunControl][INFO] [Step 9100] pos=(77.4,-489.0,439.8)mm  mpc_target=(73.9,-488.6,439.9)mm  err=3.5mm  ref_lag=28.5mm  repeat=1/1  ref_idx=3859  v_cmd=116.7mm/s  |u|=291.5mm/s²  F=2.9N  comfort_raw=0.993  comfort_ctrl=1.000  motion=1.000  step_lim=3.5mm  pinn_ready=False pinn_busy=False
[10:17:13][RunControl][INFO] [Step 9150] pos=(56.5,-487.6,439.9)mm  mpc_target=(53.0,-487.3,439.9)mm  err=3.5mm  ref_lag=18.9mm  repeat=1/1  ref_idx=3903  v_cmd=116.7mm/s  |u|=140.6mm/s²  F=2.3N  comfort_raw=1.000  comfort_ctrl=1.000  motion=1.000  step_lim=3.5mm  pinn_ready=False pinn_busy=False
[10:17:15][RunControl][INFO] [Step 9200] pos=(47.2,-487.0,439.9)mm  mpc_target=(47.2,-487.0,439.9)mm  err=0.0mm  ref_lag=6.0mm  repeat=1/1  ref_idx=3953  v_cmd=0.4mm/s  |u|=22.4mm/s²  F=2.8N  comfort_raw=0.998  comfort_ctrl=1.000  motion=1.000  step_lim=3.5mm  pinn_ready=False pinn_busy=False
[10:17:16][RunControl][INFO] [Step 9250] pos=(48.2,-486.9,439.9)mm  mpc_target=(51.7,-486.7,439.9)mm  err=3.5mm  ref_lag=13.6mm  repeat=1/1  ref_idx=4003  v_cmd=116.7mm/s  |u|=167.0mm/s²  F=2.4N  comfort_raw=1.000  comfort_ctrl=1.000  motion=1.000  step_lim=3.5mm  pinn_ready=False pinn_busy=False
[10:17:18][RunControl][INFO] [Step 9300] pos=(64.4,-486.4,440.0)mm  mpc_target=(64.4,-486.4,440.0)mm  err=0.0mm  ref_lag=7.8mm  repeat=1/1  ref_idx=4053  v_cmd=0.1mm/s  |u|=17.0mm/s²  F=2.9N  comfort_raw=0.996  comfort_ctrl=1.000  motion=1.000  step_lim=3.5mm  pinn_ready=False pinn_busy=False
[10:17:19][RunControl][INFO] [Step 9350] pos=(63.8,-486.4,440.0)mm  mpc_target=(60.3,-486.3,440.0)mm  err=3.5mm  ref_lag=13.6mm  repeat=1/1  ref_idx=4103  v_cmd=116.7mm/s  |u|=186.2mm/s²  F=2.5N  comfort_raw=0.999  comfort_ctrl=1.000  motion=1.000  step_lim=3.5mm  pinn_ready=False pinn_busy=False
[10:17:21][RunControl][INFO] [Step 9400] pos=(48.9,-486.2,440.0)mm  mpc_target=(48.9,-486.2,440.0)mm  err=0.0mm  ref_lag=8.0mm  repeat=1/1  ref_idx=4153  v_cmd=0.5mm/s  |u|=19.8mm/s²  F=2.3N  comfort_raw=1.000  comfort_ctrl=1.000  motion=1.000  step_lim=3.5mm  pinn_ready=False pinn_busy=False
[10:17:22][RunControl][INFO] [Step 9450] pos=(49.6,-486.2,439.9)mm  mpc_target=(53.1,-486.1,440.0)mm  err=3.5mm  ref_lag=13.7mm  repeat=1/1  ref_idx=4203  v_cmd=116.7mm/s  |u|=194.8mm/s²  F=2.1N  comfort_raw=1.000  comfort_ctrl=1.000  motion=1.000  step_lim=3.5mm  pinn_ready=False pinn_busy=False
[10:17:24][RunControl][INFO] [Step 9500] pos=(69.7,-486.1,440.0)mm  mpc_target=(73.2,-486.1,440.0)mm  err=3.5mm  ref_lag=17.8mm  repeat=1/1  ref_idx=4253  v_cmd=116.7mm/s  |u|=180.7mm/s²  F=2.4N  comfort_raw=0.999  comfort_ctrl=1.000  motion=1.000  step_lim=3.5mm  pinn_ready=False pinn_busy=False
[10:17:25][RunControl][INFO] [Step 9550] pos=(90.9,-486.0,440.0)mm  mpc_target=(94.4,-486.0,440.0)mm  err=3.5mm  ref_lag=19.8mm  repeat=1/1  ref_idx=4303  v_cmd=116.7mm/s  |u|=180.7mm/s²  F=3.2N  comfort_raw=0.994  comfort_ctrl=1.000  motion=1.000  step_lim=3.5mm  pinn_ready=False pinn_busy=False
[10:17:27][RunControl][INFO] [Step 9600] pos=(111.8,-486.0,440.0)mm  mpc_target=(115.2,-486.5,440.0)mm  err=3.5mm  ref_lag=13.7mm  repeat=1/1  ref_idx=4353  v_cmd=116.7mm/s  |u|=259.4mm/s²  F=2.3N  comfort_raw=1.000  comfort_ctrl=1.000  motion=1.000  step_lim=3.5mm  pinn_ready=False pinn_busy=False
[10:17:28][RunControl][INFO] [Step 9650] pos=(119.2,-502.6,440.0)mm  mpc_target=(119.9,-506.0,440.0)mm  err=3.5mm  ref_lag=48.5mm  repeat=1/1  ref_idx=4384  v_cmd=116.7mm/s  |u|=508.5mm/s²  F=3.1N  comfort_raw=0.994  comfort_ctrl=1.000  motion=1.000  step_lim=3.5mm  pinn_ready=False pinn_busy=False
[10:17:30][RunControl][INFO] [Step 9700] pos=(122.3,-523.2,440.0)mm  mpc_target=(123.0,-526.7,440.0)mm  err=3.5mm  ref_lag=50.3mm  repeat=1/1  ref_idx=4396  v_cmd=116.7mm/s  |u|=509.9mm/s²  F=2.3N  comfort_raw=0.997  comfort_ctrl=1.000  motion=1.000  step_lim=3.5mm  pinn_ready=False pinn_busy=False
[10:17:31][RunControl][INFO] [Step 9750] pos=(125.2,-544.0,440.0)mm  mpc_target=(125.8,-547.5,440.0)mm  err=3.5mm  ref_lag=50.0mm  repeat=1/1  ref_idx=4408  v_cmd=116.7mm/s  |u|=510.6mm/s²  F=3.1N  comfort_raw=0.994  comfort_ctrl=1.000  motion=1.000  step_lim=3.5mm  pinn_ready=False pinn_busy=False
[10:17:33][RunControl][INFO] [Step 9800] pos=(128.0,-564.9,440.0)mm  mpc_target=(128.7,-568.3,440.0)mm  err=3.5mm  ref_lag=50.1mm  repeat=1/1  ref_idx=4421  v_cmd=116.7mm/s  |u|=512.7mm/s²  F=2.9N  comfort_raw=0.999  comfort_ctrl=1.000  motion=1.000  step_lim=3.5mm  pinn_ready=False pinn_busy=False
[10:17:34][RunControl][INFO] [Step 9850] pos=(131.0,-585.7,440.0)mm  mpc_target=(131.6,-589.1,440.0)mm  err=3.5mm  ref_lag=51.1mm  repeat=1/1  ref_idx=4433  v_cmd=116.7mm/s  |u|=517.3mm/s²  F=2.8N  comfort_raw=0.998  comfort_ctrl=1.000  motion=1.000  step_lim=3.5mm  pinn_ready=False pinn_busy=False
[10:17:36][RunControl][INFO] 用户中止控制
[10:17:36][RunControl][INFO] === 控制系统已停止 ===
