[10:06:52][RunControl][INFO] 等待反馈稳定 2s...
[10:06:56][RunControl][INFO] 已将当前末端姿态锁定为夹爪向下姿态: rx=176.16, ry=3.94, rz=-151.36
[10:06:56][ComfortNet][INFO] 舒适度模型已加载: models/comfort_net.pth  [mode=pinn_force, dim=12]
[10:06:56][MPC][INFO] MPC初始化: horizon=8, dt=0.03s, dim=3
[10:06:56][RunControl][INFO] 在线PINN后台更新: 关闭
[10:06:56][RunControl][INFO] control参考轨迹来源: 真实CSV path=bone_return_3.csv, mode=point, point=RWrist, joints=('RShoulder', 'RElbow', 'RWrist'), points=14991
[10:06:56][RunControl][INFO] 参考轨迹空间范围: x=[-70.0,195.2] y=[-785.4,-486.0] z=[215.8,440.0] mm
[10:06:56][RunControl][INFO] control参考轨迹重复次数: 1
[10:06:56][RunControl][INFO] 当前位置距控制轨迹起点 202.4mm，先移动到起点 (110.0,-666.0,260.0)
[10:07:01][RunControl][INFO] 已到达控制轨迹起点: pos=(110.0,-666.0,260.0)mm
[10:07:02][RunControl][INFO] === 控制循环启动 ===
[10:07:02][RunControl][INFO] [Step    0] pos=(110.0,-666.0,260.0)mm  mpc_target=(110.0,-666.0,260.0)mm  err=0.0mm  ref_lag=0.7mm  repeat=1/1  ref_idx=0  v_cmd=0.4mm/s  |u|=25.2mm/s²  F=0.7N  comfort_raw=1.000  comfort_ctrl=1.000  motion=1.000  step_lim=3.0mm  pinn_ready=False pinn_busy=False
[10:07:03][RunControl][INFO] [Step   50] pos=(111.6,-674.2,268.4)mm  mpc_target=(112.2,-676.1,270.7)mm  err=3.0mm  ref_lag=39.9mm  repeat=1/1  ref_idx=43  v_cmd=100.0mm/s  |u|=616.1mm/s²  F=0.3N  comfort_raw=1.000  comfort_ctrl=1.000  motion=1.000  step_lim=3.0mm  pinn_ready=False pinn_busy=False
[10:07:05][RunControl][INFO] [Step  100] pos=(114.8,-683.9,284.1)mm  mpc_target=(115.4,-685.4,286.6)mm  err=3.0mm  ref_lag=51.2mm  repeat=1/1  ref_idx=59  v_cmd=100.0mm/s  |u|=597.3mm/s²  F=0.5N  comfort_raw=1.000  comfort_ctrl=1.000  motion=1.000  step_lim=3.0mm  pinn_ready=False pinn_busy=False
[10:07:06][RunControl][INFO] [Step  150] pos=(118.0,-690.5,300.9)mm  mpc_target=(118.6,-691.7,303.6)mm  err=3.0mm  ref_lag=53.1mm  repeat=1/1  ref_idx=69  v_cmd=100.0mm/s  |u|=569.7mm/s²  F=0.1N  comfort_raw=1.000  comfort_ctrl=1.000  motion=1.000  step_lim=3.0mm  pinn_ready=False pinn_busy=False
[10:07:08][RunControl][INFO] [Step  200] pos=(121.1,-695.0,318.3)mm  mpc_target=(121.8,-696.0,321.1)mm  err=3.0mm  ref_lag=54.5mm  repeat=1/1  ref_idx=77  v_cmd=100.0mm/s  |u|=554.0mm/s²  F=0.2N  comfort_raw=1.000  comfort_ctrl=1.000  motion=1.000  step_lim=3.0mm  pinn_ready=False pinn_busy=False
[10:07:09][RunControl][INFO] [Step  250] pos=(124.2,-698.5,336.2)mm  mpc_target=(124.8,-699.2,339.0)mm  err=3.0mm  ref_lag=55.4mm  repeat=1/1  ref_idx=84  v_cmd=100.0mm/s  |u|=548.6mm/s²  F=1.1N  comfort_raw=1.000  comfort_ctrl=1.000  motion=1.000  step_lim=3.0mm  pinn_ready=False pinn_busy=False
[10:07:11][RunControl][INFO] [Step  300] pos=(127.3,-701.0,354.4)mm  mpc_target=(127.9,-701.5,357.3)mm  err=3.0mm  ref_lag=54.5mm  repeat=1/1  ref_idx=90  v_cmd=100.0mm/s  |u|=543.8mm/s²  F=0.2N  comfort_raw=1.000  comfort_ctrl=1.000  motion=1.000  step_lim=3.0mm  pinn_ready=False pinn_busy=False
[10:07:12][RunControl][INFO] [Step  350] pos=(130.5,-702.4,372.7)mm  mpc_target=(131.1,-702.8,375.6)mm  err=3.0mm  ref_lag=54.3mm  repeat=1/1  ref_idx=96  v_cmd=100.0mm/s  |u|=540.2mm/s²  F=0.3N  comfort_raw=1.000  comfort_ctrl=1.000  motion=1.000  step_lim=3.0mm  pinn_ready=False pinn_busy=False
[10:07:14][RunControl][INFO] [Step  400] pos=(133.6,-703.3,391.0)mm  mpc_target=(134.3,-703.5,393.9)mm  err=3.0mm  ref_lag=50.6mm  repeat=1/1  ref_idx=103  v_cmd=100.0mm/s  |u|=456.8mm/s²  F=0.3N  comfort_raw=1.000  comfort_ctrl=1.000  motion=1.000  step_lim=3.0mm  pinn_ready=False pinn_busy=False
[10:07:15][RunControl][INFO] [Step  450] pos=(138.3,-702.0,408.7)mm  mpc_target=(139.5,-700.8,411.1)mm  err=3.0mm  ref_lag=38.5mm  repeat=1/1  ref_idx=124  v_cmd=100.0mm/s  |u|=517.5mm/s²  F=0.4N  comfort_raw=1.000  comfort_ctrl=1.000  motion=1.000  step_lim=3.0mm  pinn_ready=False pinn_busy=False
[10:07:17][RunControl][INFO] [Step  500] pos=(143.6,-688.6,420.2)mm  mpc_target=(144.3,-686.0,421.4)mm  err=3.0mm  ref_lag=47.7mm  repeat=1/1  ref_idx=145  v_cmd=100.0mm/s  |u|=538.9mm/s²  F=0.3N  comfort_raw=1.000  comfort_ctrl=1.000  motion=1.000  step_lim=3.0mm  pinn_ready=False pinn_busy=False
[10:07:18][RunControl][INFO] [Step  550] pos=(146.4,-671.0,425.4)mm  mpc_target=(146.8,-668.1,426.3)mm  err=3.0mm  ref_lag=50.6mm  repeat=1/1  ref_idx=157  v_cmd=100.0mm/s  |u|=518.2mm/s²  F=0.2N  comfort_raw=1.000  comfort_ctrl=1.000  motion=1.000  step_lim=3.0mm  pinn_ready=False pinn_busy=False
[10:07:20][RunControl][INFO] [Step  600] pos=(147.9,-652.7,429.0)mm  mpc_target=(148.1,-649.8,429.6)mm  err=3.0mm  ref_lag=51.9mm  repeat=1/1  ref_idx=168  v_cmd=100.0mm/s  |u|=511.2mm/s²  F=0.4N  comfort_raw=1.000  comfort_ctrl=1.000  motion=1.000  step_lim=3.0mm  pinn_ready=False pinn_busy=False
[10:07:21][RunControl][INFO] [Step  650] pos=(148.5,-634.3,431.6)mm  mpc_target=(148.5,-631.3,432.1)mm  err=3.0mm  ref_lag=50.8mm  repeat=1/1  ref_idx=178  v_cmd=100.0mm/s  |u|=507.4mm/s²  F=0.5N  comfort_raw=1.000  comfort_ctrl=1.000  motion=1.000  step_lim=3.0mm  pinn_ready=False pinn_busy=False
[10:07:23][RunControl][INFO] [Step  700] pos=(148.4,-615.6,433.6)mm  mpc_target=(148.4,-612.6,434.0)mm  err=3.0mm  ref_lag=51.3mm  repeat=1/1  ref_idx=190  v_cmd=100.0mm/s  |u|=506.2mm/s²  F=0.1N  comfort_raw=1.000  comfort_ctrl=1.000  motion=1.000  step_lim=3.0mm  pinn_ready=False pinn_busy=False
[10:07:24][RunControl][INFO] [Step  750] pos=(148.0,-597.0,435.2)mm  mpc_target=(147.7,-594.0,435.5)mm  err=3.0mm  ref_lag=50.6mm  repeat=1/1  ref_idx=202  v_cmd=100.0mm/s  |u|=508.3mm/s²  F=0.2N  comfort_raw=1.000  comfort_ctrl=1.000  motion=1.000  step_lim=3.0mm  pinn_ready=False pinn_busy=False
[10:07:26][RunControl][INFO] [Step  800] pos=(147.0,-578.3,436.4)mm  mpc_target=(146.6,-575.4,436.6)mm  err=3.0mm  ref_lag=51.5mm  repeat=1/1  ref_idx=214  v_cmd=100.0mm/s  |u|=513.2mm/s²  F=0.7N  comfort_raw=1.000  comfort_ctrl=1.000  motion=1.000  step_lim=3.0mm  pinn_ready=False pinn_busy=False
[10:07:27][RunControl][INFO] [Step  850] pos=(145.3,-559.8,437.2)mm  mpc_target=(144.8,-556.8,437.4)mm  err=3.0mm  ref_lag=50.8mm  repeat=1/1  ref_idx=225  v_cmd=100.0mm/s  |u|=516.7mm/s²  F=0.7N  comfort_raw=1.000  comfort_ctrl=1.000  motion=1.000  step_lim=3.0mm  pinn_ready=False pinn_busy=False
[10:07:29][RunControl][INFO] [Step  900] pos=(143.1,-541.4,437.9)mm  mpc_target=(142.5,-538.5,438.1)mm  err=3.0mm  ref_lag=51.2mm  repeat=1/1  ref_idx=237  v_cmd=100.0mm/s  |u|=523.0mm/s²  F=0.4N  comfort_raw=1.000  comfort_ctrl=1.000  motion=1.000  step_lim=3.0mm  pinn_ready=False pinn_busy=False
[10:07:30][RunControl][INFO] [Step  950] pos=(140.2,-523.2,438.5)mm  mpc_target=(139.2,-520.4,438.6)mm  err=3.0mm  ref_lag=39.5mm  repeat=1/1  ref_idx=253  v_cmd=100.0mm/s  |u|=352.9mm/s²  F=0.9N  comfort_raw=1.000  comfort_ctrl=1.000  motion=1.000  step_lim=3.0mm  pinn_ready=False pinn_busy=False
[10:07:32][RunControl][INFO] [Step 1000] pos=(132.6,-506.5,439.0)mm  mpc_target=(130.5,-504.4,439.1)mm  err=3.0mm  ref_lag=29.1mm  repeat=1/1  ref_idx=286  v_cmd=100.0mm/s  |u|=288.0mm/s²  F=0.6N  comfort_raw=1.000  comfort_ctrl=1.000  motion=1.000  step_lim=3.0mm  pinn_ready=False pinn_busy=False
[10:07:34][RunControl][INFO] [Step 1050] pos=(116.5,-496.8,439.4)mm  mpc_target=(113.7,-495.7,439.5)mm  err=3.0mm  ref_lag=29.3mm  repeat=1/1  ref_idx=325  v_cmd=100.0mm/s  |u|=299.8mm/s²  F=0.4N  comfort_raw=1.000  comfort_ctrl=1.000  motion=1.000  step_lim=3.0mm  pinn_ready=False pinn_busy=False
[10:07:35][RunControl][INFO] [Step 1100] pos=(98.4,-492.7,439.6)mm  mpc_target=(95.4,-492.1,439.6)mm  err=3.0mm  ref_lag=32.7mm  repeat=1/1  ref_idx=361  v_cmd=100.0mm/s  |u|=328.9mm/s²  F=0.4N  comfort_raw=1.000  comfort_ctrl=1.000  motion=1.000  step_lim=3.0mm  pinn_ready=False pinn_busy=False
[10:07:37][RunControl][INFO] [Step 1150] pos=(79.9,-490.3,439.7)mm  mpc_target=(76.9,-489.9,439.8)mm  err=3.0mm  ref_lag=31.4mm  repeat=1/1  ref_idx=396  v_cmd=100.0mm/s  |u|=313.7mm/s²  F=0.2N  comfort_raw=1.000  comfort_ctrl=1.000  motion=1.000  step_lim=3.0mm  pinn_ready=False pinn_busy=False
[10:07:38][RunControl][INFO] [Step 1200] pos=(61.2,-488.6,439.8)mm  mpc_target=(58.3,-488.3,439.8)mm  err=3.0mm  ref_lag=26.8mm  repeat=1/1  ref_idx=434  v_cmd=100.0mm/s  |u|=265.8mm/s²  F=0.2N  comfort_raw=1.000  comfort_ctrl=1.000  motion=1.000  step_lim=3.0mm  pinn_ready=False pinn_busy=False
[10:07:40][RunControl][INFO] [Step 1250] pos=(42.5,-487.4,439.9)mm  mpc_target=(39.5,-487.2,439.9)mm  err=3.0mm  ref_lag=22.4mm  repeat=1/1  ref_idx=478  v_cmd=100.0mm/s  |u|=209.7mm/s²  F=0.4N  comfort_raw=1.000  comfort_ctrl=1.000  motion=1.000  step_lim=3.0mm  pinn_ready=False pinn_busy=False
[10:07:41][RunControl][INFO] [Step 1300] pos=(24.0,-486.6,439.9)mm  mpc_target=(23.5,-486.6,439.9)mm  err=0.5mm  ref_lag=10.5mm  repeat=1/1  ref_idx=528  v_cmd=17.5mm/s  |u|=52.1mm/s²  F=0.4N  comfort_raw=1.000  comfort_ctrl=1.000  motion=1.000  step_lim=3.0mm  pinn_ready=False pinn_busy=False
[10:07:43][RunControl][INFO] [Step 1350] pos=(23.1,-486.6,439.9)mm  mpc_target=(23.1,-486.6,439.9)mm  err=0.0mm  ref_lag=4.4mm  repeat=1/1  ref_idx=578  v_cmd=0.6mm/s  |u|=18.8mm/s²  F=0.3N  comfort_raw=1.000  comfort_ctrl=1.000  motion=1.000  step_lim=3.0mm  pinn_ready=False pinn_busy=False
[10:07:44][RunControl][INFO] [Step 1400] pos=(24.0,-486.6,439.9)mm  mpc_target=(26.6,-486.4,439.9)mm  err=2.6mm  ref_lag=12.6mm  repeat=1/1  ref_idx=628  v_cmd=87.5mm/s  |u|=148.6mm/s²  F=0.3N  comfort_raw=1.000  comfort_ctrl=1.000  motion=1.000  step_lim=3.0mm  pinn_ready=False pinn_busy=False
[10:07:46][RunControl][INFO] [Step 1450] pos=(41.7,-486.2,440.0)mm  mpc_target=(44.3,-486.1,440.0)mm  err=2.5mm  ref_lag=12.5mm  repeat=1/1  ref_idx=678  v_cmd=84.4mm/s  |u|=128.0mm/s²  F=0.4N  comfort_raw=1.000  comfort_ctrl=1.000  motion=1.000  step_lim=3.0mm  pinn_ready=False pinn_busy=False
[10:07:47][RunControl][INFO] [Step 1500] pos=(55.0,-486.1,440.0)mm  mpc_target=(55.5,-486.1,440.0)mm  err=0.5mm  ref_lag=10.5mm  repeat=1/1  ref_idx=728  v_cmd=17.9mm/s  |u|=97.2mm/s²  F=0.2N  comfort_raw=1.000  comfort_ctrl=1.000  motion=1.000  step_lim=3.0mm  pinn_ready=False pinn_busy=False
[10:07:49][RunControl][INFO] [Step 1550] pos=(56.4,-486.0,440.0)mm  mpc_target=(56.5,-486.0,440.0)mm  err=0.0mm  ref_lag=4.9mm  repeat=1/1  ref_idx=778  v_cmd=0.5mm/s  |u|=12.6mm/s²  F=0.2N  comfort_raw=1.000  comfort_ctrl=1.000  motion=1.000  step_lim=3.0mm  pinn_ready=False pinn_busy=False
[10:07:50][RunControl][INFO] [Step 1600] pos=(55.8,-486.1,440.0)mm  mpc_target=(53.1,-486.0,440.0)mm  err=2.7mm  ref_lag=12.7mm  repeat=1/1  ref_idx=828  v_cmd=90.4mm/s  |u|=159.5mm/s²  F=0.7N  comfort_raw=1.000  comfort_ctrl=1.000  motion=1.000  step_lim=3.0mm  pinn_ready=False pinn_busy=False
[10:07:52][RunControl][INFO] [Step 1650] pos=(41.4,-486.1,440.0)mm  mpc_target=(41.3,-486.1,440.0)mm  err=0.1mm  ref_lag=10.0mm  repeat=1/1  ref_idx=878  v_cmd=2.8mm/s  |u|=78.1mm/s²  F=0.2N  comfort_raw=1.000  comfort_ctrl=1.000  motion=1.000  step_lim=3.0mm  pinn_ready=False pinn_busy=False
[10:07:53][RunControl][INFO] [Step 1700] pos=(41.4,-486.0,440.0)mm  mpc_target=(41.5,-486.0,440.0)mm  err=0.1mm  ref_lag=6.2mm  repeat=1/1  ref_idx=928  v_cmd=2.4mm/s  |u|=129.0mm/s²  F=0.5N  comfort_raw=1.000  comfort_ctrl=1.000  motion=1.000  step_lim=3.0mm  pinn_ready=False pinn_busy=False
[10:07:55][RunControl][INFO] [Step 1750] pos=(54.6,-486.0,440.0)mm  mpc_target=(57.6,-486.0,440.0)mm  err=3.0mm  ref_lag=21.2mm  repeat=1/1  ref_idx=977  v_cmd=100.0mm/s  |u|=215.7mm/s²  F=1.0N  comfort_raw=1.000  comfort_ctrl=1.000  motion=1.000  step_lim=3.0mm  pinn_ready=False pinn_busy=False
[10:07:56][RunControl][INFO] [Step 1800] pos=(73.4,-486.0,440.0)mm  mpc_target=(76.4,-486.0,440.0)mm  err=3.0mm  ref_lag=25.6mm  repeat=1/1  ref_idx=1022  v_cmd=100.0mm/s  |u|=237.9mm/s²  F=0.6N  comfort_raw=1.000  comfort_ctrl=1.000  motion=1.000  step_lim=3.0mm  pinn_ready=False pinn_busy=False
[10:07:58][RunControl][INFO] [Step 1850] pos=(92.2,-486.0,440.0)mm  mpc_target=(95.2,-486.0,440.0)mm  err=3.0mm  ref_lag=21.2mm  repeat=1/1  ref_idx=1067  v_cmd=100.0mm/s  |u|=203.7mm/s²  F=0.7N  comfort_raw=1.000  comfort_ctrl=1.000  motion=1.000  step_lim=3.0mm  pinn_ready=False pinn_busy=False
[10:07:59][RunControl][INFO] [Step 1900] pos=(109.5,-487.7,440.0)mm  mpc_target=(110.9,-490.4,440.0)mm  err=3.0mm  ref_lag=31.6mm  repeat=1/1  ref_idx=1116  v_cmd=100.0mm/s  |u|=511.3mm/s²  F=1.0N  comfort_raw=1.000  comfort_ctrl=1.000  motion=1.000  step_lim=3.0mm  pinn_ready=False pinn_busy=False
[10:08:01][RunControl][INFO] [Step 1950] pos=(114.4,-505.6,440.0)mm  mpc_target=(115.2,-508.5,440.0)mm  err=3.0mm  ref_lag=49.4mm  repeat=1/1  ref_idx=1136  v_cmd=100.0mm/s  |u|=515.7mm/s²  F=0.9N  comfort_raw=1.000  comfort_ctrl=1.000  motion=1.000  step_lim=3.0mm  pinn_ready=False pinn_busy=False
[10:08:02][RunControl][INFO] [Step 2000] pos=(118.0,-524.0,440.0)mm  mpc_target=(118.7,-527.0,440.0)mm  err=3.0mm  ref_lag=51.2mm  repeat=1/1  ref_idx=1148  v_cmd=100.0mm/s  |u|=516.8mm/s²  F=1.4N  comfort_raw=1.000  comfort_ctrl=1.000  motion=1.000  step_lim=3.0mm  pinn_ready=False pinn_busy=False
[10:08:04][RunControl][INFO] [Step 2050] pos=(121.2,-542.6,440.0)mm  mpc_target=(121.8,-545.5,440.0)mm  err=3.0mm  ref_lag=51.1mm  repeat=1/1  ref_idx=1158  v_cmd=100.0mm/s  |u|=516.8mm/s²  F=0.8N  comfort_raw=1.000  comfort_ctrl=1.000  motion=1.000  step_lim=3.0mm  pinn_ready=False pinn_busy=False
[10:08:05][RunControl][INFO] [Step 2100] pos=(124.2,-561.1,440.0)mm  mpc_target=(124.8,-564.1,440.0)mm  err=3.0mm  ref_lag=52.9mm  repeat=1/1  ref_idx=1169  v_cmd=100.0mm/s  |u|=516.8mm/s²  F=1.0N  comfort_raw=1.000  comfort_ctrl=1.000  motion=1.000  step_lim=3.0mm  pinn_ready=False pinn_busy=False
[10:08:07][RunControl][INFO] [Step 2150] pos=(127.2,-579.7,440.0)mm  mpc_target=(127.8,-582.6,440.0)mm  err=3.0mm  ref_lag=51.2mm  repeat=1/1  ref_idx=1179  v_cmd=100.0mm/s  |u|=516.6mm/s²  F=0.6N  comfort_raw=1.000  comfort_ctrl=1.000  motion=1.000  step_lim=3.0mm  pinn_ready=False pinn_busy=False
[10:08:08][RunControl][INFO] [Step 2200] pos=(130.1,-598.3,440.0)mm  mpc_target=(130.7,-601.2,440.0)mm  err=3.0mm  ref_lag=50.1mm  repeat=1/1  ref_idx=1190  v_cmd=100.0mm/s  |u|=516.6mm/s²  F=0.6N  comfort_raw=1.000  comfort_ctrl=1.000  motion=1.000  step_lim=3.0mm  pinn_ready=False pinn_busy=False
[10:08:10][RunControl][INFO] [Step 2250] pos=(133.0,-616.9,440.0)mm  mpc_target=(133.5,-619.8,440.0)mm  err=3.0mm  ref_lag=50.3mm  repeat=1/1  ref_idx=1202  v_cmd=100.0mm/s  |u|=516.5mm/s²  F=1.1N  comfort_raw=1.000  comfort_ctrl=1.000  motion=1.000  step_lim=3.0mm  pinn_ready=False pinn_busy=False
[10:08:11][RunControl][INFO] [Step 2300] pos=(135.7,-635.4,440.0)mm  mpc_target=(136.3,-638.3,440.0)mm  err=3.0mm  ref_lag=50.8mm  repeat=1/1  ref_idx=1214  v_cmd=100.0mm/s  |u|=515.5mm/s²  F=0.4N  comfort_raw=1.000  comfort_ctrl=1.000  motion=1.000  step_lim=3.0mm  pinn_ready=False pinn_busy=False
[10:08:13][RunControl][INFO] [Step 2350] pos=(138.2,-654.0,440.0)mm  mpc_target=(138.8,-657.0,440.0)mm  err=3.0mm  ref_lag=51.5mm  repeat=1/1  ref_idx=1226  v_cmd=100.0mm/s  |u|=514.5mm/s²  F=0.5N  comfort_raw=1.000  comfort_ctrl=1.000  motion=1.000  step_lim=3.0mm  pinn_ready=False pinn_busy=False
[10:08:14][RunControl][INFO] [Step 2400] pos=(140.6,-672.6,440.0)mm  mpc_target=(141.1,-675.6,440.0)mm  err=3.0mm  ref_lag=49.5mm  repeat=1/1  ref_idx=1237  v_cmd=100.0mm/s  |u|=601.6mm/s²  F=0.9N  comfort_raw=1.000  comfort_ctrl=1.000  motion=1.000  step_lim=3.0mm  pinn_ready=False pinn_busy=False
[10:08:16][RunControl][INFO] [Step 2450] pos=(142.7,-690.8,438.0)mm  mpc_target=(143.1,-693.4,436.7)mm  err=3.0mm  ref_lag=53.5mm  repeat=1/1  ref_idx=1249  v_cmd=100.0mm/s  |u|=710.9mm/s²  F=0.7N  comfort_raw=1.000  comfort_ctrl=1.000  motion=1.000  step_lim=3.0mm  pinn_ready=False pinn_busy=False
[10:08:17][RunControl][INFO] [Step 2500] pos=(144.5,-706.1,429.0)mm  mpc_target=(144.8,-708.3,427.0)mm  err=3.0mm  ref_lag=52.2mm  repeat=1/1  ref_idx=1257  v_cmd=100.0mm/s  |u|=648.8mm/s²  F=0.7N  comfort_raw=1.000  comfort_ctrl=1.000  motion=1.000  step_lim=3.0mm  pinn_ready=False pinn_busy=False
[10:08:19][RunControl][INFO] [Step 2550] pos=(145.9,-717.7,415.2)mm  mpc_target=(146.2,-719.4,412.7)mm  err=3.0mm  ref_lag=52.1mm  repeat=1/1  ref_idx=1266  v_cmd=100.0mm/s  |u|=575.0mm/s²  F=0.4N  comfort_raw=1.000  comfort_ctrl=1.000  motion=1.000  step_lim=3.0mm  pinn_ready=False pinn_busy=False
[10:08:20][RunControl][INFO] [Step 2600] pos=(147.0,-725.4,398.8)mm  mpc_target=(147.2,-726.7,396.1)mm  err=3.0mm  ref_lag=52.5mm  repeat=1/1  ref_idx=1276  v_cmd=100.0mm/s  |u|=537.9mm/s²  F=0.9N  comfort_raw=1.000  comfort_ctrl=1.000  motion=1.000  step_lim=3.0mm  pinn_ready=False pinn_busy=False
[10:08:22][RunControl][INFO] [Step 2650] pos=(147.6,-730.3,381.2)mm  mpc_target=(147.8,-731.3,378.4)mm  err=3.0mm  ref_lag=52.0mm  repeat=1/1  ref_idx=1286  v_cmd=100.0mm/s  |u|=522.1mm/s²  F=0.8N  comfort_raw=1.000  comfort_ctrl=1.000  motion=1.000  step_lim=3.0mm  pinn_ready=False pinn_busy=False
[10:08:24][RunControl][INFO] [Step 2700] pos=(148.2,-733.8,362.9)mm  mpc_target=(148.3,-734.5,360.0)mm  err=3.0mm  ref_lag=51.1mm  repeat=1/1  ref_idx=1297  v_cmd=100.0mm/s  |u|=508.8mm/s²  F=1.0N  comfort_raw=1.000  comfort_ctrl=1.000  motion=1.000  step_lim=3.0mm  pinn_ready=False pinn_busy=False
[10:08:25][RunControl][INFO] [Step 2750] pos=(148.5,-736.1,344.4)mm  mpc_target=(148.5,-736.6,341.5)mm  err=3.0mm  ref_lag=50.6mm  repeat=1/1  ref_idx=1309  v_cmd=100.0mm/s  |u|=501.9mm/s²  F=1.0N  comfort_raw=1.000  comfort_ctrl=1.000  motion=1.000  step_lim=3.0mm  pinn_ready=False pinn_busy=False
[10:08:27][RunControl][INFO] [Step 2800] pos=(148.5,-736.7,325.6)mm  mpc_target=(148.4,-736.6,322.6)mm  err=3.0mm  ref_lag=48.5mm  repeat=1/1  ref_idx=1322  v_cmd=100.0mm/s  |u|=530.7mm/s²  F=1.1N  comfort_raw=1.000  comfort_ctrl=1.000  motion=1.000  step_lim=3.0mm  pinn_ready=False pinn_busy=False
[10:08:28][RunControl][INFO] [Step 2850] pos=(148.3,-734.5,306.9)mm  mpc_target=(148.1,-733.6,304.0)mm  err=3.0mm  ref_lag=48.7mm  repeat=1/1  ref_idx=1337  v_cmd=100.0mm/s  |u|=579.0mm/s²  F=0.5N  comfort_raw=1.000  comfort_ctrl=1.000  motion=1.000  step_lim=3.0mm  pinn_ready=False pinn_busy=False
[10:08:30][RunControl][INFO] [Step 2900] pos=(147.6,-728.9,289.0)mm  mpc_target=(147.3,-727.5,286.4)mm  err=3.0mm  ref_lag=46.3mm  repeat=1/1  ref_idx=1353  v_cmd=100.0mm/s  |u|=554.5mm/s²  F=0.9N  comfort_raw=1.000  comfort_ctrl=1.000  motion=1.000  step_lim=3.0mm  pinn_ready=False pinn_busy=False
[10:08:31][RunControl][INFO] [Step 2950] pos=(146.6,-720.5,272.2)mm  mpc_target=(146.2,-719.0,269.6)mm  err=3.0mm  ref_lag=42.7mm  repeat=1/1  ref_idx=1372  v_cmd=100.0mm/s  |u|=461.4mm/s²  F=1.2N  comfort_raw=1.000  comfort_ctrl=1.000  motion=1.000  step_lim=3.0mm  pinn_ready=False pinn_busy=False
[10:08:33][RunControl][INFO] [Step 3000] pos=(145.1,-710.5,255.9)mm  mpc_target=(144.7,-708.8,253.5)mm  err=3.0mm  ref_lag=30.7mm  repeat=1/1  ref_idx=1400  v_cmd=100.0mm/s  |u|=265.8mm/s²  F=1.0N  comfort_raw=1.000  comfort_ctrl=1.000  motion=1.000  step_lim=3.0mm  pinn_ready=False pinn_busy=False
[10:08:34][RunControl][INFO] [Step 3050] pos=(143.4,-701.0,244.0)mm  mpc_target=(143.4,-701.1,244.2)mm  err=0.2mm  ref_lag=8.8mm  repeat=1/1  ref_idx=1445  v_cmd=5.5mm/s  |u|=310.7mm/s²  F=1.1N  comfort_raw=1.000  comfort_ctrl=1.000  motion=1.000  step_lim=3.0mm  pinn_ready=False pinn_busy=False
[10:08:36][RunControl][INFO] [Step 3100] pos=(144.8,-707.3,257.6)mm  mpc_target=(145.2,-708.6,260.3)mm  err=3.0mm  ref_lag=47.5mm  repeat=1/1  ref_idx=1479  v_cmd=100.0mm/s  |u|=556.4mm/s²  F=1.0N  comfort_raw=1.000  comfort_ctrl=1.000  motion=1.000  step_lim=3.0mm  pinn_ready=False pinn_busy=False
[10:08:37][RunControl][INFO] [Step 3150] pos=(146.8,-711.9,275.1)mm  mpc_target=(147.1,-713.0,277.9)mm  err=3.0mm  ref_lag=51.8mm  repeat=1/1  ref_idx=1490  v_cmd=100.0mm/s  |u|=550.7mm/s²  F=0.9N  comfort_raw=1.000  comfort_ctrl=1.000  motion=1.000  step_lim=3.0mm  pinn_ready=False pinn_busy=False
[10:08:39][RunControl][INFO] [Step 3200] pos=(148.5,-715.9,293.0)mm  mpc_target=(148.9,-716.8,295.8)mm  err=3.0mm  ref_lag=54.0mm  repeat=1/1  ref_idx=1499  v_cmd=100.0mm/s  |u|=539.2mm/s²  F=1.3N  comfort_raw=1.000  comfort_ctrl=1.000  motion=1.000  step_lim=3.0mm  pinn_ready=False pinn_busy=False
[10:08:40][RunControl][INFO] [Step 3250] pos=(150.2,-719.3,311.1)mm  mpc_target=(150.5,-720.0,314.0)mm  err=3.0mm  ref_lag=54.5mm  repeat=1/1  ref_idx=1507  v_cmd=100.0mm/s  |u|=527.9mm/s²  F=1.3N  comfort_raw=1.000  comfort_ctrl=1.000  motion=1.000  step_lim=3.0mm  pinn_ready=False pinn_busy=False
[10:08:42][RunControl][INFO] [Step 3300] pos=(151.8,-722.0,329.3)mm  mpc_target=(152.1,-722.6,332.3)mm  err=3.0mm  ref_lag=52.9mm  repeat=1/1  ref_idx=1514  v_cmd=100.0mm/s  |u|=515.0mm/s²  F=0.9N  comfort_raw=1.000  comfort_ctrl=1.000  motion=1.000  step_lim=3.0mm  pinn_ready=False pinn_busy=False
[10:08:43][RunControl][INFO] [Step 3350] pos=(153.3,-724.0,347.8)mm  mpc_target=(153.6,-724.4,350.7)mm  err=3.0mm  ref_lag=54.4mm  repeat=1/1  ref_idx=1522  v_cmd=100.0mm/s  |u|=509.0mm/s²  F=1.5N  comfort_raw=1.000  comfort_ctrl=1.000  motion=1.000  step_lim=3.0mm  pinn_ready=False pinn_busy=False
[10:08:45][RunControl][INFO] [Step 3400] pos=(154.8,-725.3,366.4)mm  mpc_target=(155.1,-725.6,369.3)mm  err=3.0mm  ref_lag=53.9mm  repeat=1/1  ref_idx=1529  v_cmd=100.0mm/s  |u|=505.4mm/s²  F=1.2N  comfort_raw=1.000  comfort_ctrl=1.000  motion=1.000  step_lim=3.0mm  pinn_ready=False pinn_busy=False
[10:08:46][RunControl][INFO] [Step 3450] pos=(156.1,-725.7,385.0)mm  mpc_target=(156.4,-725.8,387.9)mm  err=3.0mm  ref_lag=53.8mm  repeat=1/1  ref_idx=1536  v_cmd=100.0mm/s  |u|=494.7mm/s²  F=1.4N  comfort_raw=1.000  comfort_ctrl=1.000  motion=1.000  step_lim=3.0mm  pinn_ready=False pinn_busy=False
[10:08:48][RunControl][INFO] [Step 3500] pos=(157.5,-724.9,403.5)mm  mpc_target=(157.8,-724.0,406.4)mm  err=3.0mm  ref_lag=38.2mm  repeat=1/1  ref_idx=1553  v_cmd=100.0mm/s  |u|=412.7mm/s²  F=0.5N  comfort_raw=1.000  comfort_ctrl=1.000  motion=1.000  step_lim=3.0mm  pinn_ready=False pinn_busy=False
[10:08:49][RunControl][INFO] [Step 3550] pos=(158.0,-714.0,418.3)mm  mpc_target=(157.9,-711.5,419.8)mm  err=3.0mm  ref_lag=42.0mm  repeat=1/1  ref_idx=1580  v_cmd=100.0mm/s  |u|=532.2mm/s²  F=0.5N  comfort_raw=1.000  comfort_ctrl=1.000  motion=1.000  step_lim=3.0mm  pinn_ready=False pinn_busy=False
[10:08:51][RunControl][INFO] [Step 3600] pos=(157.4,-696.6,424.8)mm  mpc_target=(157.1,-693.8,425.7)mm  err=3.0mm  ref_lag=50.0mm  repeat=1/1  ref_idx=1598  v_cmd=100.0mm/s  |u|=526.7mm/s²  F=0.3N  comfort_raw=1.000  comfort_ctrl=1.000  motion=1.000  step_lim=3.0mm  pinn_ready=False pinn_busy=False
[10:08:52][RunControl][INFO] [Step 3650] pos=(156.2,-678.6,428.7)mm  mpc_target=(155.7,-675.7,429.4)mm  err=3.0mm  ref_lag=53.1mm  repeat=1/1  ref_idx=1609  v_cmd=100.0mm/s  |u|=525.0mm/s²  F=1.3N  comfort_raw=1.000  comfort_ctrl=1.000  motion=1.000  step_lim=3.0mm  pinn_ready=False pinn_busy=False
[10:08:54][RunControl][INFO] [Step 3700] pos=(154.5,-660.2,431.5)mm  mpc_target=(154.1,-657.2,432.0)mm  err=3.0mm  ref_lag=52.5mm  repeat=1/1  ref_idx=1617  v_cmd=100.0mm/s  |u|=528.3mm/s²  F=0.9N  comfort_raw=1.000  comfort_ctrl=1.000  motion=1.000  step_lim=3.0mm  pinn_ready=False pinn_busy=False
[10:08:55][RunControl][INFO] [Step 3750] pos=(152.6,-641.8,433.5)mm  mpc_target=(152.1,-638.9,433.9)mm  err=3.0mm  ref_lag=53.0mm  repeat=1/1  ref_idx=1625  v_cmd=100.0mm/s  |u|=531.8mm/s²  F=1.2N  comfort_raw=1.000  comfort_ctrl=1.000  motion=1.000  step_lim=3.0mm  pinn_ready=False pinn_busy=False
[10:08:57][RunControl][INFO] [Step 3800] pos=(150.3,-623.4,435.0)mm  mpc_target=(149.6,-620.4,435.3)mm  err=3.0mm  ref_lag=54.8mm  repeat=1/1  ref_idx=1633  v_cmd=100.0mm/s  |u|=535.0mm/s²  F=0.6N  comfort_raw=1.000  comfort_ctrl=1.000  motion=1.000  step_lim=3.0mm  pinn_ready=False pinn_busy=False
[10:08:58][RunControl][INFO] [Step 3850] pos=(147.7,-604.8,436.1)mm  mpc_target=(147.0,-601.9,436.4)mm  err=3.0mm  ref_lag=55.0mm  repeat=1/1  ref_idx=1640  v_cmd=100.0mm/s  |u|=537.2mm/s²  F=1.5N  comfort_raw=1.000  comfort_ctrl=1.000  motion=1.000  step_lim=3.0mm  pinn_ready=False pinn_busy=False
[10:09:00][RunControl][INFO] [Step 3900] pos=(145.0,-586.3,437.1)mm  mpc_target=(144.3,-583.4,437.2)mm  err=3.0mm  ref_lag=53.4mm  repeat=1/1  ref_idx=1646  v_cmd=100.0mm/s  |u|=539.3mm/s²  F=1.2N  comfort_raw=1.000  comfort_ctrl=1.000  motion=1.000  step_lim=3.0mm  pinn_ready=False pinn_busy=False
[10:09:01][RunControl][INFO] [Step 3950] pos=(142.2,-567.8,437.7)mm  mpc_target=(141.5,-564.9,437.9)mm  err=3.0mm  ref_lag=54.5mm  repeat=1/1  ref_idx=1653  v_cmd=100.0mm/s  |u|=541.4mm/s²  F=1.3N  comfort_raw=1.000  comfort_ctrl=1.000  motion=1.000  step_lim=3.0mm  pinn_ready=False pinn_busy=False
[10:09:03][RunControl][INFO] [Step 4000] pos=(139.3,-549.4,438.2)mm  mpc_target=(138.6,-546.5,438.3)mm  err=3.0mm  ref_lag=55.4mm  repeat=1/1  ref_idx=1660  v_cmd=100.0mm/s  |u|=547.7mm/s²  F=1.2N  comfort_raw=1.000  comfort_ctrl=1.000  motion=1.000  step_lim=3.0mm  pinn_ready=False pinn_busy=False
[10:09:04][RunControl][INFO] [Step 4050] pos=(136.2,-531.2,438.6)mm  mpc_target=(135.3,-528.3,438.7)mm  err=3.0mm  ref_lag=47.5mm  repeat=1/1  ref_idx=1668  v_cmd=100.0mm/s  |u|=450.5mm/s²  F=1.7N  comfort_raw=1.000  comfort_ctrl=1.000  motion=1.000  step_lim=3.0mm  pinn_ready=False pinn_busy=False
[10:09:06][RunControl][INFO] [Step 4100] pos=(129.6,-514.1,439.0)mm  mpc_target=(127.7,-511.8,439.1)mm  err=3.0mm  ref_lag=36.8mm  repeat=1/1  ref_idx=1691  v_cmd=100.0mm/s  |u|=385.1mm/s²  F=1.3N  comfort_raw=1.000  comfort_ctrl=1.000  motion=1.000  step_lim=3.0mm  pinn_ready=False pinn_busy=False
[10:09:07][RunControl][INFO] [Step 4150] pos=(114.5,-502.1,439.4)mm  mpc_target=(111.9,-500.7,439.4)mm  err=3.0mm  ref_lag=34.5mm  repeat=1/1  ref_idx=1723  v_cmd=100.0mm/s  |u|=364.0mm/s²  F=0.6N  comfort_raw=1.000  comfort_ctrl=1.000  motion=1.000  step_lim=3.0mm  pinn_ready=False pinn_busy=False
[10:09:09][RunControl][INFO] [Step 4200] pos=(96.9,-496.2,439.6)mm  mpc_target=(94.0,-495.3,439.6)mm  err=3.0mm  ref_lag=34.5mm  repeat=1/1  ref_idx=1755  v_cmd=100.0mm/s  |u|=360.1mm/s²  F=0.7N  comfort_raw=1.000  comfort_ctrl=1.000  motion=1.000  step_lim=3.0mm  pinn_ready=False pinn_busy=False
[10:09:11][RunControl][INFO] [Step 4250] pos=(78.6,-492.5,439.7)mm  mpc_target=(75.6,-491.9,439.7)mm  err=3.0mm  ref_lag=32.2mm  repeat=1/1  ref_idx=1788  v_cmd=100.0mm/s  |u|=332.1mm/s²  F=1.2N  comfort_raw=1.000  comfort_ctrl=1.000  motion=1.000  step_lim=3.0mm  pinn_ready=False pinn_busy=False
[10:09:12][RunControl][INFO] [Step 4300] pos=(60.0,-490.0,439.8)mm  mpc_target=(57.1,-489.5,439.8)mm  err=3.0mm  ref_lag=26.8mm  repeat=1/1  ref_idx=1826  v_cmd=100.0mm/s  |u|=259.9mm/s²  F=0.5N  comfort_raw=1.000  comfort_ctrl=1.000  motion=1.000  step_lim=3.0mm  pinn_ready=False pinn_busy=False
[10:09:14][RunControl][INFO] [Step 4350] pos=(41.3,-488.2,439.9)mm  mpc_target=(38.3,-487.9,439.9)mm  err=3.0mm  ref_lag=21.7mm  repeat=1/1  ref_idx=1870  v_cmd=100.0mm/s  |u|=202.8mm/s²  F=0.4N  comfort_raw=1.000  comfort_ctrl=1.000  motion=1.000  step_lim=3.0mm  pinn_ready=False pinn_busy=False
[10:09:15][RunControl][INFO] [Step 4400] pos=(22.6,-486.9,439.9)mm  mpc_target=(21.4,-486.8,439.9)mm  err=1.2mm  ref_lag=11.2mm  repeat=1/1  ref_idx=1920  v_cmd=40.6mm/s  |u|=70.8mm/s²  F=0.9N  comfort_raw=1.000  comfort_ctrl=1.000  motion=1.000  step_lim=3.0mm  pinn_ready=False pinn_busy=False
[10:09:17][RunControl][INFO] [Step 4450] pos=(21.1,-486.8,439.9)mm  mpc_target=(21.2,-486.8,439.9)mm  err=0.0mm  ref_lag=2.6mm  repeat=1/1  ref_idx=1970  v_cmd=1.6mm/s  |u|=92.2mm/s²  F=1.3N  comfort_raw=1.000  comfort_ctrl=1.000  motion=1.000  step_lim=3.0mm  pinn_ready=False pinn_busy=False
[10:09:18][RunControl][INFO] [Step 4500] pos=(31.8,-486.5,439.9)mm  mpc_target=(34.8,-486.4,440.0)mm  err=3.0mm  ref_lag=21.3mm  repeat=1/1  ref_idx=2020  v_cmd=100.0mm/s  |u|=222.5mm/s²  F=1.0N  comfort_raw=1.000  comfort_ctrl=1.000  motion=1.000  step_lim=3.0mm  pinn_ready=False pinn_busy=False
[10:09:20][RunControl][INFO] [Step 4550] pos=(50.6,-486.3,440.0)mm  mpc_target=(53.6,-486.3,440.0)mm  err=3.0mm  ref_lag=26.3mm  repeat=1/1  ref_idx=2064  v_cmd=100.0mm/s  |u|=251.4mm/s²  F=0.8N  comfort_raw=1.000  comfort_ctrl=1.000  motion=1.000  step_lim=3.0mm  pinn_ready=False pinn_busy=False
[10:09:21][RunControl][INFO] [Step 4600] pos=(69.4,-486.2,440.0)mm  mpc_target=(72.4,-486.1,440.0)mm  err=3.0mm  ref_lag=19.1mm  repeat=1/1  ref_idx=2109  v_cmd=100.0mm/s  |u|=168.6mm/s²  F=1.1N  comfort_raw=1.000  comfort_ctrl=1.000  motion=1.000  step_lim=3.0mm  pinn_ready=False pinn_busy=False
[10:09:23][RunControl][INFO] [Step 4650] pos=(82.7,-486.1,440.0)mm  mpc_target=(82.8,-486.1,440.0)mm  err=0.1mm  ref_lag=9.4mm  repeat=1/1  ref_idx=2159  v_cmd=1.8mm/s  |u|=71.1mm/s²  F=1.2N  comfort_raw=1.000  comfort_ctrl=1.000  motion=1.000  step_lim=3.0mm  pinn_ready=False pinn_busy=False
[10:09:24][RunControl][INFO] [Step 4700] pos=(82.8,-486.1,440.0)mm  mpc_target=(82.7,-486.1,440.0)mm  err=0.1mm  ref_lag=7.9mm  repeat=1/1  ref_idx=2209  v_cmd=2.9mm/s  |u|=158.4mm/s²  F=1.5N  comfort_raw=1.000  comfort_ctrl=1.000  motion=1.000  step_lim=3.0mm  pinn_ready=False pinn_busy=False
[10:09:26][RunControl][INFO] [Step 4750] pos=(68.5,-486.1,440.1)mm  mpc_target=(65.5,-486.1,440.1)mm  err=3.0mm  ref_lag=26.4mm  repeat=1/1  ref_idx=2258  v_cmd=100.0mm/s  |u|=273.9mm/s²  F=1.2N  comfort_raw=1.000  comfort_ctrl=1.000  motion=1.000  step_lim=3.0mm  pinn_ready=False pinn_busy=False
[10:09:27][RunControl][INFO] [Step 4800] pos=(49.6,-486.0,440.0)mm  mpc_target=(46.6,-486.0,440.0)mm  err=3.0mm  ref_lag=25.7mm  repeat=1/1  ref_idx=2298  v_cmd=100.0mm/s  |u|=216.1mm/s²  F=1.7N  comfort_raw=1.000  comfort_ctrl=1.000  motion=1.000  step_lim=3.0mm  pinn_ready=False pinn_busy=False
[10:09:29][RunControl][INFO] [Step 4850] pos=(35.2,-486.0,440.0)mm  mpc_target=(35.3,-486.0,440.0)mm  err=0.0mm  ref_lag=6.3mm  repeat=1/1  ref_idx=2347  v_cmd=1.3mm/s  |u|=12.1mm/s²  F=1.2N  comfort_raw=1.000  comfort_ctrl=1.000  motion=1.000  step_lim=3.0mm  pinn_ready=False pinn_busy=False
[10:09:30][RunControl][INFO] [Step 4900] pos=(36.7,-485.9,440.0)mm  mpc_target=(39.7,-486.0,440.0)mm  err=3.0mm  ref_lag=13.7mm  repeat=1/1  ref_idx=2397  v_cmd=100.0mm/s  |u|=158.4mm/s²  F=1.8N  comfort_raw=1.000  comfort_ctrl=1.000  motion=1.000  step_lim=3.0mm  pinn_ready=False pinn_busy=False
[10:09:32][RunControl][INFO] [Step 4950] pos=(55.4,-486.0,440.0)mm  mpc_target=(58.4,-486.0,440.0)mm  err=3.0mm  ref_lag=17.4mm  repeat=1/1  ref_idx=2447  v_cmd=100.0mm/s  |u|=156.7mm/s²  F=1.5N  comfort_raw=1.000  comfort_ctrl=1.000  motion=1.000  step_lim=3.0mm  pinn_ready=False pinn_busy=False
[10:09:33][RunControl][INFO] [Step 5000] pos=(74.2,-485.9,440.1)mm  mpc_target=(77.2,-485.9,440.0)mm  err=3.0mm  ref_lag=16.2mm  repeat=1/1  ref_idx=2497  v_cmd=100.0mm/s  |u|=150.6mm/s²  F=1.8N  comfort_raw=0.998  comfort_ctrl=1.000  motion=1.000  step_lim=3.0mm  pinn_ready=False pinn_busy=False
[10:09:35][RunControl][INFO] [Step 5050] pos=(91.6,-486.6,440.0)mm  mpc_target=(93.3,-489.1,440.0)mm  err=3.0mm  ref_lag=20.0mm  repeat=1/1  ref_idx=2547  v_cmd=100.0mm/s  |u|=430.8mm/s²  F=1.4N  comfort_raw=1.000  comfort_ctrl=1.000  motion=1.000  step_lim=3.0mm  pinn_ready=False pinn_busy=False
[10:09:36][RunControl][INFO] [Step 5100] pos=(96.3,-503.8,440.0)mm  mpc_target=(97.0,-506.8,440.0)mm  err=3.0mm  ref_lag=48.1mm  repeat=1/1  ref_idx=2574  v_cmd=100.0mm/s  |u|=512.1mm/s²  F=1.5N  comfort_raw=1.000  comfort_ctrl=1.000  motion=1.000  step_lim=3.0mm  pinn_ready=False pinn_busy=False
[10:09:38][RunControl][INFO] [Step 5150] pos=(99.3,-522.5,440.0)mm  mpc_target=(99.8,-525.4,440.0)mm  err=3.0mm  ref_lag=52.2mm  repeat=1/1  ref_idx=2586  v_cmd=100.0mm/s  |u|=512.5mm/s²  F=1.0N  comfort_raw=1.000  comfort_ctrl=1.000  motion=1.000  step_lim=3.0mm  pinn_ready=False pinn_busy=False
[10:09:39][RunControl][INFO] [Step 5200] pos=(101.9,-541.0,440.0)mm  mpc_target=(102.4,-543.9,440.0)mm  err=3.0mm  ref_lag=51.6mm  repeat=1/1  ref_idx=2595  v_cmd=100.0mm/s  |u|=512.0mm/s²  F=1.7N  comfort_raw=1.000  comfort_ctrl=1.000  motion=1.000  step_lim=3.0mm  pinn_ready=False pinn_busy=False
[10:09:41][RunControl][INFO] [Step 5250] pos=(104.2,-559.7,440.0)mm  mpc_target=(104.6,-562.6,440.0)mm  err=3.0mm  ref_lag=52.9mm  repeat=1/1  ref_idx=2605  v_cmd=100.0mm/s  |u|=508.8mm/s²  F=1.5N  comfort_raw=1.000  comfort_ctrl=1.000  motion=1.000  step_lim=3.0mm  pinn_ready=False pinn_busy=False
[10:09:42][RunControl][INFO] [Step 5300] pos=(106.1,-578.2,440.0)mm  mpc_target=(106.5,-581.2,440.0)mm  err=3.0mm  ref_lag=52.0mm  repeat=1/1  ref_idx=2615  v_cmd=100.0mm/s  |u|=504.9mm/s²  F=1.5N  comfort_raw=1.000  comfort_ctrl=1.000  motion=1.000  step_lim=3.0mm  pinn_ready=False pinn_busy=False
[10:09:44][RunControl][INFO] [Step 5350] pos=(107.6,-596.9,440.0)mm  mpc_target=(107.9,-599.9,440.0)mm  err=3.0mm  ref_lag=49.0mm  repeat=1/1  ref_idx=2626  v_cmd=100.0mm/s  |u|=500.9mm/s²  F=0.6N  comfort_raw=1.000  comfort_ctrl=1.000  motion=1.000  step_lim=3.0mm  pinn_ready=False pinn_busy=False
[10:09:45][RunControl][INFO] [Step 5400] pos=(108.6,-615.7,440.0)mm  mpc_target=(108.7,-618.7,440.0)mm  err=3.0mm  ref_lag=46.9mm  repeat=1/1  ref_idx=2641  v_cmd=100.0mm/s  |u|=500.1mm/s²  F=0.6N  comfort_raw=1.000  comfort_ctrl=1.000  motion=1.000  step_lim=3.0mm  pinn_ready=False pinn_busy=False
[10:09:47][RunControl][INFO] [Step 5450] pos=(108.6,-634.4,440.0)mm  mpc_target=(108.5,-637.4,439.7)mm  err=3.0mm  ref_lag=45.9mm  repeat=1/1  ref_idx=2658  v_cmd=100.0mm/s  |u|=709.2mm/s²  F=1.1N  comfort_raw=1.000  comfort_ctrl=1.000  motion=1.000  step_lim=3.0mm  pinn_ready=False pinn_busy=False
[10:09:48][RunControl][INFO] [Step 5500] pos=(108.1,-650.8,433.4)mm  mpc_target=(107.9,-653.0,431.4)mm  err=3.0mm  ref_lag=53.6mm  repeat=1/1  ref_idx=2670  v_cmd=100.0mm/s  |u|=689.7mm/s²  F=0.9N  comfort_raw=1.000  comfort_ctrl=1.000  motion=1.000  step_lim=3.0mm  pinn_ready=False pinn_busy=False
[10:09:50][RunControl][INFO] [Step 5550] pos=(107.1,-662.9,419.7)mm  mpc_target=(106.8,-664.7,417.3)mm  err=3.0mm  ref_lag=55.5mm  repeat=1/1  ref_idx=2678  v_cmd=100.0mm/s  |u|=620.6mm/s²  F=1.5N  comfort_raw=0.999  comfort_ctrl=1.000  motion=1.000  step_lim=3.0mm  pinn_ready=False pinn_busy=False
[10:09:51][RunControl][INFO] [Step 5600] pos=(105.8,-671.7,403.4)mm  mpc_target=(105.4,-673.1,400.7)mm  err=3.0mm  ref_lag=54.1mm  repeat=1/1  ref_idx=2685  v_cmd=100.0mm/s  |u|=579.8mm/s²  F=0.9N  comfort_raw=1.000  comfort_ctrl=1.000  motion=1.000  step_lim=3.0mm  pinn_ready=False pinn_busy=False
[10:09:53][RunControl][INFO] [Step 5650] pos=(104.1,-677.5,386.1)mm  mpc_target=(103.6,-678.6,383.4)mm  err=3.0mm  ref_lag=52.5mm  repeat=1/1  ref_idx=2692  v_cmd=100.0mm/s  |u|=556.9mm/s²  F=1.2N  comfort_raw=1.000  comfort_ctrl=1.000  motion=1.000  step_lim=3.0mm  pinn_ready=False pinn_busy=False
[10:09:54][RunControl][INFO] [Step 5700] pos=(101.9,-681.7,368.4)mm  mpc_target=(101.3,-682.5,365.6)mm  err=3.0mm  ref_lag=53.8mm  repeat=1/1  ref_idx=2701  v_cmd=100.0mm/s  |u|=544.4mm/s²  F=1.0N  comfort_raw=1.000  comfort_ctrl=1.000  motion=1.000  step_lim=3.0mm  pinn_ready=False pinn_busy=False
[10:09:56][RunControl][INFO] [Step 5750] pos=(99.3,-684.5,350.1)mm  mpc_target=(98.6,-685.0,347.3)mm  err=3.0mm  ref_lag=51.8mm  repeat=1/1  ref_idx=2709  v_cmd=100.0mm/s  |u|=538.2mm/s²  F=1.6N  comfort_raw=0.999  comfort_ctrl=1.000  motion=1.000  step_lim=3.0mm  pinn_ready=False pinn_busy=False
[10:09:57][RunControl][INFO] [Step 5800] pos=(96.2,-685.8,331.8)mm  mpc_target=(95.4,-686.1,328.9)mm  err=3.0mm  ref_lag=51.0mm  repeat=1/1  ref_idx=2719  v_cmd=100.0mm/s  |u|=535.4mm/s²  F=1.4N  comfort_raw=1.000  comfort_ctrl=1.000  motion=1.000  step_lim=3.0mm  pinn_ready=False pinn_busy=False
[10:09:59][RunControl][INFO] [Step 5850] pos=(93.0,-686.2,313.4)mm  mpc_target=(92.1,-686.1,310.5)mm  err=3.0mm  ref_lag=50.8mm  repeat=1/1  ref_idx=2731  v_cmd=100.0mm/s  |u|=538.3mm/s²  F=1.2N  comfort_raw=1.000  comfort_ctrl=1.000  motion=1.000  step_lim=3.0mm  pinn_ready=False pinn_busy=False
[10:10:00][RunControl][INFO] [Step 5900] pos=(89.4,-685.5,295.0)mm  mpc_target=(88.5,-685.2,292.2)mm  err=3.0mm  ref_lag=48.5mm  repeat=1/1  ref_idx=2744  v_cmd=100.0mm/s  |u|=537.8mm/s²  F=1.4N  comfort_raw=1.000  comfort_ctrl=1.000  motion=1.000  step_lim=3.0mm  pinn_ready=False pinn_busy=False
[10:10:02][RunControl][INFO] [Step 5950] pos=(85.7,-683.3,276.8)mm  mpc_target=(84.8,-682.7,274.0)mm  err=3.0mm  ref_lag=46.2mm  repeat=1/1  ref_idx=2760  v_cmd=100.0mm/s  |u|=536.8mm/s²  F=1.4N  comfort_raw=1.000  comfort_ctrl=1.000  motion=1.000  step_lim=3.0mm  pinn_ready=False pinn_busy=False
[10:10:04][RunControl][INFO] [Step 6000] pos=(82.0,-679.6,258.9)mm  mpc_target=(81.2,-678.8,256.2)mm  err=3.0mm  ref_lag=41.1mm  repeat=1/1  ref_idx=2780  v_cmd=100.0mm/s  |u|=412.2mm/s²  F=1.5N  comfort_raw=1.000  comfort_ctrl=1.000  motion=1.000  step_lim=3.0mm  pinn_ready=False pinn_busy=False
[10:10:05][RunControl][INFO] [Step 6050] pos=(78.7,-674.7,241.5)mm  mpc_target=(78.0,-673.6,238.8)mm  err=3.0mm  ref_lag=28.1mm  repeat=1/1  ref_idx=2810  v_cmd=100.0mm/s  |u|=171.1mm/s²  F=1.7N  comfort_raw=1.000  comfort_ctrl=1.000  motion=1.000  step_lim=3.0mm  pinn_ready=False pinn_busy=False
[10:10:07][RunControl][INFO] [Step 6100] pos=(77.5,-671.2,231.6)mm  mpc_target=(78.8,-673.5,233.0)mm  err=3.0mm  ref_lag=16.3mm  repeat=1/1  ref_idx=2859  v_cmd=100.0mm/s  |u|=392.6mm/s²  F=1.8N  comfort_raw=1.000  comfort_ctrl=1.000  motion=1.000  step_lim=3.0mm  pinn_ready=False pinn_busy=False
[10:10:08][RunControl][INFO] [Step 6150] pos=(82.8,-681.4,245.0)mm  mpc_target=(83.7,-682.9,247.5)mm  err=3.0mm  ref_lag=47.5mm  repeat=1/1  ref_idx=2888  v_cmd=100.0mm/s  |u|=594.1mm/s²  F=1.1N  comfort_raw=1.000  comfort_ctrl=1.000  motion=1.000  step_lim=3.0mm  pinn_ready=False pinn_busy=False
[10:10:10][RunControl][INFO] [Step 6200] pos=(87.1,-687.4,261.6)mm  mpc_target=(87.8,-688.6,264.3)mm  err=3.0mm  ref_lag=53.6mm  repeat=1/1  ref_idx=2900  v_cmd=100.0mm/s  |u|=593.2mm/s²  F=1.6N  comfort_raw=1.000  comfort_ctrl=1.000  motion=1.000  step_lim=3.0mm  pinn_ready=False pinn_busy=False
[10:10:11][RunControl][INFO] [Step 6250] pos=(90.9,-692.0,278.9)mm  mpc_target=(91.6,-693.1,281.6)mm  err=3.0mm  ref_lag=54.2mm  repeat=1/1  ref_idx=2908  v_cmd=100.0mm/s  |u|=587.4mm/s²  F=2.2N  comfort_raw=0.998  comfort_ctrl=1.000  motion=1.000  step_lim=3.0mm  pinn_ready=False pinn_busy=False
[10:10:13][RunControl][INFO] [Step 6300] pos=(94.5,-696.2,296.5)mm  mpc_target=(95.2,-697.2,299.2)mm  err=3.0mm  ref_lag=53.5mm  repeat=1/1  ref_idx=2915  v_cmd=100.0mm/s  |u|=578.5mm/s²  F=1.8N  comfort_raw=0.999  comfort_ctrl=1.000  motion=1.000  step_lim=3.0mm  pinn_ready=False pinn_busy=False
[10:10:14][RunControl][INFO] [Step 6350] pos=(97.9,-699.9,314.2)mm  mpc_target=(98.6,-700.8,317.0)mm  err=3.0mm  ref_lag=53.8mm  repeat=1/1  ref_idx=2922  v_cmd=100.0mm/s  |u|=569.5mm/s²  F=0.9N  comfort_raw=1.000  comfort_ctrl=1.000  motion=1.000  step_lim=3.0mm  pinn_ready=False pinn_busy=False
[10:10:16][RunControl][INFO] [Step 6400] pos=(101.4,-702.9,332.1)mm  mpc_target=(102.1,-703.6,335.0)mm  err=3.0mm  ref_lag=55.2mm  repeat=1/1  ref_idx=2929  v_cmd=100.0mm/s  |u|=554.7mm/s²  F=1.7N  comfort_raw=1.000  comfort_ctrl=1.000  motion=1.000  step_lim=3.0mm  pinn_ready=False pinn_busy=False
[10:10:17][RunControl][INFO] [Step 6450] pos=(104.7,-705.3,350.2)mm  mpc_target=(105.3,-705.9,353.1)mm  err=3.0mm  ref_lag=54.0mm  repeat=1/1  ref_idx=2935  v_cmd=100.0mm/s  |u|=536.0mm/s²  F=0.8N  comfort_raw=1.000  comfort_ctrl=1.000  motion=1.000  step_lim=3.0mm  pinn_ready=False pinn_busy=False
[10:10:19][RunControl][INFO] [Step 6500] pos=(107.6,-707.2,368.4)mm  mpc_target=(108.2,-707.7,371.3)mm  err=3.0mm  ref_lag=56.1mm  repeat=1/1  ref_idx=2942  v_cmd=100.0mm/s  |u|=520.2mm/s²  F=1.7N  comfort_raw=0.999  comfort_ctrl=1.000  motion=1.000  step_lim=3.0mm  pinn_ready=False pinn_busy=False
[10:10:20][RunControl][INFO] [Step 6550] pos=(110.3,-708.5,386.7)mm  mpc_target=(110.8,-708.8,389.7)mm  err=3.0mm  ref_lag=54.4mm  repeat=1/1  ref_idx=2948  v_cmd=100.0mm/s  |u|=471.2mm/s²  F=1.9N  comfort_raw=0.998  comfort_ctrl=1.000  motion=1.000  step_lim=3.0mm  pinn_ready=False pinn_busy=False
[10:10:22][RunControl][INFO] [Step 6600] pos=(113.3,-708.8,405.1)mm  mpc_target=(114.0,-708.4,408.0)mm  err=3.0mm  ref_lag=36.3mm  repeat=1/1  ref_idx=2966  v_cmd=100.0mm/s  |u|=336.1mm/s²  F=1.3N  comfort_raw=1.000  comfort_ctrl=1.000  motion=1.000  step_lim=3.0mm  pinn_ready=False pinn_busy=False
[10:10:23][RunControl][INFO] [Step 6650] pos=(116.4,-700.1,421.0)mm  mpc_target=(116.7,-697.7,422.6)mm  err=3.0mm  ref_lag=34.6mm  repeat=1/1  ref_idx=3000  v_cmd=100.0mm/s  |u|=430.8mm/s²  F=1.3N  comfort_raw=1.000  comfort_ctrl=1.000  motion=1.000  step_lim=3.0mm  pinn_ready=False pinn_busy=False
[10:10:25][RunControl][INFO] [Step 6700] pos=(117.4,-682.8,427.4)mm  mpc_target=(117.4,-679.9,428.2)mm  err=3.0mm  ref_lag=45.9mm  repeat=1/1  ref_idx=3024  v_cmd=100.0mm/s  |u|=511.6mm/s²  F=1.1N  comfort_raw=1.000  comfort_ctrl=1.000  motion=1.000  step_lim=3.0mm  pinn_ready=False pinn_busy=False
[10:10:26][RunControl][INFO] [Step 6750] pos=(117.6,-664.3,430.7)mm  mpc_target=(117.6,-661.3,431.3)mm  err=3.0mm  ref_lag=50.9mm  repeat=1/1  ref_idx=3038  v_cmd=100.0mm/s  |u|=508.0mm/s²  F=1.8N  comfort_raw=0.998  comfort_ctrl=1.000  motion=1.000  step_lim=3.0mm  pinn_ready=False pinn_busy=False
[10:10:28][RunControl][INFO] [Step 6800] pos=(117.6,-645.6,433.0)mm  mpc_target=(117.6,-642.6,433.4)mm  err=3.0mm  ref_lag=52.9mm  repeat=1/1  ref_idx=3048  v_cmd=100.0mm/s  |u|=505.5mm/s²  F=1.5N  comfort_raw=1.000  comfort_ctrl=1.000  motion=1.000  step_lim=3.0mm  pinn_ready=False pinn_busy=False
[10:10:29][RunControl][INFO] [Step 6850] pos=(117.6,-626.7,434.6)mm  mpc_target=(117.5,-623.7,434.9)mm  err=3.0mm  ref_lag=54.2mm  repeat=1/1  ref_idx=3057  v_cmd=100.0mm/s  |u|=504.0mm/s²  F=1.7N  comfort_raw=1.000  comfort_ctrl=1.000  motion=1.000  step_lim=3.0mm  pinn_ready=False pinn_busy=False
[10:10:31][RunControl][INFO] [Step 6900] pos=(117.4,-608.0,435.9)mm  mpc_target=(117.3,-605.0,436.1)mm  err=3.0mm  ref_lag=54.4mm  repeat=1/1  ref_idx=3065  v_cmd=100.0mm/s  |u|=503.0mm/s²  F=1.0N  comfort_raw=1.000  comfort_ctrl=1.000  motion=1.000  step_lim=3.0mm  pinn_ready=False pinn_busy=False
[10:10:32][RunControl][INFO] [Step 6950] pos=(117.2,-589.1,436.8)mm  mpc_target=(117.1,-586.2,437.0)mm  err=3.0mm  ref_lag=53.8mm  repeat=1/1  ref_idx=3072  v_cmd=100.0mm/s  |u|=502.8mm/s²  F=0.7N  comfort_raw=1.000  comfort_ctrl=1.000  motion=1.000  step_lim=3.0mm  pinn_ready=False pinn_busy=False
[10:10:34][RunControl][INFO] [Step 7000] pos=(116.9,-570.4,437.6)mm  mpc_target=(116.8,-567.4,437.7)mm  err=3.0mm  ref_lag=55.3mm  repeat=1/1  ref_idx=3079  v_cmd=100.0mm/s  |u|=502.9mm/s²  F=1.3N  comfort_raw=1.000  comfort_ctrl=1.000  motion=1.000  step_lim=3.0mm  pinn_ready=False pinn_busy=False
[10:10:35][RunControl][INFO] [Step 7050] pos=(116.5,-551.6,438.1)mm  mpc_target=(116.4,-548.6,438.2)mm  err=3.0mm  ref_lag=54.3mm  repeat=1/1  ref_idx=3085  v_cmd=100.0mm/s  |u|=503.8mm/s²  F=1.6N  comfort_raw=1.000  comfort_ctrl=1.000  motion=1.000  step_lim=3.0mm  pinn_ready=False pinn_busy=False
[10:10:37][RunControl][INFO] [Step 7100] pos=(115.9,-532.9,438.5)mm  mpc_target=(115.7,-529.9,438.6)mm  err=3.0mm  ref_lag=47.1mm  repeat=1/1  ref_idx=3093  v_cmd=100.0mm/s  |u|=395.7mm/s²  F=1.5N  comfort_raw=1.000  comfort_ctrl=1.000  motion=1.000  step_lim=3.0mm  pinn_ready=False pinn_busy=False
[10:10:38][RunControl][INFO] [Step 7150] pos=(114.2,-514.3,438.9)mm  mpc_target=(113.3,-511.5,439.0)mm  err=3.0mm  ref_lag=29.9mm  repeat=1/1  ref_idx=3120  v_cmd=100.0mm/s  |u|=257.6mm/s²  F=0.6N  comfort_raw=1.000  comfort_ctrl=1.000  motion=1.000  step_lim=3.0mm  pinn_ready=False pinn_busy=False
[10:10:40][RunControl][INFO] [Step 7200] pos=(104.2,-498.7,439.4)mm  mpc_target=(101.7,-497.1,439.5)mm  err=3.0mm  ref_lag=23.4mm  repeat=1/1  ref_idx=3163  v_cmd=100.0mm/s  |u|=231.0mm/s²  F=1.9N  comfort_raw=0.999  comfort_ctrl=1.000  motion=1.000  step_lim=3.0mm  pinn_ready=False pinn_busy=False
[10:10:41][RunControl][INFO] [Step 7250] pos=(86.7,-492.7,439.7)mm  mpc_target=(83.8,-491.9,439.7)mm  err=3.0mm  ref_lag=25.6mm  repeat=1/1  ref_idx=3208  v_cmd=100.0mm/s  |u|=242.6mm/s²  F=1.5N  comfort_raw=1.000  comfort_ctrl=1.000  motion=1.000  step_lim=3.0mm  pinn_ready=False pinn_busy=False
[10:10:43][RunControl][INFO] [Step 7300] pos=(68.1,-489.7,439.8)mm  mpc_target=(65.1,-489.3,439.8)mm  err=3.0mm  ref_lag=25.6mm  repeat=1/1  ref_idx=3251  v_cmd=100.0mm/s  |u|=244.6mm/s²  F=1.5N  comfort_raw=1.000  comfort_ctrl=1.000  motion=1.000  step_lim=3.0mm  pinn_ready=False pinn_busy=False
[10:10:44][RunControl][INFO] [Step 7350] pos=(49.2,-488.1,439.9)mm  mpc_target=(46.2,-487.9,439.9)mm  err=3.0mm  ref_lag=25.9mm  repeat=1/1  ref_idx=3294  v_cmd=100.0mm/s  |u|=246.8mm/s²  F=1.3N  comfort_raw=1.000  comfort_ctrl=1.000  motion=1.000  step_lim=3.0mm  pinn_ready=False pinn_busy=False
[10:10:46][RunControl][INFO] [Step 7400] pos=(30.4,-487.2,439.9)mm  mpc_target=(27.4,-487.0,439.9)mm  err=3.0mm  ref_lag=22.1mm  repeat=1/1  ref_idx=3338  v_cmd=100.0mm/s  |u|=202.2mm/s²  F=1.5N  comfort_raw=0.999  comfort_ctrl=1.000  motion=1.000  step_lim=3.0mm  pinn_ready=False pinn_busy=False
[10:10:47][RunControl][INFO] [Step 7450] pos=(17.5,-486.7,440.0)mm  mpc_target=(17.5,-486.7,440.0)mm  err=0.0mm  ref_lag=3.8mm  repeat=1/1  ref_idx=3388  v_cmd=0.3mm/s  |u|=32.2mm/s²  F=1.6N  comfort_raw=1.000  comfort_ctrl=1.000  motion=1.000  step_lim=3.0mm  pinn_ready=False pinn_busy=False
[10:10:49][RunControl][INFO] [Step 7500] pos=(20.7,-486.5,440.0)mm  mpc_target=(21.4,-486.5,440.0)mm  err=0.7mm  ref_lag=10.7mm  repeat=1/1  ref_idx=3438  v_cmd=24.8mm/s  |u|=113.1mm/s²  F=1.7N  comfort_raw=1.000  comfort_ctrl=1.000  motion=1.000  step_lim=3.0mm  pinn_ready=False pinn_busy=False
[10:10:51][RunControl][INFO] [Step 7550] pos=(34.3,-486.2,440.0)mm  mpc_target=(35.5,-486.2,440.0)mm  err=1.2mm  ref_lag=11.2mm  repeat=1/1  ref_idx=3488  v_cmd=40.5mm/s  |u|=105.6mm/s²  F=1.5N  comfort_raw=1.000  comfort_ctrl=1.000  motion=1.000  step_lim=3.0mm  pinn_ready=False pinn_busy=False
[10:10:52][RunControl][INFO] [Step 7600] pos=(42.0,-486.1,440.0)mm  mpc_target=(43.7,-486.1,440.0)mm  err=1.6mm  ref_lag=11.6mm  repeat=1/1  ref_idx=3538  v_cmd=55.0mm/s  |u|=112.3mm/s²  F=1.4N  comfort_raw=1.000  comfort_ctrl=1.000  motion=1.000  step_lim=3.0mm  pinn_ready=False pinn_busy=False
[10:10:54][RunControl][INFO] [Step 7650] pos=(47.6,-486.1,440.0)mm  mpc_target=(47.6,-486.1,440.0)mm  err=0.0mm  ref_lag=2.0mm  repeat=1/1  ref_idx=3588  v_cmd=0.6mm/s  |u|=34.4mm/s²  F=2.1N  comfort_raw=0.999  comfort_ctrl=1.000  motion=1.000  step_lim=3.0mm  pinn_ready=False pinn_busy=False
[10:10:55][RunControl][INFO] [Step 7700] pos=(41.4,-486.1,440.0)mm  mpc_target=(38.4,-486.1,440.0)mm  err=3.0mm  ref_lag=14.7mm  repeat=1/1  ref_idx=3638  v_cmd=100.0mm/s  |u|=146.1mm/s²  F=1.4N  comfort_raw=1.000  comfort_ctrl=1.000  motion=1.000  step_lim=3.0mm  pinn_ready=False pinn_busy=False
[10:10:57][RunControl][INFO] [Step 7750] pos=(33.9,-486.1,440.0)mm  mpc_target=(33.9,-486.1,440.0)mm  err=0.0mm  ref_lag=2.4mm  repeat=1/1  ref_idx=3688  v_cmd=0.4mm/s  |u|=24.8mm/s²  F=1.5N  comfort_raw=1.000  comfort_ctrl=1.000  motion=1.000  step_lim=3.0mm  pinn_ready=False pinn_busy=False
[10:10:58][RunControl][INFO] [Step 7800] pos=(39.4,-486.0,440.0)mm  mpc_target=(42.4,-486.0,440.0)mm  err=3.0mm  ref_lag=18.7mm  repeat=1/1  ref_idx=3738  v_cmd=100.0mm/s  |u|=229.9mm/s²  F=2.1N  comfort_raw=0.998  comfort_ctrl=1.000  motion=1.000  step_lim=3.0mm  pinn_ready=False pinn_busy=False
[10:11:00][RunControl][INFO] [Step 7850] pos=(58.2,-486.0,440.0)mm  mpc_target=(61.2,-486.0,440.0)mm  err=3.0mm  ref_lag=22.5mm  repeat=1/1  ref_idx=3785  v_cmd=100.0mm/s  |u|=224.0mm/s²  F=1.6N  comfort_raw=1.000  comfort_ctrl=1.000  motion=1.000  step_lim=3.0mm  pinn_ready=False pinn_busy=False
[10:11:01][RunControl][INFO] [Step 7900] pos=(77.0,-486.0,440.0)mm  mpc_target=(80.0,-486.0,440.0)mm  err=3.0mm  ref_lag=18.6mm  repeat=1/1  ref_idx=3834  v_cmd=100.0mm/s  |u|=184.4mm/s²  F=2.4N  comfort_raw=0.989  comfort_ctrl=1.000  motion=1.000  step_lim=3.0mm  pinn_ready=False pinn_busy=False
[10:11:03][RunControl][INFO] [Step 7950] pos=(95.2,-486.7,440.0)mm  mpc_target=(96.7,-489.3,440.0)mm  err=3.0mm  ref_lag=25.9mm  repeat=1/1  ref_idx=3884  v_cmd=100.0mm/s  |u|=510.5mm/s²  F=1.7N  comfort_raw=1.000  comfort_ctrl=1.000  motion=1.000  step_lim=3.0mm  pinn_ready=False pinn_busy=False
[10:11:04][RunControl][INFO] [Step 8000] pos=(100.3,-504.2,440.0)mm  mpc_target=(101.2,-507.0,440.0)mm  err=3.0mm  ref_lag=50.0mm  repeat=1/1  ref_idx=3906  v_cmd=100.0mm/s  |u|=525.4mm/s²  F=1.4N  comfort_raw=1.000  comfort_ctrl=1.000  motion=1.000  step_lim=3.0mm  pinn_ready=False pinn_busy=False
[10:11:06][RunControl][INFO] [Step 8050] pos=(104.4,-522.4,440.0)mm  mpc_target=(105.2,-525.3,440.0)mm  err=3.0mm  ref_lag=50.9mm  repeat=1/1  ref_idx=3918  v_cmd=100.0mm/s  |u|=527.3mm/s²  F=2.2N  comfort_raw=0.998  comfort_ctrl=1.000  motion=1.000  step_lim=3.0mm  pinn_ready=False pinn_busy=False
[10:11:07][RunControl][INFO] [Step 8100] pos=(108.3,-540.7,440.0)mm  mpc_target=(109.1,-543.6,440.0)mm  err=3.0mm  ref_lag=51.4mm  repeat=1/1  ref_idx=3929  v_cmd=100.0mm/s  |u|=530.4mm/s²  F=1.5N  comfort_raw=1.000  comfort_ctrl=1.000  motion=1.000  step_lim=3.0mm  pinn_ready=False pinn_busy=False
[10:11:09][RunControl][INFO] [Step 8150] pos=(112.3,-559.1,440.0)mm  mpc_target=(113.1,-562.0,440.0)mm  err=3.0mm  ref_lag=52.2mm  repeat=1/1  ref_idx=3940  v_cmd=100.0mm/s  |u|=531.9mm/s²  F=1.5N  comfort_raw=1.000  comfort_ctrl=1.000  motion=1.000  step_lim=3.0mm  pinn_ready=False pinn_busy=False
[10:11:10][RunControl][INFO] [Step 8200] pos=(116.3,-577.4,440.0)mm  mpc_target=(117.1,-580.3,440.0)mm  err=3.0mm  ref_lag=50.6mm  repeat=1/1  ref_idx=3950  v_cmd=100.0mm/s  |u|=532.6mm/s²  F=1.9N  comfort_raw=0.998  comfort_ctrl=1.000  motion=1.000  step_lim=3.0mm  pinn_ready=False pinn_busy=False
[10:11:12][RunControl][INFO] [Step 8250] pos=(120.3,-595.8,440.0)mm  mpc_target=(121.1,-598.7,440.0)mm  err=3.0mm  ref_lag=52.6mm  repeat=1/1  ref_idx=3961  v_cmd=100.0mm/s  |u|=532.6mm/s²  F=2.1N  comfort_raw=0.999  comfort_ctrl=1.000  motion=1.000  step_lim=3.0mm  pinn_ready=False pinn_busy=False
[10:11:13][RunControl][INFO] [Step 8300] pos=(124.1,-614.1,440.0)mm  mpc_target=(124.9,-617.0,440.0)mm  err=3.0mm  ref_lag=50.7mm  repeat=1/1  ref_idx=3971  v_cmd=100.0mm/s  |u|=530.2mm/s²  F=2.2N  comfort_raw=0.994  comfort_ctrl=1.000  motion=1.000  step_lim=3.0mm  pinn_ready=False pinn_busy=False
[10:11:15][RunControl][INFO] [Step 8350] pos=(128.0,-632.4,440.0)mm  mpc_target=(128.7,-635.3,440.0)mm  err=3.0mm  ref_lag=50.4mm  repeat=1/1  ref_idx=3984  v_cmd=100.0mm/s  |u|=526.0mm/s²  F=1.7N  comfort_raw=0.997  comfort_ctrl=1.000  motion=1.000  step_lim=3.0mm  pinn_ready=False pinn_busy=False
[10:11:16][RunControl][INFO] [Step 8400] pos=(131.6,-650.8,440.0)mm  mpc_target=(132.3,-653.7,440.0)mm  err=3.0mm  ref_lag=49.6mm  repeat=1/1  ref_idx=3996  v_cmd=100.0mm/s  |u|=520.0mm/s²  F=2.0N  comfort_raw=0.999  comfort_ctrl=1.000  motion=1.000  step_lim=3.0mm  pinn_ready=False pinn_busy=False
[10:11:18][RunControl][INFO] [Step 8450] pos=(134.7,-669.1,440.0)mm  mpc_target=(135.3,-672.0,439.8)mm  err=3.0mm  ref_lag=49.8mm  repeat=1/1  ref_idx=4009  v_cmd=100.0mm/s  |u|=714.1mm/s²  F=1.5N  comfort_raw=1.000  comfort_ctrl=1.000  motion=1.000  step_lim=3.0mm  pinn_ready=False pinn_busy=False
[10:11:19][RunControl][INFO] [Step 8500] pos=(137.3,-686.8,436.1)mm  mpc_target=(137.7,-689.4,434.6)mm  err=3.0mm  ref_lag=52.9mm  repeat=1/1  ref_idx=4019  v_cmd=100.0mm/s  |u|=712.6mm/s²  F=1.2N  comfort_raw=1.000  comfort_ctrl=1.000  motion=1.000  step_lim=3.0mm  pinn_ready=False pinn_busy=False
[10:11:21][RunControl][INFO] [Step 8550] pos=(139.3,-702.1,426.0)mm  mpc_target=(139.7,-704.3,424.0)mm  err=3.0mm  ref_lag=55.8mm  repeat=1/1  ref_idx=4027  v_cmd=100.0mm/s  |u|=710.0mm/s²  F=2.4N  comfort_raw=0.996  comfort_ctrl=1.000  motion=1.000  step_lim=3.0mm  pinn_ready=False pinn_busy=False
[10:11:22][RunControl][INFO] [Step 8600] pos=(140.9,-714.9,412.5)mm  mpc_target=(141.2,-716.8,410.2)mm  err=3.0mm  ref_lag=54.2mm  repeat=1/1  ref_idx=4034  v_cmd=100.0mm/s  |u|=664.7mm/s²  F=2.1N  comfort_raw=0.996  comfort_ctrl=1.000  motion=1.000  step_lim=3.0mm  pinn_ready=False pinn_busy=False
[10:11:24][RunControl][INFO] [Step 8650] pos=(142.0,-725.3,397.0)mm  mpc_target=(142.2,-726.9,394.5)mm  err=3.0mm  ref_lag=53.2mm  repeat=1/1  ref_idx=4042  v_cmd=100.0mm/s  |u|=599.1mm/s²  F=2.2N  comfort_raw=1.000  comfort_ctrl=1.000  motion=1.000  step_lim=3.0mm  pinn_ready=False pinn_busy=False
[10:11:25][RunControl][INFO] [Step 8700] pos=(142.6,-733.0,380.2)mm  mpc_target=(142.7,-734.4,377.5)mm  err=3.0mm  ref_lag=52.2mm  repeat=1/1  ref_idx=4051  v_cmd=100.0mm/s  |u|=577.8mm/s²  F=1.7N  comfort_raw=1.000  comfort_ctrl=1.000  motion=1.000  step_lim=3.0mm  pinn_ready=False pinn_busy=False
[10:11:27][RunControl][INFO] [Step 8750] pos=(142.8,-738.9,362.8)mm  mpc_target=(142.8,-740.1,360.1)mm  err=3.0mm  ref_lag=52.2mm  repeat=1/1  ref_idx=4061  v_cmd=100.0mm/s  |u|=548.4mm/s²  F=2.2N  comfort_raw=0.997  comfort_ctrl=1.000  motion=1.000  step_lim=3.0mm  pinn_ready=False pinn_busy=False
[10:11:28][RunControl][INFO] [Step 8800] pos=(142.8,-743.4,345.0)mm  mpc_target=(142.7,-744.5,342.2)mm  err=3.0mm  ref_lag=51.6mm  repeat=1/1  ref_idx=4072  v_cmd=100.0mm/s  |u|=538.1mm/s²  F=1.7N  comfort_raw=1.000  comfort_ctrl=1.000  motion=1.000  step_lim=3.0mm  pinn_ready=False pinn_busy=False
[10:11:30][RunControl][INFO] [Step 8850] pos=(142.7,-747.5,327.0)mm  mpc_target=(142.7,-748.4,324.1)mm  err=3.0mm  ref_lag=50.1mm  repeat=1/1  ref_idx=4083  v_cmd=100.0mm/s  |u|=529.6mm/s²  F=2.2N  comfort_raw=0.998  comfort_ctrl=1.000  motion=1.000  step_lim=3.0mm  pinn_ready=False pinn_busy=False
[10:11:31][RunControl][INFO] [Step 8900] pos=(142.9,-751.1,308.9)mm  mpc_target=(143.0,-751.9,306.0)mm  err=3.0mm  ref_lag=49.7mm  repeat=1/1  ref_idx=4096  v_cmd=100.0mm/s  |u|=510.2mm/s²  F=2.2N  comfort_raw=0.998  comfort_ctrl=1.000  motion=1.000  step_lim=3.0mm  pinn_ready=False pinn_busy=False
[10:11:33][RunControl][INFO] [Step 8950] pos=(143.7,-753.4,290.4)mm  mpc_target=(143.9,-753.8,287.4)mm  err=3.0mm  ref_lag=46.3mm  repeat=1/1  ref_idx=4110  v_cmd=100.0mm/s  |u|=506.6mm/s²  F=2.1N  comfort_raw=0.999  comfort_ctrl=1.000  motion=1.000  step_lim=3.0mm  pinn_ready=False pinn_busy=False
[10:11:34][RunControl][INFO] [Step 9000] pos=(145.1,-753.1,271.6)mm  mpc_target=(145.4,-752.6,268.6)mm  err=3.0mm  ref_lag=42.1mm  repeat=1/1  ref_idx=4130  v_cmd=100.0mm/s  |u|=485.0mm/s²  F=2.2N  comfort_raw=0.994  comfort_ctrl=1.000  motion=1.000  step_lim=3.0mm  pinn_ready=False pinn_busy=False
[10:11:36][RunControl][INFO] [Step 9050] pos=(146.6,-748.1,253.4)mm  mpc_target=(146.8,-746.6,250.8)mm  err=3.0mm  ref_lag=36.3mm  repeat=1/1  ref_idx=4155  v_cmd=100.0mm/s  |u|=348.9mm/s²  F=2.2N  comfort_raw=0.997  comfort_ctrl=1.000  motion=1.000  step_lim=3.0mm  pinn_ready=False pinn_busy=False
[10:11:37][RunControl][INFO] [Step 9100] pos=(147.4,-735.7,239.2)mm  mpc_target=(147.4,-733.0,238.0)mm  err=3.0mm  ref_lag=24.9mm  repeat=1/1  ref_idx=4191  v_cmd=100.0mm/s  |u|=242.4mm/s²  F=1.8N  comfort_raw=1.000  comfort_ctrl=1.000  motion=1.000  step_lim=3.0mm  pinn_ready=False pinn_busy=False
[10:11:38][RunControl][INFO] 用户中止控制
[10:11:38][RunControl][INFO] === 控制系统已停止 ===
