[07:09:48][RunControl][INFO] 等待反馈稳定 2s...
[07:09:52][RunControl][INFO] 已将当前末端姿态锁定为夹爪向下姿态: rx=-177.40, ry=0.14, rz=-149.99
[07:09:52][ComfortNet][INFO] 舒适度模型已加载: models/comfort_net.pth  [mode=pinn_force, dim=12]
[07:09:52][MPC][INFO] MPC初始化: horizon=20, dt=0.02s, dim=3
[07:09:52][RunControl][INFO] === 控制循环启动 ===
[07:09:52][RunControl][INFO] [Step    0] pos=(77.2,-666.6,265.5)mm  |u|=166.7mm/s²  F=0.6N  comfort=1.000  pinn_ready=False pinn_busy=False
[07:09:52][RunControl][WARNING] 控制循环超时: 128.6ms > 20ms
[07:09:52][RunControl][WARNING] 控制循环超时: 99.5ms > 20ms
[07:09:53][RunControl][WARNING] 控制循环超时: 99.4ms > 20ms
[07:09:53][RunControl][WARNING] 控制循环超时: 91.2ms > 20ms
[07:09:53][RunControl][WARNING] 控制循环超时: 61.8ms > 20ms
[07:09:53][RunControl][WARNING] 控制循环超时: 43.3ms > 20ms
[07:09:53][RunControl][WARNING] 控制循环超时: 55.5ms > 20ms
[07:09:53][RunControl][WARNING] 控制循环超时: 37.2ms > 20ms
[07:09:53][RunControl][WARNING] 控制循环超时: 33.1ms > 20ms
[07:09:53][RunControl][WARNING] 控制循环超时: 31.3ms > 20ms
[07:09:53][RunControl][WARNING] 控制循环超时: 37.6ms > 20ms
[07:09:53][RunControl][WARNING] 控制循环超时: 32.4ms > 20ms
[07:09:53][RunControl][WARNING] 控制循环超时: 37.7ms > 20ms
[07:09:53][RunControl][WARNING] 控制循环超时: 32.0ms > 20ms
[07:09:54][RunControl][INFO] [Step   50] pos=(77.2,-666.6,265.5)mm  |u|=707.1mm/s²  F=0.6N  comfort=1.000  pinn_ready=False pinn_busy=False
[07:09:54][RunControl][WARNING] 控制循环超时: 37.3ms > 20ms
[07:09:54][RunControl][WARNING] 控制循环超时: 57.2ms > 20ms
[07:09:54][RunControl][WARNING] 控制循环超时: 55.6ms > 20ms
[07:09:54][RunControl][WARNING] 控制循环超时: 55.3ms > 20ms
[07:09:54][RunControl][WARNING] 控制循环超时: 44.8ms > 20ms
[07:09:55][RunControl][WARNING] 控制循环超时: 82.4ms > 20ms
[07:09:55][RunControl][WARNING] 控制循环超时: 85.7ms > 20ms
[07:09:55][RunControl][WARNING] 控制循环超时: 30.9ms > 20ms
[07:09:55][RunControl][WARNING] 控制循环超时: 37.9ms > 20ms
[07:09:55][RunControl][WARNING] 控制循环超时: 43.5ms > 20ms
[07:09:55][RunControl][WARNING] 控制循环超时: 61.7ms > 20ms
[07:09:55][RunControl][WARNING] 控制循环超时: 57.4ms > 20ms
[07:09:55][RunControl][WARNING] 控制循环超时: 43.4ms > 20ms
[07:09:55][RunControl][WARNING] 控制循环超时: 37.6ms > 20ms
[07:09:55][RunControl][WARNING] 控制循环超时: 43.5ms > 20ms
[07:09:55][RunControl][WARNING] 控制循环超时: 32.0ms > 20ms
[07:09:55][RunControl][WARNING] 控制循环超时: 43.8ms > 20ms
[07:09:55][RunControl][WARNING] 控制循环超时: 43.1ms > 20ms
[07:09:55][RunControl][WARNING] 控制循环超时: 60.8ms > 20ms
[07:09:55][RunControl][INFO] [Step 100] PINN后台更新已启动 (101帧, epochs=300)
[07:09:55][RunControl][INFO] [Step  100] pos=(77.2,-666.8,265.4)mm  |u|=707.1mm/s²  F=0.6N  comfort=1.000  pinn_ready=False pinn_busy=True
[07:09:55][RunControl][WARNING] 控制循环超时: 32.6ms > 20ms
[07:09:55][RunControl][WARNING] 控制循环超时: 31.4ms > 20ms
[07:09:55][RunControl][WARNING] 控制循环超时: 37.4ms > 20ms
[07:09:55][RunControl][WARNING] 控制循环超时: 36.4ms > 20ms
[07:09:56][RunControl][WARNING] 控制循环超时: 55.6ms > 20ms
[07:09:56][RunControl][WARNING] 控制循环超时: 31.4ms > 20ms
[07:09:56][RunControl][WARNING] 控制循环超时: 31.0ms > 20ms
[07:09:56][RunControl][WARNING] 控制循环超时: 37.5ms > 20ms
[07:09:56][RunControl][WARNING] 控制循环超时: 49.2ms > 20ms
[07:09:56][RunControl][WARNING] 控制循环超时: 37.2ms > 20ms
[07:09:56][RunControl][WARNING] 控制循环超时: 44.4ms > 20ms
[07:09:56][RunControl][WARNING] 控制循环超时: 31.2ms > 20ms
[07:09:56][RunControl][WARNING] 控制循环超时: 30.6ms > 20ms
[07:09:56][RunControl][WARNING] 控制循环超时: 31.0ms > 20ms
[07:09:56][RunControl][WARNING] 控制循环超时: 55.2ms > 20ms
[07:09:56][RunControl][WARNING] 控制循环超时: 39.3ms > 20ms
[07:09:56][RunControl][WARNING] 控制循环超时: 31.8ms > 20ms
[07:09:56][RunControl][WARNING] 控制循环超时: 32.1ms > 20ms
[07:09:56][RunControl][WARNING] 控制循环超时: 33.1ms > 20ms
[07:09:56][RunControl][WARNING] 控制循环超时: 44.1ms > 20ms
[07:09:56][RunControl][WARNING] 控制循环超时: 38.2ms > 20ms
[07:09:56][RunControl][WARNING] 控制循环超时: 37.4ms > 20ms
[07:09:56][RunControl][WARNING] 控制循环超时: 30.9ms > 20ms
[07:09:56][RunControl][WARNING] 控制循环超时: 44.2ms > 20ms
[07:09:56][RunControl][WARNING] 控制循环超时: 36.9ms > 20ms
[07:09:56][RunControl][WARNING] 控制循环超时: 43.1ms > 20ms
[07:09:56][RunControl][WARNING] 控制循环超时: 36.6ms > 20ms
[07:09:56][RunControl][WARNING] 控制循环超时: 43.2ms > 20ms
[07:09:56][RunControl][WARNING] 控制循环超时: 43.8ms > 20ms
[07:09:57][RunControl][WARNING] 控制循环超时: 42.8ms > 20ms
[07:09:57][RunControl][WARNING] 控制循环超时: 43.2ms > 20ms
[07:09:57][RunControl][WARNING] 控制循环超时: 43.3ms > 20ms
[07:09:57][RunControl][WARNING] 控制循环超时: 43.7ms > 20ms
[07:09:57][RunControl][WARNING] 控制循环超时: 42.7ms > 20ms
[07:09:57][RunControl][WARNING] 控制循环超时: 43.5ms > 20ms
[07:09:57][RunControl][WARNING] 控制循环超时: 50.8ms > 20ms
[07:09:57][RunControl][WARNING] 控制循环超时: 43.3ms > 20ms
[07:09:57][RunControl][WARNING] 控制循环超时: 50.6ms > 20ms
[07:09:57][RunControl][WARNING] 控制循环超时: 49.0ms > 20ms
[07:09:57][RunControl][WARNING] 控制循环超时: 50.6ms > 20ms
[07:09:57][RunControl][WARNING] 控制循环超时: 49.5ms > 20ms
[07:09:57][RunControl][WARNING] 控制循环超时: 48.4ms > 20ms
[07:09:57][RunControl][WARNING] 控制循环超时: 50.7ms > 20ms
[07:09:57][RunControl][WARNING] 控制循环超时: 49.5ms > 20ms
[07:09:57][RunControl][WARNING] 控制循环超时: 49.0ms > 20ms
[07:09:57][RunControl][WARNING] 控制循环超时: 48.6ms > 20ms
[07:09:57][RunControl][WARNING] 控制循环超时: 48.9ms > 20ms
[07:09:57][RunControl][WARNING] 控制循环超时: 49.1ms > 20ms
[07:09:57][RunControl][WARNING] 控制循环超时: 49.4ms > 20ms
[07:09:57][RunControl][WARNING] 控制循环超时: 49.8ms > 20ms
[07:09:58][RunControl][INFO] [Step  150] pos=(76.4,-666.8,266.1)mm  |u|=172.3mm/s²  F=0.4N  comfort=1.000  pinn_ready=False pinn_busy=True
[07:09:58][RunControl][WARNING] 控制循环超时: 49.1ms > 20ms
[07:09:58][RunControl][WARNING] 控制循环超时: 49.1ms > 20ms
[07:09:58][RunControl][WARNING] 控制循环超时: 49.4ms > 20ms
[07:09:58][RunControl][WARNING] 控制循环超时: 49.6ms > 20ms
[07:09:58][RunControl][WARNING] 控制循环超时: 49.4ms > 20ms
[07:09:58][RunControl][WARNING] 控制循环超时: 55.7ms > 20ms
[07:09:58][RunControl][WARNING] 控制循环超时: 49.8ms > 20ms
[07:09:58][RunControl][WARNING] 控制循环超时: 49.5ms > 20ms
[07:09:58][RunControl][WARNING] 控制循环超时: 49.0ms > 20ms
[07:09:58][RunControl][WARNING] 控制循环超时: 79.4ms > 20ms
[07:09:58][RunControl][WARNING] 控制循环超时: 42.5ms > 20ms
[07:09:58][RunControl][WARNING] 控制循环超时: 43.5ms > 20ms
[07:09:58][RunControl][WARNING] 控制循环超时: 48.8ms > 20ms
[07:09:58][RunControl][WARNING] 控制循环超时: 49.2ms > 20ms
[07:09:58][RunControl][WARNING] 控制循环超时: 49.9ms > 20ms
[07:09:58][RunControl][WARNING] 控制循环超时: 56.5ms > 20ms
[07:09:58][RunControl][WARNING] 控制循环超时: 37.8ms > 20ms
[07:09:58][RunControl][WARNING] 控制循环超时: 31.2ms > 20ms
[07:09:58][RunControl][WARNING] 控制循环超时: 37.2ms > 20ms
[07:09:59][RunControl][WARNING] 控制循环超时: 31.4ms > 20ms
[07:09:59][RunControl][WARNING] 控制循环超时: 36.9ms > 20ms
[07:09:59][RunControl][WARNING] 控制循环超时: 31.3ms > 20ms
[07:09:59][RunControl][WARNING] 控制循环超时: 31.5ms > 20ms
[07:09:59][RunControl][WARNING] 控制循环超时: 31.3ms > 20ms
[07:09:59][RunControl][WARNING] 控制循环超时: 32.6ms > 20ms
[07:09:59][RunControl][WARNING] 控制循环超时: 44.0ms > 20ms
[07:09:59][RunControl][INFO] [Step  200] pos=(77.1,-666.8,265.5)mm  |u|=707.1mm/s²  F=0.5N  comfort=1.000  pinn_ready=False pinn_busy=True
[07:10:00][RunControl][WARNING] 控制循环超时: 92.1ms > 20ms
[07:10:00][RunControl][WARNING] 控制循环超时: 37.0ms > 20ms
[07:10:00][RunControl][WARNING] 控制循环超时: 115.1ms > 20ms
[07:10:00][RunControl][WARNING] 控制循环超时: 77.5ms > 20ms
[07:10:00][RunControl][WARNING] 控制循环超时: 113.1ms > 20ms
[07:10:00][RunControl][WARNING] 控制循环超时: 74.2ms > 20ms
[07:10:00][RunControl][WARNING] 控制循环超时: 30.4ms > 20ms
[07:10:01][RunControl][WARNING] 控制循环超时: 89.4ms > 20ms
[07:10:01][RunControl][WARNING] 控制循环超时: 150.6ms > 20ms
[07:10:01][RunControl][WARNING] 控制循环超时: 127.6ms > 20ms
[07:10:01][RunControl][INFO] [Step  250] pos=(78.0,-666.8,264.6)mm  |u|=707.1mm/s²  F=0.3N  comfort=1.000  pinn_ready=False pinn_busy=True
[07:10:01][RunControl][WARNING] 控制循环超时: 116.8ms > 20ms
[07:10:01][RunControl][WARNING] 控制循环超时: 137.3ms > 20ms
[07:10:01][RunControl][WARNING] 控制循环超时: 48.8ms > 20ms
[07:10:01][RunControl][WARNING] 控制循环超时: 84.8ms > 20ms
[07:10:02][RunControl][WARNING] 控制循环超时: 130.8ms > 20ms
[07:10:02][RunControl][WARNING] 控制循环超时: 128.1ms > 20ms
[07:10:02][RunControl][WARNING] 控制循环超时: 96.5ms > 20ms
[07:10:02][RunControl][WARNING] 控制循环超时: 87.4ms > 20ms
[07:10:02][RunControl][WARNING] 控制循环超时: 101.9ms > 20ms
[07:10:02][RunControl][WARNING] 控制循环超时: 137.0ms > 20ms
[07:10:02][RunControl][WARNING] 控制循环超时: 59.7ms > 20ms
[07:10:02][RunControl][WARNING] 控制循环超时: 37.5ms > 20ms
[07:10:02][RunControl][WARNING] 控制循环超时: 37.2ms > 20ms
[07:10:02][RunControl][WARNING] 控制循环超时: 50.5ms > 20ms
[07:10:02][RunControl][WARNING] 控制循环超时: 92.4ms > 20ms
[07:10:03][RunControl][WARNING] 控制循环超时: 79.2ms > 20ms
[07:10:03][RunControl][WARNING] 控制循环超时: 86.0ms > 20ms
[07:10:03][RunControl][WARNING] 控制循环超时: 71.3ms > 20ms
[07:10:03][RunControl][WARNING] 控制循环超时: 92.0ms > 20ms
[07:10:03][RunControl][WARNING] 控制循环超时: 66.2ms > 20ms
[07:10:03][RunControl][WARNING] 控制循环超时: 70.5ms > 20ms
[07:10:03][RunControl][WARNING] 控制循环超时: 62.6ms > 20ms
[07:10:03][RunControl][WARNING] 控制循环超时: 117.2ms > 20ms
[07:10:03][RunControl][WARNING] 控制循环超时: 78.9ms > 20ms
[07:10:03][RunControl][WARNING] 控制循环超时: 104.9ms > 20ms
[07:10:03][RunControl][WARNING] 控制循环超时: 76.1ms > 20ms
[07:10:03][RunControl][WARNING] 控制循环超时: 56.5ms > 20ms
[07:10:04][RunControl][WARNING] 控制循环超时: 76.3ms > 20ms
[07:10:04][RunControl][WARNING] 控制循环超时: 83.4ms > 20ms
[07:10:04][RunControl][WARNING] 控制循环超时: 37.4ms > 20ms
[07:10:04][RunControl][WARNING] 控制循环超时: 36.9ms > 20ms
[07:10:04][RunControl][WARNING] 控制循环超时: 76.3ms > 20ms
[07:10:04][RunControl][WARNING] 控制循环超时: 77.2ms > 20ms
[07:10:04][RunControl][WARNING] 控制循环超时: 72.0ms > 20ms
[07:10:04][RunControl][WARNING] 控制循环超时: 84.3ms > 20ms
[07:10:04][RunControl][WARNING] 控制循环超时: 71.2ms > 20ms
[07:10:04][RunControl][WARNING] 控制循环超时: 61.3ms > 20ms
[07:10:04][RunControl][WARNING] 控制循环超时: 103.8ms > 20ms
[07:10:04][RunControl][WARNING] 控制循环超时: 98.7ms > 20ms
[07:10:04][RunControl][WARNING] 控制循环超时: 105.2ms > 20ms
[07:10:05][RunControl][INFO] [Step  300] pos=(79.4,-666.8,263.2)mm  |u|=504.3mm/s²  F=0.3N  comfort=1.000  pinn_ready=False pinn_busy=True
[07:10:05][RunControl][WARNING] 控制循环超时: 101.1ms > 20ms
[07:10:05][RunControl][WARNING] 控制循环超时: 100.5ms > 20ms
[07:10:05][RunControl][WARNING] 控制循环超时: 102.0ms > 20ms
[07:10:05][RunControl][WARNING] 控制循环超时: 73.8ms > 20ms
[07:10:05][RunControl][WARNING] 控制循环超时: 95.8ms > 20ms
[07:10:05][RunControl][WARNING] 控制循环超时: 103.6ms > 20ms
[07:10:05][RunControl][WARNING] 控制循环超时: 116.0ms > 20ms
[07:10:05][RunControl][WARNING] 控制循环超时: 65.4ms > 20ms
[07:10:05][RunControl][WARNING] 控制循环超时: 115.7ms > 20ms
[07:10:05][RunControl][WARNING] 控制循环超时: 60.9ms > 20ms
[07:10:05][RunControl][WARNING] 控制循环超时: 48.7ms > 20ms
[07:10:05][RunControl][WARNING] 控制循环超时: 48.8ms > 20ms
[07:10:06][RunControl][WARNING] 控制循环超时: 48.5ms > 20ms
[07:10:06][RunControl][WARNING] 控制循环超时: 49.1ms > 20ms
[07:10:06][RunControl][WARNING] 控制循环超时: 105.4ms > 20ms
[07:10:06][RunControl][WARNING] 控制循环超时: 111.8ms > 20ms
[07:10:06][RunControl][WARNING] 控制循环超时: 86.0ms > 20ms
[07:10:06][RunControl][WARNING] 控制循环超时: 49.5ms > 20ms
[07:10:06][RunControl][WARNING] 控制循环超时: 112.3ms > 20ms
[07:10:06][RunControl][WARNING] 控制循环超时: 113.5ms > 20ms
[07:10:06][RunControl][WARNING] 控制循环超时: 110.5ms > 20ms
[07:10:06][RunControl][WARNING] 控制循环超时: 102.3ms > 20ms
[07:10:06][RunControl][WARNING] 控制循环超时: 111.9ms > 20ms
[07:10:07][RunControl][WARNING] 控制循环超时: 110.5ms > 20ms
[07:10:07][RunControl][WARNING] 控制循环超时: 94.8ms > 20ms
[07:10:07][RunControl][WARNING] 控制循环超时: 50.0ms > 20ms
[07:10:07][RunControl][WARNING] 控制循环超时: 96.1ms > 20ms
[07:10:07][RunControl][WARNING] 控制循环超时: 182.8ms > 20ms
[07:10:07][RunControl][WARNING] 控制循环超时: 104.3ms > 20ms
[07:10:07][RunControl][WARNING] 控制循环超时: 69.4ms > 20ms
[07:10:07][RunControl][WARNING] 控制循环超时: 42.8ms > 20ms
[07:10:07][RunControl][WARNING] 控制循环超时: 50.1ms > 20ms
[07:10:07][RunControl][WARNING] 控制循环超时: 49.4ms > 20ms
[07:10:07][RunControl][WARNING] 控制循环超时: 147.1ms > 20ms
[07:10:08][RunControl][WARNING] 控制循环超时: 68.8ms > 20ms
[07:10:08][RunControl][WARNING] 控制循环超时: 74.7ms > 20ms
[07:10:08][RunControl][WARNING] 控制循环超时: 63.0ms > 20ms
[07:10:08][RunControl][WARNING] 控制循环超时: 53.8ms > 20ms
[07:10:08][RunControl][WARNING] 控制循环超时: 83.7ms > 20ms
[07:10:08][RunControl][WARNING] 控制循环超时: 47.5ms > 20ms
[07:10:08][RunControl][WARNING] 控制循环超时: 68.5ms > 20ms
[07:10:08][RunControl][WARNING] 控制循环超时: 78.6ms > 20ms
[07:10:08][RunControl][WARNING] 控制循环超时: 59.8ms > 20ms
[07:10:08][RunControl][WARNING] 控制循环超时: 112.9ms > 20ms
[07:10:08][RunControl][INFO] [Step  350] pos=(79.0,-666.8,263.6)mm  |u|=707.1mm/s²  F=0.4N  comfort=1.000  pinn_ready=False pinn_busy=True
[07:10:08][RunControl][WARNING] 控制循环超时: 61.8ms > 20ms
[07:10:09][RunControl][WARNING] 控制循环超时: 58.0ms > 20ms
[07:10:09][RunControl][WARNING] 控制循环超时: 59.8ms > 20ms
[07:10:09][RunControl][WARNING] 控制循环超时: 80.3ms > 20ms
[07:10:09][RunControl][WARNING] 控制循环超时: 125.5ms > 20ms
[07:10:10][RunControl][WARNING] 控制循环超时: 61.5ms > 20ms
[07:10:10][RunControl][WARNING] 控制循环超时: 86.3ms > 20ms
[07:10:10][RunControl][INFO] [Step  400] pos=(78.2,-666.8,264.4)mm  |u|=707.1mm/s²  F=0.3N  comfort=1.000  pinn_ready=False pinn_busy=True
[07:10:10][RunControl][WARNING] 控制循环超时: 131.1ms > 20ms
[07:10:10][RunControl][WARNING] 控制循环超时: 71.7ms > 20ms
[07:10:10][RunControl][WARNING] 控制循环超时: 110.1ms > 20ms
[07:10:10][RunControl][WARNING] 控制循环超时: 32.6ms > 20ms
[07:10:10][RunControl][WARNING] 控制循环超时: 53.5ms > 20ms
[07:10:10][RunControl][WARNING] 控制循环超时: 156.0ms > 20ms
[07:10:11][RunControl][WARNING] 控制循环超时: 81.4ms > 20ms
[07:10:11][RunControl][WARNING] 控制循环超时: 132.4ms > 20ms
[07:10:11][RunControl][WARNING] 控制循环超时: 91.1ms > 20ms
[07:10:11][RunControl][WARNING] 控制循环超时: 88.0ms > 20ms
[07:10:11][RunControl][WARNING] 控制循环超时: 130.5ms > 20ms
[07:10:11][RunControl][WARNING] 控制循环超时: 41.1ms > 20ms
[07:10:11][RunControl][WARNING] 控制循环超时: 78.9ms > 20ms
[07:10:11][RunControl][WARNING] 控制循环超时: 110.2ms > 20ms
[07:10:11][RunControl][WARNING] 控制循环超时: 63.0ms > 20ms
[07:10:12][RunControl][WARNING] 控制循环超时: 118.1ms > 20ms
[07:10:12][RunControl][WARNING] 控制循环超时: 74.3ms > 20ms
[07:10:12][RunControl][WARNING] 控制循环超时: 73.4ms > 20ms
[07:10:12][RunControl][WARNING] 控制循环超时: 115.9ms > 20ms
[07:10:12][RunControl][WARNING] 控制循环超时: 69.2ms > 20ms
[07:10:12][RunControl][WARNING] 控制循环超时: 71.8ms > 20ms
[07:10:12][RunControl][WARNING] 控制循环超时: 94.7ms > 20ms
[07:10:12][RunControl][WARNING] 控制循环超时: 38.6ms > 20ms
[07:10:12][RunControl][WARNING] 控制循环超时: 77.8ms > 20ms
[07:10:12][RunControl][WARNING] 控制循环超时: 69.3ms > 20ms
[07:10:12][RunControl][WARNING] 控制循环超时: 81.8ms > 20ms
[07:10:12][RunControl][WARNING] 控制循环超时: 78.2ms > 20ms
[07:10:13][RunControl][WARNING] 控制循环超时: 83.8ms > 20ms
[07:10:13][RunControl][WARNING] 控制循环超时: 68.7ms > 20ms
[07:10:13][RunControl][WARNING] 控制循环超时: 87.2ms > 20ms
[07:10:13][RunControl][INFO] [Step  450] pos=(76.9,-666.8,265.8)mm  |u|=707.1mm/s²  F=1.9N  comfort=1.000  pinn_ready=False pinn_busy=True
[07:10:13][RunControl][WARNING] 控制循环超时: 100.8ms > 20ms
[07:10:13][RunControl][WARNING] 控制循环超时: 83.2ms > 20ms
[07:10:13][RunControl][WARNING] 控制循环超时: 56.9ms > 20ms
[07:10:13][RunControl][WARNING] 控制循环超时: 106.5ms > 20ms
[07:10:13][RunControl][WARNING] 控制循环超时: 64.3ms > 20ms
[07:10:13][RunControl][WARNING] 控制循环超时: 37.2ms > 20ms
[07:10:13][RunControl][WARNING] 控制循环超时: 37.2ms > 20ms
[07:10:13][RunControl][WARNING] 控制循环超时: 36.4ms > 20ms
[07:10:13][RunControl][WARNING] 控制循环超时: 74.9ms > 20ms
[07:10:13][RunControl][WARNING] 控制循环超时: 94.6ms > 20ms
[07:10:14][RunControl][WARNING] 控制循环超时: 86.6ms > 20ms
[07:10:14][RunControl][WARNING] 控制循环超时: 70.9ms > 20ms
[07:10:14][RunControl][WARNING] 控制循环超时: 96.7ms > 20ms
[07:10:14][RunControl][WARNING] 控制循环超时: 90.7ms > 20ms
[07:10:14][RunControl][WARNING] 控制循环超时: 102.2ms > 20ms
[07:10:14][RunControl][WARNING] 控制循环超时: 85.5ms > 20ms
[07:10:14][RunControl][WARNING] 控制循环超时: 78.5ms > 20ms
[07:10:14][RunControl][WARNING] 控制循环超时: 105.4ms > 20ms
[07:10:14][RunControl][WARNING] 控制循环超时: 86.2ms > 20ms
[07:10:14][RunControl][WARNING] 控制循环超时: 76.3ms > 20ms
[07:10:14][RunControl][WARNING] 控制循环超时: 114.3ms > 20ms
[07:10:14][RunControl][WARNING] 控制循环超时: 59.7ms > 20ms
[07:10:15][RunControl][WARNING] 控制循环超时: 49.3ms > 20ms
[07:10:15][RunControl][WARNING] 控制循环超时: 43.2ms > 20ms
[07:10:15][RunControl][WARNING] 控制循环超时: 49.8ms > 20ms
[07:10:15][RunControl][WARNING] 控制循环超时: 49.0ms > 20ms
[07:10:15][RunControl][WARNING] 控制循环超时: 50.5ms > 20ms
[07:10:15][RunControl][WARNING] 控制循环超时: 98.4ms > 20ms
[07:10:15][RunControl][WARNING] 控制循环超时: 103.4ms > 20ms
[07:10:15][RunControl][WARNING] 控制循环超时: 108.4ms > 20ms
[07:10:15][RunControl][WARNING] 控制循环超时: 105.9ms > 20ms
[07:10:15][RunControl][WARNING] 控制循环超时: 159.6ms > 20ms
[07:10:15][RunControl][WARNING] 控制循环超时: 95.6ms > 20ms
[07:10:16][RunControl][WARNING] 控制循环超时: 104.5ms > 20ms
[07:10:16][RunControl][WARNING] 控制循环超时: 96.6ms > 20ms
[07:10:16][RunControl][WARNING] 控制循环超时: 108.3ms > 20ms
[07:10:16][RunControl][WARNING] 控制循环超时: 99.8ms > 20ms
[07:10:16][RunControl][WARNING] 控制循环超时: 148.1ms > 20ms
[07:10:16][RunControl][WARNING] 控制循环超时: 84.5ms > 20ms
[07:10:16][RunControl][WARNING] 控制循环超时: 99.3ms > 20ms
[07:10:16][RunControl][WARNING] 控制循环超时: 104.0ms > 20ms
[07:10:16][RunControl][WARNING] 控制循环超时: 49.6ms > 20ms
[07:10:16][RunControl][WARNING] 控制循环超时: 50.7ms > 20ms
[07:10:16][RunControl][WARNING] 控制循环超时: 83.2ms > 20ms
[07:10:17][RunControl][WARNING] 控制循环超时: 139.6ms > 20ms
[07:10:17][RunControl][WARNING] 控制循环超时: 102.1ms > 20ms
[07:10:17][RunControl][WARNING] 控制循环超时: 93.8ms > 20ms
[07:10:17][RunControl][WARNING] 控制循环超时: 105.7ms > 20ms
[07:10:17][RunControl][WARNING] 控制循环超时: 79.2ms > 20ms
[07:10:17][RunControl][WARNING] 控制循环超时: 87.8ms > 20ms
[07:10:17][RunControl][INFO] [Step  500] pos=(76.6,-666.8,266.1)mm  |u|=707.1mm/s²  F=1.0N  comfort=1.000  pinn_ready=False pinn_busy=True
[07:10:17][RunControl][WARNING] 控制循环超时: 84.4ms > 20ms
[07:10:17][RunControl][WARNING] 控制循环超时: 40.4ms > 20ms
[07:10:17][RunControl][WARNING] 控制循环超时: 49.3ms > 20ms
[07:10:17][RunControl][WARNING] 控制循环超时: 65.4ms > 20ms
[07:10:17][RunControl][WARNING] 控制循环超时: 70.5ms > 20ms
[07:10:17][RunControl][WARNING] 控制循环超时: 95.8ms > 20ms
[07:10:18][RunControl][WARNING] 控制循环超时: 68.2ms > 20ms
[07:10:18][RunControl][WARNING] 控制循环超时: 71.0ms > 20ms
[07:10:18][RunControl][WARNING] 控制循环超时: 46.2ms > 20ms
[07:10:18][RunControl][WARNING] 控制循环超时: 92.8ms > 20ms
[07:10:18][RunControl][WARNING] 控制循环超时: 101.7ms > 20ms
[07:10:18][RunControl][WARNING] 控制循环超时: 48.7ms > 20ms
[07:10:18][RunControl][WARNING] 控制循环超时: 74.8ms > 20ms
[07:10:19][RunControl][INFO] [Step  550] pos=(77.5,-666.7,265.2)mm  |u|=707.1mm/s²  F=1.0N  comfort=1.000  pinn_ready=False pinn_busy=True
[07:10:19][RunControl][WARNING] 控制循环超时: 112.6ms > 20ms
[07:10:19][RunControl][WARNING] 控制循环超时: 123.8ms > 20ms
[07:10:19][RunControl][WARNING] 控制循环超时: 58.2ms > 20ms
[07:10:19][RunControl][WARNING] 控制循环超时: 132.9ms > 20ms
[07:10:20][RunControl][WARNING] 控制循环超时: 33.3ms > 20ms
[07:10:20][RunControl][WARNING] 控制循环超时: 32.2ms > 20ms
[07:10:20][RunControl][WARNING] 控制循环超时: 72.2ms > 20ms
[07:10:20][RunControl][WARNING] 控制循环超时: 133.6ms > 20ms
[07:10:20][RunControl][WARNING] 控制循环超时: 75.4ms > 20ms
[07:10:20][RunControl][WARNING] 控制循环超时: 134.2ms > 20ms
[07:10:20][RunControl][WARNING] 控制循环超时: 53.3ms > 20ms
[07:10:20][RunControl][WARNING] 控制循环超时: 145.7ms > 20ms
[07:10:20][RunControl][WARNING] 控制循环超时: 86.7ms > 20ms
[07:10:21][RunControl][WARNING] 控制循环超时: 102.1ms > 20ms
[07:10:21][RunControl][WARNING] 控制循环超时: 52.0ms > 20ms
[07:10:21][RunControl][WARNING] 控制循环超时: 104.3ms > 20ms
[07:10:21][RunControl][WARNING] 控制循环超时: 55.6ms > 20ms
[07:10:21][RunControl][WARNING] 控制循环超时: 128.0ms > 20ms
[07:10:21][RunControl][WARNING] 控制循环超时: 42.7ms > 20ms
[07:10:21][RunControl][WARNING] 控制循环超时: 74.5ms > 20ms
[07:10:21][RunControl][INFO] [Step  600] pos=(78.6,-666.7,264.2)mm  |u|=707.1mm/s²  F=0.7N  comfort=1.000  pinn_ready=False pinn_busy=True
[07:10:21][RunControl][WARNING] 控制循环超时: 73.0ms > 20ms
[07:10:21][RunControl][WARNING] 控制循环超时: 106.9ms > 20ms
[07:10:21][RunControl][WARNING] 控制循环超时: 32.2ms > 20ms
[07:10:21][RunControl][WARNING] 控制循环超时: 38.5ms > 20ms
[07:10:21][RunControl][WARNING] 控制循环超时: 83.3ms > 20ms
[07:10:22][RunControl][WARNING] 控制循环超时: 122.4ms > 20ms
[07:10:22][RunControl][WARNING] 控制循环超时: 85.3ms > 20ms
[07:10:22][RunControl][WARNING] 控制循环超时: 99.5ms > 20ms
[07:10:22][RunControl][WARNING] 控制循环超时: 98.3ms > 20ms
[07:10:22][RunControl][WARNING] 控制循环超时: 47.1ms > 20ms
[07:10:22][RunControl][WARNING] 控制循环超时: 77.7ms > 20ms
[07:10:22][RunControl][WARNING] 控制循环超时: 86.9ms > 20ms
[07:10:22][RunControl][WARNING] 控制循环超时: 46.4ms > 20ms
[07:10:22][RunControl][WARNING] 控制循环超时: 98.6ms > 20ms
[07:10:22][RunControl][WARNING] 控制循环超时: 97.1ms > 20ms
[07:10:22][RunControl][WARNING] 控制循环超时: 81.3ms > 20ms
[07:10:22][RunControl][INFO] 用户中止控制
[07:10:22][RunControl][INFO] === 控制系统已停止 ===
